num decayed parameter tensors: 26, with 1,220,736 parameters
num non-decayed parameter tensors: 13, with 1,664 parameters
using fused AdamW: True
compiling the model... (takes a ~minute)
step 0: train loss 4.1897, val loss 4.1868
iter 0: loss 4.1943, time 32406.98ms, mfu -100.00%
iter 10: loss 3.7434, time 140.84ms, mfu 0.35%
iter 20: loss 3.5793, time 142.63ms, mfu 0.35%
iter 30: loss 3.2972, time 142.18ms, mfu 0.35%
iter 40: loss 3.0624, time 141.83ms, mfu 0.35%
iter 50: loss 2.8745, time 142.78ms, mfu 0.35%
iter 60: loss 2.7541, time 141.89ms, mfu 0.35%
iter 70: loss 2.6868, time 141.67ms, mfu 0.35%
iter 80: loss 2.6524, time 143.61ms, mfu 0.35%
iter 90: loss 2.5917, time 139.97ms, mfu 0.35%
iter 100: loss 2.5667, time 141.83ms, mfu 0.35%
iter 110: loss 2.5487, time 143.94ms, mfu 0.35%
iter 120: loss 2.5811, time 143.47ms, mfu 0.35%
iter 130: loss 2.5143, time 143.40ms, mfu 0.35%
iter 140: loss 2.5153, time 144.16ms, mfu 0.35%
iter 150: loss 2.5122, time 143.00ms, mfu 0.35%
iter 160: loss 2.4719, time 143.45ms, mfu 0.35%
iter 170: loss 2.4895, time 143.40ms, mfu 0.35%
iter 180: loss 2.4858, time 143.95ms, mfu 0.35%
iter 190: loss 2.4868, time 143.84ms, mfu 0.35%
iter 200: loss 2.4597, time 143.78ms, mfu 0.35%
iter 210: loss 2.4529, time 143.68ms, mfu 0.35%
iter 220: loss 2.4741, time 145.11ms, mfu 0.35%
iter 230: loss 2.4463, time 145.86ms, mfu 0.35%
iter 240: loss 2.4367, time 145.67ms, mfu 0.35%
step 250: train loss 2.3997, val loss 2.4093
saving checkpoint to out-shakespeare-baseline
iter 250: loss 2.4042, time 19073.68ms, mfu 0.31%
iter 260: loss 2.4164, time 148.21ms, mfu 0.32%
iter 270: loss 2.4007, time 148.76ms, mfu 0.32%
iter 280: loss 2.4073, time 147.87ms, mfu 0.32%
iter 290: loss 2.3751, time 148.71ms, mfu 0.32%
iter 300: loss 2.3856, time 148.08ms, mfu 0.32%
iter 310: loss 2.3756, time 149.39ms, mfu 0.32%
iter 320: loss 2.3522, time 150.55ms, mfu 0.32%
iter 330: loss 2.3603, time 148.45ms, mfu 0.33%
iter 340: loss 2.3440, time 149.84ms, mfu 0.33%
iter 350: loss 2.3220, time 149.39ms, mfu 0.33%
iter 360: loss 2.3076, time 150.93ms, mfu 0.33%
iter 370: loss 2.3072, time 151.75ms, mfu 0.33%
iter 380: loss 2.3075, time 151.78ms, mfu 0.33%
iter 390: loss 2.2805, time 151.89ms, mfu 0.33%
iter 400: loss 2.2706, time 150.60ms, mfu 0.33%
iter 410: loss 2.2639, time 149.24ms, mfu 0.33%
iter 420: loss 2.2765, time 153.24ms, mfu 0.33%
iter 430: loss 2.2555, time 151.26ms, mfu 0.33%
iter 440: loss 2.2245, time 149.73ms, mfu 0.33%
iter 450: loss 2.2164, time 152.06ms, mfu 0.33%
iter 460: loss 2.2190, time 150.41ms, mfu 0.33%
iter 470: loss 2.1769, time 148.43ms, mfu 0.33%
iter 480: loss 2.2063, time 149.53ms, mfu 0.33%
iter 490: loss 2.1874, time 149.64ms, mfu 0.33%
step 500: train loss 2.0641, val loss 2.1271
saving checkpoint to out-shakespeare-baseline
iter 500: loss 2.1638, time 19239.83ms, mfu 0.30%
iter 510: loss 2.1320, time 148.54ms, mfu 0.30%
iter 520: loss 2.1255, time 148.60ms, mfu 0.30%
iter 530: loss 2.1274, time 148.89ms, mfu 0.31%
iter 540: loss 2.1489, time 148.29ms, mfu 0.31%
iter 550: loss 2.1011, time 148.83ms, mfu 0.31%
iter 560: loss 2.0891, time 148.78ms, mfu 0.32%
iter 570: loss 2.0974, time 149.59ms, mfu 0.32%
iter 580: loss 2.0672, time 148.62ms, mfu 0.32%
iter 590: loss 2.0629, time 147.80ms, mfu 0.32%
iter 600: loss 2.0594, time 148.86ms, mfu 0.32%
iter 610: loss 2.0331, time 148.83ms, mfu 0.32%
iter 620: loss 2.0298, time 148.63ms, mfu 0.32%
iter 630: loss 2.0242, time 149.15ms, mfu 0.33%
iter 640: loss 2.0088, time 148.49ms, mfu 0.33%
iter 650: loss 1.9924, time 148.40ms, mfu 0.33%
iter 660: loss 2.0086, time 147.84ms, mfu 0.33%
iter 670: loss 1.9859, time 147.59ms, mfu 0.33%
iter 680: loss 1.9734, time 148.26ms, mfu 0.33%
iter 690: loss 1.9777, time 147.85ms, mfu 0.33%
iter 700: loss 1.9634, time 148.89ms, mfu 0.33%
iter 710: loss 1.9683, time 149.09ms, mfu 0.33%
iter 720: loss 1.9500, time 147.89ms, mfu 0.33%
iter 730: loss 1.9314, time 148.97ms, mfu 0.33%
iter 740: loss 1.9240, time 149.94ms, mfu 0.33%
step 750: train loss 1.7848, val loss 1.9229
saving checkpoint to out-shakespeare-baseline
iter 750: loss 1.9053, time 19275.15ms, mfu 0.30%
iter 760: loss 1.9395, time 147.37ms, mfu 0.30%
iter 770: loss 1.8971, time 149.90ms, mfu 0.31%
iter 780: loss 1.9005, time 148.69ms, mfu 0.31%
iter 790: loss 1.8693, time 147.57ms, mfu 0.31%
iter 800: loss 1.8732, time 149.38ms, mfu 0.31%
iter 810: loss 1.8665, time 148.01ms, mfu 0.32%
iter 820: loss 1.8652, time 149.52ms, mfu 0.32%
iter 830: loss 1.8604, time 148.02ms, mfu 0.32%
iter 840: loss 1.8419, time 150.27ms, mfu 0.32%
iter 850: loss 1.8473, time 147.34ms, mfu 0.32%
iter 860: loss 1.8356, time 147.25ms, mfu 0.32%
iter 870: loss 1.8451, time 150.04ms, mfu 0.33%
iter 880: loss 1.8150, time 148.66ms, mfu 0.33%
iter 890: loss 1.7978, time 149.04ms, mfu 0.33%
iter 900: loss 1.8267, time 148.06ms, mfu 0.33%
iter 910: loss 1.7729, time 147.21ms, mfu 0.33%
iter 920: loss 1.7890, time 149.27ms, mfu 0.33%
iter 930: loss 1.8090, time 147.86ms, mfu 0.33%
iter 940: loss 1.7974, time 148.23ms, mfu 0.33%
iter 950: loss 1.7780, time 147.58ms, mfu 0.33%
iter 960: loss 1.7855, time 151.18ms, mfu 0.33%
iter 970: loss 1.7751, time 148.75ms, mfu 0.33%
iter 980: loss 1.7581, time 148.93ms, mfu 0.33%
iter 990: loss 1.7345, time 149.37ms, mfu 0.33%
step 1000: train loss 1.6328, val loss 1.8029
saving checkpoint to out-shakespeare-baseline
iter 1000: loss 1.7364, time 19256.21ms, mfu 0.30%
iter 1010: loss 1.7640, time 148.72ms, mfu 0.30%
iter 1020: loss 1.7510, time 148.87ms, mfu 0.31%
iter 1030: loss 1.7609, time 149.56ms, mfu 0.31%
iter 1040: loss 1.7482, time 148.04ms, mfu 0.31%
iter 1050: loss 1.7309, time 148.42ms, mfu 0.31%
iter 1060: loss 1.7370, time 148.36ms, mfu 0.32%
iter 1070: loss 1.7347, time 149.37ms, mfu 0.32%
iter 1080: loss 1.7156, time 149.34ms, mfu 0.32%
iter 1090: loss 1.7149, time 147.21ms, mfu 0.32%
iter 1100: loss 1.7078, time 148.41ms, mfu 0.32%
iter 1110: loss 1.7092, time 149.52ms, mfu 0.32%
iter 1120: loss 1.6857, time 147.33ms, mfu 0.33%
iter 1130: loss 1.6952, time 149.60ms, mfu 0.33%
iter 1140: loss 1.6879, time 147.57ms, mfu 0.33%
iter 1150: loss 1.6717, time 148.12ms, mfu 0.33%
iter 1160: loss 1.6794, time 150.78ms, mfu 0.33%
iter 1170: loss 1.6834, time 147.76ms, mfu 0.33%
iter 1180: loss 1.6791, time 148.06ms, mfu 0.33%
iter 1190: loss 1.6949, time 148.21ms, mfu 0.33%
iter 1200: loss 1.6915, time 147.96ms, mfu 0.33%
iter 1210: loss 1.7194, time 149.16ms, mfu 0.33%
iter 1220: loss 1.6843, time 148.17ms, mfu 0.33%
iter 1230: loss 1.6429, time 147.50ms, mfu 0.33%
iter 1240: loss 1.7095, time 150.65ms, mfu 0.33%
step 1250: train loss 1.5519, val loss 1.7278
saving checkpoint to out-shakespeare-baseline
iter 1250: loss 1.6879, time 19355.44ms, mfu 0.30%
iter 1260: loss 1.6717, time 147.59ms, mfu 0.30%
iter 1270: loss 1.6806, time 150.11ms, mfu 0.31%
iter 1280: loss 1.6926, time 149.91ms, mfu 0.31%
iter 1290: loss 1.6546, time 150.59ms, mfu 0.31%
iter 1300: loss 1.6691, time 148.97ms, mfu 0.31%
iter 1310: loss 1.6843, time 148.91ms, mfu 0.32%
iter 1320: loss 1.6436, time 149.49ms, mfu 0.32%
iter 1330: loss 1.6418, time 149.44ms, mfu 0.32%
iter 1340: loss 1.6349, time 148.39ms, mfu 0.32%
iter 1350: loss 1.6205, time 147.73ms, mfu 0.32%
iter 1360: loss 1.6206, time 150.20ms, mfu 0.32%
iter 1370: loss 1.6196, time 147.79ms, mfu 0.32%
iter 1380: loss 1.6223, time 147.90ms, mfu 0.33%
iter 1390: loss 1.6377, time 149.61ms, mfu 0.33%
iter 1400: loss 1.6320, time 148.15ms, mfu 0.33%
iter 1410: loss 1.6575, time 149.00ms, mfu 0.33%
iter 1420: loss 1.6476, time 147.36ms, mfu 0.33%
iter 1430: loss 1.6291, time 149.82ms, mfu 0.33%
iter 1440: loss 1.6230, time 148.65ms, mfu 0.33%
iter 1450: loss 1.6360, time 148.99ms, mfu 0.33%
iter 1460: loss 1.5943, time 148.98ms, mfu 0.33%
iter 1470: loss 1.6411, time 148.52ms, mfu 0.33%
iter 1480: loss 1.6141, time 148.98ms, mfu 0.33%
iter 1490: loss 1.6355, time 149.85ms, mfu 0.33%
step 1500: train loss 1.4915, val loss 1.6799
saving checkpoint to out-shakespeare-baseline
iter 1500: loss 1.6043, time 19283.06ms, mfu 0.30%
iter 1510: loss 1.6102, time 149.49ms, mfu 0.30%
iter 1520: loss 1.5704, time 148.18ms, mfu 0.31%
iter 1530: loss 1.6083, time 147.85ms, mfu 0.31%
iter 1540: loss 1.6018, time 147.91ms, mfu 0.31%
iter 1550: loss 1.6482, time 149.46ms, mfu 0.31%
iter 1560: loss 1.5907, time 149.31ms, mfu 0.32%
iter 1570: loss 1.5593, time 148.00ms, mfu 0.32%
iter 1580: loss 1.5915, time 149.46ms, mfu 0.32%
iter 1590: loss 1.5762, time 148.87ms, mfu 0.32%
iter 1600: loss 1.5844, time 147.80ms, mfu 0.32%
iter 1610: loss 1.5556, time 149.47ms, mfu 0.32%
iter 1620: loss 1.5897, time 147.26ms, mfu 0.33%
iter 1630: loss 1.5904, time 147.82ms, mfu 0.33%
iter 1640: loss 1.5815, time 148.65ms, mfu 0.33%
iter 1650: loss 1.5774, time 148.95ms, mfu 0.33%
iter 1660: loss 1.6149, time 147.60ms, mfu 0.33%
iter 1670: loss 1.5500, time 149.17ms, mfu 0.33%
iter 1680: loss 1.5612, time 147.83ms, mfu 0.33%
iter 1690: loss 1.5843, time 147.59ms, mfu 0.33%
iter 1700: loss 1.5714, time 149.06ms, mfu 0.33%
iter 1710: loss 1.5595, time 147.80ms, mfu 0.33%
iter 1720: loss 1.5652, time 147.89ms, mfu 0.33%
iter 1730: loss 1.5701, time 149.13ms, mfu 0.33%
iter 1740: loss 1.5598, time 148.38ms, mfu 0.33%
step 1750: train loss 1.4479, val loss 1.6460
saving checkpoint to out-shakespeare-baseline
iter 1750: loss 1.5697, time 19306.50ms, mfu 0.30%
iter 1760: loss 1.5593, time 149.47ms, mfu 0.30%
iter 1770: loss 1.5464, time 148.40ms, mfu 0.31%
iter 1780: loss 1.5437, time 147.48ms, mfu 0.31%
iter 1790: loss 1.5510, time 149.17ms, mfu 0.31%
iter 1800: loss 1.5546, time 150.40ms, mfu 0.31%
iter 1810: loss 1.5678, time 147.59ms, mfu 0.32%
iter 1820: loss 1.5322, time 150.37ms, mfu 0.32%
iter 1830: loss 1.5358, time 147.90ms, mfu 0.32%
iter 1840: loss 1.5175, time 148.37ms, mfu 0.32%
iter 1850: loss 1.5433, time 151.20ms, mfu 0.32%
iter 1860: loss 1.5321, time 148.12ms, mfu 0.32%
iter 1870: loss 1.5500, time 149.45ms, mfu 0.32%
iter 1880: loss 1.5623, time 151.11ms, mfu 0.33%
iter 1890: loss 1.5632, time 148.43ms, mfu 0.33%
iter 1900: loss 1.5284, time 148.75ms, mfu 0.33%
iter 1910: loss 1.5621, time 150.36ms, mfu 0.33%
iter 1920: loss 1.5343, time 147.68ms, mfu 0.33%
iter 1930: loss 1.5485, time 148.49ms, mfu 0.33%
iter 1940: loss 1.5277, time 150.59ms, mfu 0.33%
iter 1950: loss 1.5425, time 148.90ms, mfu 0.33%
iter 1960: loss 1.5116, time 148.13ms, mfu 0.33%
iter 1970: loss 1.5280, time 150.68ms, mfu 0.33%
iter 1980: loss 1.5431, time 148.07ms, mfu 0.33%
iter 1990: loss 1.5283, time 147.24ms, mfu 0.33%
step 2000: train loss 1.4141, val loss 1.6134
saving checkpoint to out-shakespeare-baseline
iter 2000: loss 1.5498, time 19245.42ms, mfu 0.30%
iter 2010: loss 1.5225, time 148.01ms, mfu 0.30%
iter 2020: loss 1.5208, time 150.94ms, mfu 0.31%
iter 2030: loss 1.5012, time 148.68ms, mfu 0.31%
iter 2040: loss 1.5435, time 149.42ms, mfu 0.31%
iter 2050: loss 1.5057, time 148.10ms, mfu 0.31%
iter 2060: loss 1.4979, time 147.76ms, mfu 0.32%
iter 2070: loss 1.5291, time 149.37ms, mfu 0.32%
iter 2080: loss 1.5150, time 148.73ms, mfu 0.32%
iter 2090: loss 1.4772, time 149.60ms, mfu 0.32%
iter 2100: loss 1.5275, time 148.88ms, mfu 0.32%
iter 2110: loss 1.5086, time 150.48ms, mfu 0.32%
iter 2120: loss 1.5091, time 148.60ms, mfu 0.32%
iter 2130: loss 1.5195, time 150.38ms, mfu 0.33%
iter 2140: loss 1.4973, time 148.79ms, mfu 0.33%
iter 2150: loss 1.4939, time 148.21ms, mfu 0.33%
iter 2160: loss 1.5249, time 151.09ms, mfu 0.33%
iter 2170: loss 1.4748, time 148.18ms, mfu 0.33%
iter 2180: loss 1.5267, time 149.41ms, mfu 0.33%
iter 2190: loss 1.4856, time 150.37ms, mfu 0.33%
iter 2200: loss 1.5260, time 148.34ms, mfu 0.33%
iter 2210: loss 1.5109, time 149.07ms, mfu 0.33%
iter 2220: loss 1.5269, time 147.71ms, mfu 0.33%
iter 2230: loss 1.5214, time 148.02ms, mfu 0.33%
iter 2240: loss 1.4820, time 150.49ms, mfu 0.33%
step 2250: train loss 1.3880, val loss 1.5883
saving checkpoint to out-shakespeare-baseline
iter 2250: loss 1.4962, time 19285.14ms, mfu 0.30%
iter 2260: loss 1.4925, time 148.41ms, mfu 0.30%
iter 2270: loss 1.5081, time 149.58ms, mfu 0.31%
iter 2280: loss 1.4781, time 148.92ms, mfu 0.31%
iter 2290: loss 1.4695, time 148.18ms, mfu 0.31%
iter 2300: loss 1.5032, time 149.36ms, mfu 0.31%
iter 2310: loss 1.4657, time 147.69ms, mfu 0.32%
iter 2320: loss 1.5441, time 147.96ms, mfu 0.32%
iter 2330: loss 1.4649, time 150.18ms, mfu 0.32%
iter 2340: loss 1.4875, time 149.32ms, mfu 0.32%
iter 2350: loss 1.5041, time 147.99ms, mfu 0.32%
iter 2360: loss 1.4590, time 151.27ms, mfu 0.32%
iter 2370: loss 1.4756, time 147.85ms, mfu 0.32%
iter 2380: loss 1.4886, time 149.50ms, mfu 0.33%
iter 2390: loss 1.5023, time 150.16ms, mfu 0.33%
iter 2400: loss 1.5065, time 148.34ms, mfu 0.33%
iter 2410: loss 1.4881, time 148.42ms, mfu 0.33%
iter 2420: loss 1.4845, time 149.68ms, mfu 0.33%
iter 2430: loss 1.4808, time 149.60ms, mfu 0.33%
iter 2440: loss 1.4686, time 147.58ms, mfu 0.33%
iter 2450: loss 1.4646, time 146.92ms, mfu 0.33%
iter 2460: loss 1.5182, time 148.99ms, mfu 0.33%
iter 2470: loss 1.4737, time 148.96ms, mfu 0.33%
iter 2480: loss 1.4693, time 148.18ms, mfu 0.33%
iter 2490: loss 1.5054, time 148.52ms, mfu 0.33%
step 2500: train loss 1.3665, val loss 1.5815
saving checkpoint to out-shakespeare-baseline
iter 2500: loss 1.4435, time 19260.66ms, mfu 0.30%
iter 2510: loss 1.4821, time 148.33ms, mfu 0.30%
iter 2520: loss 1.4719, time 148.14ms, mfu 0.31%
iter 2530: loss 1.4794, time 148.81ms, mfu 0.31%
iter 2540: loss 1.4813, time 148.58ms, mfu 0.31%
iter 2550: loss 1.4573, time 150.41ms, mfu 0.31%
iter 2560: loss 1.4671, time 149.46ms, mfu 0.32%
iter 2570: loss 1.4821, time 147.76ms, mfu 0.32%
iter 2580: loss 1.4522, time 148.90ms, mfu 0.32%
iter 2590: loss 1.4675, time 149.35ms, mfu 0.32%
iter 2600: loss 1.4456, time 151.10ms, mfu 0.32%
iter 2610: loss 1.4658, time 147.81ms, mfu 0.32%
iter 2620: loss 1.4985, time 148.61ms, mfu 0.32%
iter 2630: loss 1.4729, time 150.08ms, mfu 0.33%
iter 2640: loss 1.4761, time 148.05ms, mfu 0.33%
iter 2650: loss 1.4822, time 149.81ms, mfu 0.33%
iter 2660: loss 1.4582, time 147.97ms, mfu 0.33%
iter 2670: loss 1.4808, time 148.81ms, mfu 0.33%
iter 2680: loss 1.4475, time 149.78ms, mfu 0.33%
iter 2690: loss 1.4458, time 149.57ms, mfu 0.33%
iter 2700: loss 1.4356, time 148.96ms, mfu 0.33%
iter 2710: loss 1.4623, time 150.11ms, mfu 0.33%
iter 2720: loss 1.4632, time 147.72ms, mfu 0.33%
iter 2730: loss 1.4787, time 149.85ms, mfu 0.33%
iter 2740: loss 1.4626, time 147.63ms, mfu 0.33%
step 2750: train loss 1.3489, val loss 1.5671
saving checkpoint to out-shakespeare-baseline
iter 2750: loss 1.4744, time 19303.40ms, mfu 0.30%
iter 2760: loss 1.4463, time 148.33ms, mfu 0.30%
iter 2770: loss 1.4603, time 150.56ms, mfu 0.31%
iter 2780: loss 1.4362, time 147.49ms, mfu 0.31%
iter 2790: loss 1.4857, time 149.36ms, mfu 0.31%
iter 2800: loss 1.4774, time 149.52ms, mfu 0.31%
iter 2810: loss 1.4596, time 147.19ms, mfu 0.32%
iter 2820: loss 1.4696, time 149.44ms, mfu 0.32%
iter 2830: loss 1.4272, time 148.42ms, mfu 0.32%
iter 2840: loss 1.4309, time 148.04ms, mfu 0.32%
iter 2850: loss 1.4677, time 149.60ms, mfu 0.32%
iter 2860: loss 1.4258, time 148.37ms, mfu 0.32%
iter 2870: loss 1.4374, time 148.68ms, mfu 0.33%
iter 2880: loss 1.4396, time 150.36ms, mfu 0.33%
iter 2890: loss 1.4348, time 147.30ms, mfu 0.33%
iter 2900: loss 1.4321, time 148.40ms, mfu 0.33%
iter 2910: loss 1.4046, time 151.05ms, mfu 0.33%
iter 2920: loss 1.4668, time 148.39ms, mfu 0.33%
iter 2930: loss 1.4571, time 148.85ms, mfu 0.33%
iter 2940: loss 1.4577, time 149.62ms, mfu 0.33%
iter 2950: loss 1.4581, time 148.32ms, mfu 0.33%
iter 2960: loss 1.4382, time 148.02ms, mfu 0.33%
iter 2970: loss 1.4766, time 150.69ms, mfu 0.33%
iter 2980: loss 1.4470, time 149.58ms, mfu 0.33%
iter 2990: loss 1.4209, time 148.58ms, mfu 0.33%
step 3000: train loss 1.3332, val loss 1.5453
saving checkpoint to out-shakespeare-baseline
iter 3000: loss 1.4496, time 19211.52ms, mfu 0.30%
iter 3010: loss 1.4551, time 149.16ms, mfu 0.30%
iter 3020: loss 1.4560, time 147.66ms, mfu 0.31%
iter 3030: loss 1.4412, time 149.36ms, mfu 0.31%
iter 3040: loss 1.4439, time 149.68ms, mfu 0.31%
iter 3050: loss 1.4226, time 149.09ms, mfu 0.31%
iter 3060: loss 1.4094, time 149.26ms, mfu 0.32%
iter 3070: loss 1.4348, time 148.41ms, mfu 0.32%
iter 3080: loss 1.4438, time 147.02ms, mfu 0.32%
iter 3090: loss 1.4453, time 149.75ms, mfu 0.32%
iter 3100: loss 1.4216, time 148.85ms, mfu 0.32%
iter 3110: loss 1.4566, time 147.90ms, mfu 0.32%
iter 3120: loss 1.4429, time 147.28ms, mfu 0.33%
iter 3130: loss 1.4628, time 149.92ms, mfu 0.33%
iter 3140: loss 1.4329, time 148.24ms, mfu 0.33%
iter 3150: loss 1.4333, time 148.23ms, mfu 0.33%
iter 3160: loss 1.4394, time 148.30ms, mfu 0.33%
iter 3170: loss 1.4315, time 148.15ms, mfu 0.33%
iter 3180: loss 1.4380, time 148.27ms, mfu 0.33%
iter 3190: loss 1.4346, time 148.94ms, mfu 0.33%
iter 3200: loss 1.4396, time 147.47ms, mfu 0.33%
iter 3210: loss 1.4438, time 150.53ms, mfu 0.33%
iter 3220: loss 1.3855, time 148.10ms, mfu 0.33%
iter 3230: loss 1.4653, time 147.43ms, mfu 0.33%
iter 3240: loss 1.4294, time 150.66ms, mfu 0.33%
step 3250: train loss 1.3200, val loss 1.5382
saving checkpoint to out-shakespeare-baseline
iter 3250: loss 1.4277, time 19301.10ms, mfu 0.30%
iter 3260: loss 1.4399, time 150.57ms, mfu 0.30%
iter 3270: loss 1.4554, time 147.85ms, mfu 0.31%
iter 3280: loss 1.4238, time 149.05ms, mfu 0.31%
iter 3290: loss 1.3933, time 149.94ms, mfu 0.31%
iter 3300: loss 1.4246, time 147.86ms, mfu 0.31%
iter 3310: loss 1.4108, time 148.54ms, mfu 0.32%
iter 3320: loss 1.4432, time 148.84ms, mfu 0.32%
iter 3330: loss 1.4329, time 148.63ms, mfu 0.32%
iter 3340: loss 1.4002, time 150.07ms, mfu 0.32%
iter 3350: loss 1.4110, time 147.39ms, mfu 0.32%
iter 3360: loss 1.4017, time 148.26ms, mfu 0.32%
iter 3370: loss 1.4189, time 149.17ms, mfu 0.33%
iter 3380: loss 1.3903, time 147.54ms, mfu 0.33%
iter 3390: loss 1.4412, time 148.25ms, mfu 0.33%
iter 3400: loss 1.4270, time 149.24ms, mfu 0.33%
iter 3410: loss 1.4369, time 147.77ms, mfu 0.33%
iter 3420: loss 1.4340, time 147.98ms, mfu 0.33%
iter 3430: loss 1.4174, time 150.15ms, mfu 0.33%
iter 3440: loss 1.4232, time 148.19ms, mfu 0.33%
iter 3450: loss 1.4111, time 148.24ms, mfu 0.33%
iter 3460: loss 1.4393, time 150.46ms, mfu 0.33%
iter 3470: loss 1.4767, time 148.78ms, mfu 0.33%
iter 3480: loss 1.3921, time 148.97ms, mfu 0.33%
iter 3490: loss 1.3923, time 147.79ms, mfu 0.33%
step 3500: train loss 1.3080, val loss 1.5335
saving checkpoint to out-shakespeare-baseline
iter 3500: loss 1.3935, time 19244.96ms, mfu 0.30%
iter 3510: loss 1.4017, time 149.74ms, mfu 0.30%
iter 3520: loss 1.4177, time 148.44ms, mfu 0.31%
iter 3530: loss 1.4082, time 150.14ms, mfu 0.31%
iter 3540: loss 1.4099, time 148.57ms, mfu 0.31%
iter 3550: loss 1.4441, time 148.79ms, mfu 0.31%
iter 3560: loss 1.4102, time 150.05ms, mfu 0.32%
iter 3570: loss 1.4035, time 148.40ms, mfu 0.32%
iter 3580: loss 1.4278, time 148.90ms, mfu 0.32%
iter 3590: loss 1.4196, time 149.98ms, mfu 0.32%
iter 3600: loss 1.4077, time 150.18ms, mfu 0.32%
iter 3610: loss 1.3808, time 147.63ms, mfu 0.32%
iter 3620: loss 1.4018, time 148.92ms, mfu 0.32%
iter 3630: loss 1.4513, time 149.92ms, mfu 0.33%
iter 3640: loss 1.4157, time 149.47ms, mfu 0.33%
iter 3650: loss 1.4068, time 148.56ms, mfu 0.33%
iter 3660: loss 1.4267, time 149.76ms, mfu 0.33%
iter 3670: loss 1.3915, time 150.07ms, mfu 0.33%
iter 3680: loss 1.4105, time 148.22ms, mfu 0.33%
iter 3690: loss 1.3932, time 150.03ms, mfu 0.33%
iter 3700: loss 1.3750, time 148.38ms, mfu 0.33%
iter 3710: loss 1.4340, time 149.02ms, mfu 0.33%
iter 3720: loss 1.4161, time 149.43ms, mfu 0.33%
iter 3730: loss 1.4235, time 147.88ms, mfu 0.33%
iter 3740: loss 1.3943, time 149.41ms, mfu 0.33%
step 3750: train loss 1.2970, val loss 1.5209
saving checkpoint to out-shakespeare-baseline
iter 3750: loss 1.3793, time 19390.01ms, mfu 0.30%
iter 3760: loss 1.4205, time 149.49ms, mfu 0.30%
iter 3770: loss 1.3939, time 147.99ms, mfu 0.31%
iter 3780: loss 1.4131, time 148.77ms, mfu 0.31%
iter 3790: loss 1.4037, time 150.08ms, mfu 0.31%
iter 3800: loss 1.3982, time 147.78ms, mfu 0.31%
iter 3810: loss 1.3963, time 148.38ms, mfu 0.32%
iter 3820: loss 1.4023, time 149.04ms, mfu 0.32%
iter 3830: loss 1.4105, time 147.60ms, mfu 0.32%
iter 3840: loss 1.3877, time 148.51ms, mfu 0.32%
iter 3850: loss 1.3815, time 149.11ms, mfu 0.32%
iter 3860: loss 1.3988, time 147.80ms, mfu 0.32%
iter 3870: loss 1.4084, time 147.90ms, mfu 0.33%
iter 3880: loss 1.4129, time 149.49ms, mfu 0.33%
iter 3890: loss 1.3883, time 147.70ms, mfu 0.33%
iter 3900: loss 1.4182, time 148.25ms, mfu 0.33%
iter 3910: loss 1.3986, time 150.10ms, mfu 0.33%
iter 3920: loss 1.3661, time 147.90ms, mfu 0.33%
iter 3930: loss 1.3832, time 148.71ms, mfu 0.33%
iter 3940: loss 1.4094, time 150.62ms, mfu 0.33%
iter 3950: loss 1.3696, time 148.62ms, mfu 0.33%
iter 3960: loss 1.3860, time 148.12ms, mfu 0.33%
iter 3970: loss 1.4106, time 148.95ms, mfu 0.33%
iter 3980: loss 1.4010, time 150.36ms, mfu 0.33%
iter 3990: loss 1.4190, time 147.77ms, mfu 0.33%
step 4000: train loss 1.2889, val loss 1.5245
iter 4000: loss 1.3952, time 19185.57ms, mfu 0.30%
iter 4010: loss 1.4048, time 147.75ms, mfu 0.30%
iter 4020: loss 1.3947, time 148.77ms, mfu 0.31%
iter 4030: loss 1.4070, time 149.54ms, mfu 0.31%
iter 4040: loss 1.4205, time 148.28ms, mfu 0.31%
iter 4050: loss 1.3864, time 148.31ms, mfu 0.31%
iter 4060: loss 1.3854, time 149.08ms, mfu 0.32%
iter 4070: loss 1.3973, time 149.60ms, mfu 0.32%
iter 4080: loss 1.3924, time 148.80ms, mfu 0.32%
iter 4090: loss 1.4129, time 148.46ms, mfu 0.32%
iter 4100: loss 1.4180, time 148.55ms, mfu 0.32%
iter 4110: loss 1.4193, time 147.96ms, mfu 0.32%
iter 4120: loss 1.3832, time 149.72ms, mfu 0.33%
iter 4130: loss 1.4086, time 148.93ms, mfu 0.33%
iter 4140: loss 1.3685, time 148.12ms, mfu 0.33%
iter 4150: loss 1.3813, time 149.62ms, mfu 0.33%
iter 4160: loss 1.3685, time 147.64ms, mfu 0.33%
iter 4170: loss 1.4241, time 148.16ms, mfu 0.33%
iter 4180: loss 1.3790, time 150.35ms, mfu 0.33%
iter 4190: loss 1.4023, time 147.46ms, mfu 0.33%
iter 4200: loss 1.4042, time 148.36ms, mfu 0.33%
iter 4210: loss 1.4021, time 150.93ms, mfu 0.33%
iter 4220: loss 1.3897, time 147.26ms, mfu 0.33%
iter 4230: loss 1.3817, time 147.32ms, mfu 0.33%
iter 4240: loss 1.4039, time 149.48ms, mfu 0.33%
step 4250: train loss 1.2798, val loss 1.5159
saving checkpoint to out-shakespeare-baseline
iter 4250: loss 1.4234, time 19278.89ms, mfu 0.30%
iter 4260: loss 1.3846, time 149.54ms, mfu 0.30%
iter 4270: loss 1.3981, time 148.37ms, mfu 0.31%
iter 4280: loss 1.4000, time 149.14ms, mfu 0.31%
iter 4290: loss 1.3837, time 147.68ms, mfu 0.31%
iter 4300: loss 1.3814, time 149.39ms, mfu 0.31%
iter 4310: loss 1.4125, time 148.55ms, mfu 0.32%
iter 4320: loss 1.3794, time 148.79ms, mfu 0.32%
iter 4330: loss 1.3797, time 148.04ms, mfu 0.32%
iter 4340: loss 1.3870, time 148.64ms, mfu 0.32%
iter 4350: loss 1.4399, time 150.40ms, mfu 0.32%
iter 4360: loss 1.3897, time 148.07ms, mfu 0.32%
iter 4370: loss 1.3775, time 148.01ms, mfu 0.33%
iter 4380: loss 1.3791, time 148.93ms, mfu 0.33%
iter 4390: loss 1.3939, time 148.12ms, mfu 0.33%
iter 4400: loss 1.4125, time 149.30ms, mfu 0.33%
iter 4410: loss 1.4019, time 149.04ms, mfu 0.33%
iter 4420: loss 1.3818, time 147.49ms, mfu 0.33%
iter 4430: loss 1.3877, time 148.15ms, mfu 0.33%
iter 4440: loss 1.3708, time 150.65ms, mfu 0.33%
iter 4450: loss 1.3735, time 148.56ms, mfu 0.33%
iter 4460: loss 1.3587, time 148.54ms, mfu 0.33%
iter 4470: loss 1.3598, time 150.23ms, mfu 0.33%
iter 4480: loss 1.3863, time 148.29ms, mfu 0.33%
iter 4490: loss 1.3482, time 148.84ms, mfu 0.33%
step 4500: train loss 1.2761, val loss 1.5111
saving checkpoint to out-shakespeare-baseline
iter 4500: loss 1.3845, time 19217.39ms, mfu 0.30%
iter 4510: loss 1.3902, time 148.14ms, mfu 0.30%
iter 4520: loss 1.3967, time 148.63ms, mfu 0.31%
iter 4530: loss 1.3704, time 147.79ms, mfu 0.31%
iter 4540: loss 1.3834, time 149.71ms, mfu 0.31%
iter 4550: loss 1.3692, time 149.46ms, mfu 0.31%
iter 4560: loss 1.3705, time 147.95ms, mfu 0.32%
iter 4570: loss 1.3712, time 147.68ms, mfu 0.32%
iter 4580: loss 1.4095, time 149.98ms, mfu 0.32%
iter 4590: loss 1.3726, time 149.23ms, mfu 0.32%
iter 4600: loss 1.3792, time 149.96ms, mfu 0.32%
iter 4610: loss 1.3852, time 149.81ms, mfu 0.32%
iter 4620: loss 1.3703, time 148.06ms, mfu 0.32%
iter 4630: loss 1.3803, time 150.46ms, mfu 0.33%
iter 4640: loss 1.3839, time 148.26ms, mfu 0.33%
iter 4650: loss 1.3791, time 147.38ms, mfu 0.33%
iter 4660: loss 1.3815, time 150.22ms, mfu 0.33%
iter 4670: loss 1.4002, time 149.47ms, mfu 0.33%
iter 4680: loss 1.3948, time 147.67ms, mfu 0.33%
iter 4690: loss 1.3849, time 149.28ms, mfu 0.33%
iter 4700: loss 1.4048, time 147.85ms, mfu 0.33%
iter 4710: loss 1.4307, time 148.23ms, mfu 0.33%
iter 4720: loss 1.4044, time 149.85ms, mfu 0.33%
iter 4730: loss 1.3589, time 148.25ms, mfu 0.33%
iter 4740: loss 1.3458, time 149.25ms, mfu 0.33%
step 4750: train loss 1.2731, val loss 1.5090
saving checkpoint to out-shakespeare-baseline
iter 4750: loss 1.3684, time 19278.08ms, mfu 0.30%
iter 4760: loss 1.3952, time 151.25ms, mfu 0.30%
iter 4770: loss 1.3795, time 148.83ms, mfu 0.31%
iter 4780: loss 1.3876, time 148.93ms, mfu 0.31%
iter 4790: loss 1.3757, time 149.53ms, mfu 0.31%
iter 4800: loss 1.3840, time 149.10ms, mfu 0.31%
iter 4810: loss 1.3961, time 148.50ms, mfu 0.32%
iter 4820: loss 1.3834, time 147.86ms, mfu 0.32%
iter 4830: loss 1.3883, time 148.97ms, mfu 0.32%
iter 4840: loss 1.4181, time 148.93ms, mfu 0.32%
iter 4850: loss 1.3902, time 149.08ms, mfu 0.32%
iter 4860: loss 1.3733, time 148.29ms, mfu 0.32%
iter 4870: loss 1.3872, time 149.00ms, mfu 0.32%
iter 4880: loss 1.3711, time 150.31ms, mfu 0.33%
iter 4890: loss 1.3547, time 149.00ms, mfu 0.33%
iter 4900: loss 1.3756, time 149.20ms, mfu 0.33%
iter 4910: loss 1.3782, time 149.03ms, mfu 0.33%
iter 4920: loss 1.3695, time 149.09ms, mfu 0.33%
iter 4930: loss 1.3209, time 147.46ms, mfu 0.33%
iter 4940: loss 1.3753, time 149.50ms, mfu 0.33%
iter 4950: loss 1.3918, time 147.58ms, mfu 0.33%
iter 4960: loss 1.3906, time 150.02ms, mfu 0.33%
iter 4970: loss 1.3381, time 148.73ms, mfu 0.33%
iter 4980: loss 1.3866, time 147.43ms, mfu 0.33%
iter 4990: loss 1.4088, time 149.22ms, mfu 0.33%
step 5000: train loss 1.2697, val loss 1.5115
iter 5000: loss 1.3954, time 19304.45ms, mfu 0.30%
