Overriding config with config/train_shakespeare_char_run2.py:
# Baseline configuration
out_dir = 'out-shakespeare-run2'
eval_interval = 250
eval_iters = 200
log_interval = 10
always_save_checkpoint = False
wandb_log = False
wandb_project = 'nanoGPT-assignment'
wandb_run_name = 'run2'
dataset = 'shakespeare_char'
gradient_accumulation_steps = 1
batch_size = 64
block_size = 256
n_layer = 6
n_head = 6
n_embd = 384
dropout = 0.0 # changed to 0.0
learning_rate = 1e-3
max_iters = 5000
lr_decay_iters = 5000
min_lr = 1e-4
beta2 = 0.99
warmup_iters = 100
weight_decay = 1e-1
device = 'mps' 
compile = False # change to 'cuda' if you have a GPU
# set True only on Linux with GPU
tokens per iteration will be: 16,384
found vocab_size = 65 (inside data/shakespeare_char/meta.pkl)
Initializing a new model from scratch
number of parameters: 10.65M
num decayed parameter tensors: 26, with 10,740,096 parameters
num non-decayed parameter tensors: 13, with 4,992 parameters
using fused AdamW: False
step 0: train loss 4.2874, val loss 4.2823
iter 0: loss 4.2865, time 40084.09ms, mfu -100.00%
iter 10: loss 3.0330, time 275.55ms, mfu 1.35%
iter 20: loss 2.6544, time 270.62ms, mfu 1.35%
iter 30: loss 2.5756, time 264.78ms, mfu 1.36%
iter 40: loss 2.5358, time 265.21ms, mfu 1.36%
iter 50: loss 2.4918, time 266.64ms, mfu 1.37%
iter 60: loss 2.4697, time 267.33ms, mfu 1.37%
iter 70: loss 2.4630, time 266.57ms, mfu 1.37%
iter 80: loss 2.4657, time 267.04ms, mfu 1.38%
iter 90: loss 2.4293, time 265.71ms, mfu 1.38%
iter 100: loss 2.4246, time 265.15ms, mfu 1.38%
iter 110: loss 2.3925, time 265.70ms, mfu 1.38%
iter 120: loss 2.3469, time 265.24ms, mfu 1.39%
iter 130: loss 2.3266, time 264.86ms, mfu 1.39%
iter 140: loss 2.2787, time 265.51ms, mfu 1.39%
iter 150: loss 2.2460, time 264.93ms, mfu 1.39%
iter 160: loss 2.1596, time 264.20ms, mfu 1.39%
iter 170: loss 2.1313, time 263.95ms, mfu 1.39%
iter 180: loss 2.0663, time 263.96ms, mfu 1.40%
iter 190: loss 1.9977, time 263.03ms, mfu 1.40%
iter 200: loss 1.9671, time 262.39ms, mfu 1.40%
iter 210: loss 1.9224, time 261.28ms, mfu 1.40%
iter 220: loss 1.8916, time 265.96ms, mfu 1.40%
iter 230: loss 1.8335, time 263.88ms, mfu 1.40%
iter 240: loss 1.8373, time 263.71ms, mfu 1.40%
step 250: train loss 1.7892, val loss 1.9324
saving checkpoint to out-shakespeare-run2
iter 250: loss 1.7953, time 41996.54ms, mfu 1.27%
iter 260: loss 1.7300, time 258.69ms, mfu 1.28%
iter 270: loss 1.7319, time 260.36ms, mfu 1.30%
iter 280: loss 1.7288, time 260.55ms, mfu 1.31%
iter 290: loss 1.6763, time 261.75ms, mfu 1.32%
iter 300: loss 1.6528, time 259.12ms, mfu 1.33%
iter 310: loss 1.6232, time 256.91ms, mfu 1.35%
iter 320: loss 1.6198, time 257.90ms, mfu 1.36%
iter 330: loss 1.5836, time 299.89ms, mfu 1.34%
iter 340: loss 1.5489, time 261.43ms, mfu 1.35%
iter 350: loss 1.5833, time 264.45ms, mfu 1.36%
iter 360: loss 1.5405, time 254.54ms, mfu 1.37%
iter 370: loss 1.4975, time 259.88ms, mfu 1.37%
iter 380: loss 1.5086, time 263.19ms, mfu 1.38%
iter 390: loss 1.5001, time 261.02ms, mfu 1.38%
iter 400: loss 1.5435, time 272.60ms, mfu 1.38%
iter 410: loss 1.4615, time 263.77ms, mfu 1.39%
iter 420: loss 1.4875, time 265.84ms, mfu 1.39%
iter 430: loss 1.4400, time 267.14ms, mfu 1.39%
iter 440: loss 1.4381, time 264.34ms, mfu 1.39%
iter 450: loss 1.4118, time 265.17ms, mfu 1.39%
iter 460: loss 1.3773, time 271.25ms, mfu 1.39%
iter 470: loss 1.4226, time 271.28ms, mfu 1.39%
iter 480: loss 1.4045, time 263.79ms, mfu 1.39%
iter 490: loss 1.3858, time 277.41ms, mfu 1.39%
step 500: train loss 1.3873, val loss 1.6161
saving checkpoint to out-shakespeare-run2
iter 500: loss 1.3852, time 45226.94ms, mfu 1.25%
iter 510: loss 1.4048, time 282.98ms, mfu 1.25%
iter 520: loss 1.3728, time 279.79ms, mfu 1.26%
iter 530: loss 1.3337, time 286.89ms, mfu 1.27%
iter 540: loss 1.3885, time 286.26ms, mfu 1.27%
iter 550: loss 1.3563, time 284.33ms, mfu 1.27%
iter 560: loss 1.3564, time 285.05ms, mfu 1.28%
iter 570: loss 1.3434, time 280.94ms, mfu 1.28%
iter 580: loss 1.3098, time 315.17ms, mfu 1.27%
iter 590: loss 1.2747, time 282.65ms, mfu 1.28%
iter 600: loss 1.3114, time 276.15ms, mfu 1.28%
iter 610: loss 1.3343, time 282.90ms, mfu 1.29%
iter 620: loss 1.3250, time 276.92ms, mfu 1.29%
iter 630: loss 1.2996, time 288.79ms, mfu 1.29%
iter 640: loss 1.2532, time 302.54ms, mfu 1.29%
iter 650: loss 1.2814, time 291.95ms, mfu 1.29%
iter 660: loss 1.3021, time 294.64ms, mfu 1.28%
iter 670: loss 1.2492, time 295.80ms, mfu 1.28%
iter 680: loss 1.2919, time 299.54ms, mfu 1.28%
iter 690: loss 1.2523, time 272.75ms, mfu 1.29%
iter 700: loss 1.2711, time 281.53ms, mfu 1.29%
iter 710: loss 1.2427, time 280.59ms, mfu 1.29%
iter 720: loss 1.2448, time 274.77ms, mfu 1.30%
iter 730: loss 1.2126, time 279.02ms, mfu 1.30%
iter 740: loss 1.2321, time 272.19ms, mfu 1.31%
step 750: train loss 1.2298, val loss 1.5501
saving checkpoint to out-shakespeare-run2
iter 750: loss 1.2265, time 45039.89ms, mfu 1.18%
iter 760: loss 1.2360, time 294.28ms, mfu 1.19%
iter 770: loss 1.2124, time 266.88ms, mfu 1.21%
iter 780: loss 1.2108, time 266.99ms, mfu 1.23%
iter 790: loss 1.2122, time 268.83ms, mfu 1.24%
iter 800: loss 1.2225, time 255.89ms, mfu 1.27%
iter 810: loss 1.1966, time 267.05ms, mfu 1.28%
iter 820: loss 1.1816, time 280.85ms, mfu 1.28%
iter 830: loss 1.1787, time 266.61ms, mfu 1.29%
iter 840: loss 1.1792, time 271.77ms, mfu 1.30%
iter 850: loss 1.1887, time 274.59ms, mfu 1.31%
iter 860: loss 1.1733, time 266.90ms, mfu 1.32%
iter 870: loss 1.1645, time 281.01ms, mfu 1.32%
iter 880: loss 1.1540, time 265.05ms, mfu 1.33%
iter 890: loss 1.1865, time 266.49ms, mfu 1.33%
iter 900: loss 1.1323, time 265.25ms, mfu 1.34%
iter 910: loss 1.1023, time 267.18ms, mfu 1.35%
iter 920: loss 1.1449, time 266.56ms, mfu 1.35%
iter 930: loss 1.1519, time 265.31ms, mfu 1.36%
iter 940: loss 1.1305, time 266.01ms, mfu 1.36%
iter 950: loss 1.1219, time 265.06ms, mfu 1.37%
iter 960: loss 1.1408, time 263.80ms, mfu 1.37%
iter 970: loss 1.1302, time 273.72ms, mfu 1.37%
iter 980: loss 1.1221, time 264.63ms, mfu 1.37%
iter 990: loss 1.1174, time 271.65ms, mfu 1.37%
step 1000: train loss 1.1056, val loss 1.5559
iter 1000: loss 1.1044, time 42999.54ms, mfu 1.24%
iter 1010: loss 1.0968, time 263.84ms, mfu 1.25%
iter 1020: loss 1.0716, time 264.37ms, mfu 1.27%
iter 1030: loss 1.0877, time 260.30ms, mfu 1.29%
iter 1040: loss 1.1001, time 261.45ms, mfu 1.30%
iter 1050: loss 1.0403, time 262.21ms, mfu 1.31%
iter 1060: loss 1.0584, time 261.91ms, mfu 1.32%
iter 1070: loss 1.0691, time 271.08ms, mfu 1.33%
iter 1080: loss 1.0607, time 269.87ms, mfu 1.33%
iter 1090: loss 1.0921, time 267.21ms, mfu 1.34%
iter 1100: loss 1.0411, time 264.61ms, mfu 1.35%
iter 1110: loss 1.0240, time 263.12ms, mfu 1.35%
iter 1120: loss 1.0183, time 266.29ms, mfu 1.36%
iter 1130: loss 1.0255, time 264.24ms, mfu 1.36%
iter 1140: loss 1.0210, time 266.30ms, mfu 1.37%
iter 1150: loss 1.0403, time 261.67ms, mfu 1.37%
iter 1160: loss 1.0110, time 261.33ms, mfu 1.38%
iter 1170: loss 0.9930, time 273.10ms, mfu 1.38%
iter 1180: loss 0.9956, time 262.10ms, mfu 1.38%
iter 1190: loss 0.9654, time 273.03ms, mfu 1.38%
iter 1200: loss 1.0032, time 261.03ms, mfu 1.38%
iter 1210: loss 0.9628, time 261.89ms, mfu 1.39%
iter 1220: loss 0.9815, time 260.90ms, mfu 1.39%
iter 1230: loss 0.9599, time 292.10ms, mfu 1.38%
iter 1240: loss 0.9781, time 265.83ms, mfu 1.38%
step 1250: train loss 0.9567, val loss 1.6538
iter 1250: loss 0.9637, time 42357.73ms, mfu 1.25%
iter 1260: loss 0.9621, time 260.24ms, mfu 1.26%
iter 1270: loss 0.9494, time 266.64ms, mfu 1.28%
iter 1280: loss 0.9290, time 259.44ms, mfu 1.29%
iter 1290: loss 0.9359, time 270.11ms, mfu 1.30%
iter 1300: loss 0.9405, time 262.32ms, mfu 1.31%
iter 1310: loss 0.8854, time 260.48ms, mfu 1.33%
iter 1320: loss 0.9211, time 259.26ms, mfu 1.34%
iter 1330: loss 0.8822, time 266.52ms, mfu 1.34%
iter 1340: loss 0.9223, time 262.65ms, mfu 1.35%
iter 1350: loss 0.8895, time 261.15ms, mfu 1.36%
iter 1360: loss 0.8821, time 261.58ms, mfu 1.36%
iter 1370: loss 0.8693, time 262.81ms, mfu 1.37%
iter 1380: loss 0.8740, time 259.60ms, mfu 1.38%
iter 1390: loss 0.8376, time 259.55ms, mfu 1.38%
iter 1400: loss 0.8438, time 262.89ms, mfu 1.39%
iter 1410: loss 0.8682, time 260.93ms, mfu 1.39%
iter 1420: loss 0.8650, time 259.44ms, mfu 1.39%
iter 1430: loss 0.8324, time 260.28ms, mfu 1.40%
iter 1440: loss 0.8173, time 259.08ms, mfu 1.40%
iter 1450: loss 0.7895, time 260.31ms, mfu 1.41%
iter 1460: loss 0.7892, time 259.49ms, mfu 1.41%
iter 1470: loss 0.7831, time 259.99ms, mfu 1.41%
iter 1480: loss 0.7403, time 260.85ms, mfu 1.41%
iter 1490: loss 0.7877, time 259.46ms, mfu 1.41%
step 1500: train loss 0.7628, val loss 1.8307
iter 1500: loss 0.6972, time 41067.59ms, mfu 1.27%
iter 1510: loss 0.7434, time 258.57ms, mfu 1.29%
iter 1520: loss 0.7619, time 258.24ms, mfu 1.31%
iter 1530: loss 0.7566, time 258.72ms, mfu 1.32%
iter 1540: loss 0.6923, time 258.68ms, mfu 1.33%
iter 1550: loss 0.7129, time 260.13ms, mfu 1.34%
iter 1560: loss 0.7038, time 288.70ms, mfu 1.34%
iter 1570: loss 0.7209, time 268.12ms, mfu 1.34%
iter 1580: loss 0.6845, time 268.46ms, mfu 1.35%
iter 1590: loss 0.6514, time 262.90ms, mfu 1.35%
iter 1600: loss 0.6834, time 258.90ms, mfu 1.36%
iter 1610: loss 0.6880, time 259.14ms, mfu 1.37%
iter 1620: loss 0.6405, time 256.07ms, mfu 1.38%
iter 1630: loss 0.6613, time 258.18ms, mfu 1.38%
iter 1640: loss 0.6432, time 258.59ms, mfu 1.39%
iter 1650: loss 0.6281, time 259.77ms, mfu 1.39%
iter 1660: loss 0.6376, time 259.10ms, mfu 1.40%
iter 1670: loss 0.6088, time 257.09ms, mfu 1.40%
iter 1680: loss 0.6296, time 259.67ms, mfu 1.41%
iter 1690: loss 0.6113, time 261.62ms, mfu 1.41%
iter 1700: loss 0.6294, time 256.98ms, mfu 1.41%
iter 1710: loss 0.5995, time 259.48ms, mfu 1.42%
iter 1720: loss 0.5944, time 259.70ms, mfu 1.42%
iter 1730: loss 0.5657, time 268.77ms, mfu 1.41%
iter 1740: loss 0.5668, time 268.41ms, mfu 1.41%
step 1750: train loss 0.5650, val loss 2.1056
iter 1750: loss 0.5682, time 42166.51ms, mfu 1.27%
iter 1760: loss 0.5438, time 260.38ms, mfu 1.29%
iter 1770: loss 0.5776, time 262.07ms, mfu 1.30%
iter 1780: loss 0.5481, time 261.11ms, mfu 1.31%
iter 1790: loss 0.5594, time 255.84ms, mfu 1.33%
iter 1800: loss 0.5467, time 266.91ms, mfu 1.33%
iter 1810: loss 0.5409, time 263.71ms, mfu 1.34%
iter 1820: loss 0.4934, time 259.51ms, mfu 1.35%
iter 1830: loss 0.4810, time 260.04ms, mfu 1.36%
iter 1840: loss 0.4885, time 261.50ms, mfu 1.37%
iter 1850: loss 0.4685, time 262.60ms, mfu 1.37%
iter 1860: loss 0.4647, time 262.64ms, mfu 1.38%
iter 1870: loss 0.4973, time 260.81ms, mfu 1.38%
iter 1880: loss 0.5273, time 260.60ms, mfu 1.39%
iter 1890: loss 0.4659, time 259.50ms, mfu 1.39%
iter 1900: loss 0.4411, time 259.62ms, mfu 1.40%
iter 1910: loss 0.4557, time 259.53ms, mfu 1.40%
iter 1920: loss 0.4632, time 261.23ms, mfu 1.40%
iter 1930: loss 0.4206, time 260.36ms, mfu 1.41%
iter 1940: loss 0.3827, time 270.32ms, mfu 1.40%
iter 1950: loss 0.4212, time 262.62ms, mfu 1.40%
iter 1960: loss 0.4049, time 265.32ms, mfu 1.40%
iter 1970: loss 0.4368, time 266.91ms, mfu 1.40%
iter 1980: loss 0.4180, time 263.40ms, mfu 1.40%
iter 1990: loss 0.4149, time 266.41ms, mfu 1.40%
step 2000: train loss 0.3950, val loss 2.4036
iter 2000: loss 0.3654, time 41874.66ms, mfu 1.26%
iter 2010: loss 0.3650, time 262.31ms, mfu 1.28%
iter 2020: loss 0.3514, time 260.31ms, mfu 1.30%
iter 2030: loss 0.3993, time 259.53ms, mfu 1.31%
iter 2040: loss 0.3806, time 260.32ms, mfu 1.32%
iter 2050: loss 0.3870, time 260.85ms, mfu 1.33%
iter 2060: loss 0.3415, time 259.02ms, mfu 1.34%
iter 2070: loss 0.3701, time 259.48ms, mfu 1.35%
iter 2080: loss 0.3644, time 260.74ms, mfu 1.36%
iter 2090: loss 0.3455, time 258.71ms, mfu 1.37%
iter 2100: loss 0.3839, time 259.39ms, mfu 1.37%
iter 2110: loss 0.3587, time 259.15ms, mfu 1.38%
iter 2120: loss 0.3600, time 259.94ms, mfu 1.39%
iter 2130: loss 0.3440, time 257.72ms, mfu 1.39%
iter 2140: loss 0.3303, time 259.55ms, mfu 1.40%
iter 2150: loss 0.3310, time 259.39ms, mfu 1.40%
iter 2160: loss 0.3266, time 259.94ms, mfu 1.40%
iter 2170: loss 0.3133, time 258.90ms, mfu 1.41%
iter 2180: loss 0.3105, time 258.99ms, mfu 1.41%
iter 2190: loss 0.3149, time 259.69ms, mfu 1.41%
iter 2200: loss 0.2962, time 259.07ms, mfu 1.42%
iter 2210: loss 0.3198, time 259.16ms, mfu 1.42%
iter 2220: loss 0.3046, time 258.90ms, mfu 1.42%
iter 2230: loss 0.3122, time 258.84ms, mfu 1.42%
iter 2240: loss 0.2904, time 260.13ms, mfu 1.42%
step 2250: train loss 0.2882, val loss 2.7392
iter 2250: loss 0.2895, time 41129.27ms, mfu 1.28%
iter 2260: loss 0.2815, time 259.57ms, mfu 1.30%
iter 2270: loss 0.2777, time 265.15ms, mfu 1.31%
iter 2280: loss 0.2809, time 259.99ms, mfu 1.32%
iter 2290: loss 0.3008, time 264.55ms, mfu 1.33%
iter 2300: loss 0.2928, time 277.45ms, mfu 1.33%
iter 2310: loss 0.2575, time 259.18ms, mfu 1.34%
iter 2320: loss 0.2642, time 260.41ms, mfu 1.35%
iter 2330: loss 0.2768, time 259.83ms, mfu 1.36%
iter 2340: loss 0.2676, time 258.94ms, mfu 1.37%
iter 2350: loss 0.2594, time 259.18ms, mfu 1.37%
iter 2360: loss 0.2619, time 259.17ms, mfu 1.38%
iter 2370: loss 0.2661, time 259.19ms, mfu 1.39%
iter 2380: loss 0.2459, time 258.99ms, mfu 1.39%
iter 2390: loss 0.2454, time 258.39ms, mfu 1.40%
iter 2400: loss 0.2413, time 258.65ms, mfu 1.40%
iter 2410: loss 0.2348, time 261.00ms, mfu 1.40%
iter 2420: loss 0.2335, time 258.36ms, mfu 1.41%
iter 2430: loss 0.2298, time 259.26ms, mfu 1.41%
iter 2440: loss 0.2320, time 285.48ms, mfu 1.40%
iter 2450: loss 0.2340, time 279.88ms, mfu 1.39%
iter 2460: loss 0.2303, time 261.05ms, mfu 1.40%
iter 2470: loss 0.2330, time 264.40ms, mfu 1.40%
iter 2480: loss 0.2316, time 259.60ms, mfu 1.40%
iter 2490: loss 0.2180, time 258.84ms, mfu 1.41%
step 2500: train loss 0.2185, val loss 3.0092
iter 2500: loss 0.2168, time 42311.77ms, mfu 1.27%
iter 2510: loss 0.2226, time 265.67ms, mfu 1.28%
iter 2520: loss 0.1947, time 262.37ms, mfu 1.29%
iter 2530: loss 0.2081, time 320.58ms, mfu 1.28%
iter 2540: loss 0.2156, time 287.75ms, mfu 1.28%
iter 2550: loss 0.2149, time 250.80ms, mfu 1.30%
iter 2560: loss 0.2111, time 260.10ms, mfu 1.32%
iter 2570: loss 0.2116, time 295.25ms, mfu 1.31%
iter 2580: loss 0.2105, time 260.45ms, mfu 1.32%
iter 2590: loss 0.2028, time 257.66ms, mfu 1.33%
iter 2600: loss 0.2263, time 268.89ms, mfu 1.34%
iter 2610: loss 0.2060, time 258.50ms, mfu 1.35%
iter 2620: loss 0.1959, time 261.41ms, mfu 1.36%
iter 2630: loss 0.1951, time 265.09ms, mfu 1.36%
iter 2640: loss 0.1898, time 262.87ms, mfu 1.37%
iter 2650: loss 0.1859, time 260.38ms, mfu 1.37%
iter 2660: loss 0.1793, time 261.05ms, mfu 1.38%
iter 2670: loss 0.1867, time 259.61ms, mfu 1.38%
iter 2680: loss 0.1924, time 259.99ms, mfu 1.39%
iter 2690: loss 0.2088, time 262.09ms, mfu 1.39%
iter 2700: loss 0.1843, time 261.25ms, mfu 1.40%
iter 2710: loss 0.1970, time 259.59ms, mfu 1.40%
iter 2720: loss 0.1865, time 260.04ms, mfu 1.40%
iter 2730: loss 0.1874, time 260.63ms, mfu 1.41%
iter 2740: loss 0.1767, time 259.65ms, mfu 1.41%
step 2750: train loss 0.1794, val loss 3.2445
iter 2750: loss 0.1696, time 41361.85ms, mfu 1.27%
iter 2760: loss 0.1832, time 259.49ms, mfu 1.29%
iter 2770: loss 0.1768, time 259.11ms, mfu 1.30%
iter 2780: loss 0.1749, time 259.35ms, mfu 1.31%
iter 2790: loss 0.1836, time 259.77ms, mfu 1.33%
iter 2800: loss 0.1593, time 259.07ms, mfu 1.34%
iter 2810: loss 0.1758, time 259.78ms, mfu 1.35%
iter 2820: loss 0.1665, time 260.17ms, mfu 1.36%
iter 2830: loss 0.1853, time 259.16ms, mfu 1.36%
iter 2840: loss 0.1687, time 258.83ms, mfu 1.37%
iter 2850: loss 0.1746, time 260.09ms, mfu 1.38%
iter 2860: loss 0.1724, time 260.38ms, mfu 1.38%
iter 2870: loss 0.1659, time 259.67ms, mfu 1.39%
iter 2880: loss 0.1697, time 263.50ms, mfu 1.39%
iter 2890: loss 0.1680, time 259.37ms, mfu 1.40%
iter 2900: loss 0.1627, time 258.91ms, mfu 1.40%
iter 2910: loss 0.1675, time 258.89ms, mfu 1.40%
iter 2920: loss 0.1600, time 258.94ms, mfu 1.41%
iter 2930: loss 0.1677, time 259.31ms, mfu 1.41%
iter 2940: loss 0.1514, time 261.78ms, mfu 1.41%
iter 2950: loss 0.1621, time 258.97ms, mfu 1.41%
iter 2960: loss 0.1514, time 259.13ms, mfu 1.42%
iter 2970: loss 0.1545, time 259.27ms, mfu 1.42%
iter 2980: loss 0.1594, time 260.12ms, mfu 1.42%
iter 2990: loss 0.1474, time 259.12ms, mfu 1.42%
step 3000: train loss 0.1521, val loss 3.4294
iter 3000: loss 0.1491, time 41118.25ms, mfu 1.28%
iter 3010: loss 0.1573, time 258.20ms, mfu 1.30%
iter 3020: loss 0.1488, time 258.21ms, mfu 1.31%
iter 3030: loss 0.1558, time 257.84ms, mfu 1.32%
iter 3040: loss 0.1484, time 258.26ms, mfu 1.34%
iter 3050: loss 0.1448, time 266.02ms, mfu 1.34%
iter 3060: loss 0.1477, time 279.38ms, mfu 1.34%
iter 3070: loss 0.1450, time 255.17ms, mfu 1.35%
iter 3080: loss 0.1465, time 262.60ms, mfu 1.36%
iter 3090: loss 0.1475, time 259.44ms, mfu 1.37%
iter 3100: loss 0.1449, time 260.28ms, mfu 1.37%
iter 3110: loss 0.1444, time 258.02ms, mfu 1.38%
iter 3120: loss 0.1418, time 259.21ms, mfu 1.39%
iter 3130: loss 0.1377, time 259.86ms, mfu 1.39%
iter 3140: loss 0.1387, time 259.26ms, mfu 1.40%
iter 3150: loss 0.1575, time 255.61ms, mfu 1.40%
iter 3160: loss 0.1395, time 258.38ms, mfu 1.41%
iter 3170: loss 0.1415, time 258.86ms, mfu 1.41%
iter 3180: loss 0.1360, time 259.42ms, mfu 1.41%
iter 3190: loss 0.1442, time 258.80ms, mfu 1.42%
iter 3200: loss 0.1271, time 257.61ms, mfu 1.42%
iter 3210: loss 0.1372, time 259.44ms, mfu 1.42%
iter 3220: loss 0.1380, time 258.98ms, mfu 1.42%
iter 3230: loss 0.1308, time 259.00ms, mfu 1.42%
iter 3240: loss 0.1309, time 258.95ms, mfu 1.43%
step 3250: train loss 0.1347, val loss 3.6281
iter 3250: loss 0.1365, time 41413.59ms, mfu 1.28%
iter 3260: loss 0.1358, time 264.93ms, mfu 1.30%
iter 3270: loss 0.1283, time 268.78ms, mfu 1.30%
iter 3280: loss 0.1354, time 258.43ms, mfu 1.32%
iter 3290: loss 0.1279, time 257.92ms, mfu 1.33%
iter 3300: loss 0.1294, time 264.25ms, mfu 1.34%
iter 3310: loss 0.1274, time 266.29ms, mfu 1.35%
iter 3320: loss 0.1223, time 265.44ms, mfu 1.35%
iter 3330: loss 0.1352, time 258.16ms, mfu 1.36%
iter 3340: loss 0.1337, time 258.98ms, mfu 1.37%
iter 3350: loss 0.1251, time 258.75ms, mfu 1.38%
iter 3360: loss 0.1241, time 258.76ms, mfu 1.38%
iter 3370: loss 0.1192, time 263.15ms, mfu 1.39%
iter 3380: loss 0.1244, time 264.38ms, mfu 1.39%
iter 3390: loss 0.1278, time 258.90ms, mfu 1.39%
iter 3400: loss 0.1220, time 257.37ms, mfu 1.40%
iter 3410: loss 0.1186, time 268.37ms, mfu 1.40%
iter 3420: loss 0.1173, time 257.59ms, mfu 1.40%
iter 3430: loss 0.1217, time 258.73ms, mfu 1.41%
iter 3440: loss 0.1225, time 266.26ms, mfu 1.41%
iter 3450: loss 0.1212, time 263.87ms, mfu 1.41%
iter 3460: loss 0.1219, time 258.05ms, mfu 1.41%
iter 3470: loss 0.1200, time 267.09ms, mfu 1.41%
iter 3480: loss 0.1225, time 262.17ms, mfu 1.41%
iter 3490: loss 0.1130, time 259.32ms, mfu 1.41%
step 3500: train loss 0.1194, val loss 3.7656
iter 3500: loss 0.1179, time 41419.47ms, mfu 1.27%
iter 3510: loss 0.1144, time 258.51ms, mfu 1.29%
iter 3520: loss 0.1155, time 260.59ms, mfu 1.30%
iter 3530: loss 0.1165, time 261.60ms, mfu 1.32%
iter 3540: loss 0.1147, time 259.37ms, mfu 1.33%
iter 3550: loss 0.1063, time 259.88ms, mfu 1.34%
iter 3560: loss 0.1158, time 259.89ms, mfu 1.35%
iter 3570: loss 0.1153, time 259.23ms, mfu 1.36%
iter 3580: loss 0.1113, time 258.62ms, mfu 1.36%
iter 3590: loss 0.1116, time 258.90ms, mfu 1.37%
iter 3600: loss 0.1122, time 260.02ms, mfu 1.38%
iter 3610: loss 0.1117, time 259.27ms, mfu 1.38%
iter 3620: loss 0.1071, time 259.40ms, mfu 1.39%
iter 3630: loss 0.1148, time 258.84ms, mfu 1.39%
iter 3640: loss 0.1179, time 259.29ms, mfu 1.40%
iter 3650: loss 0.1084, time 260.12ms, mfu 1.40%
iter 3660: loss 0.1132, time 263.71ms, mfu 1.40%
iter 3670: loss 0.1099, time 260.88ms, mfu 1.41%
iter 3680: loss 0.1085, time 263.81ms, mfu 1.41%
iter 3690: loss 0.1106, time 260.78ms, mfu 1.41%
iter 3700: loss 0.1050, time 259.20ms, mfu 1.41%
iter 3710: loss 0.1038, time 260.04ms, mfu 1.41%
iter 3720: loss 0.0994, time 258.89ms, mfu 1.42%
iter 3730: loss 0.1016, time 258.55ms, mfu 1.42%
iter 3740: loss 0.1051, time 260.73ms, mfu 1.42%
step 3750: train loss 0.1073, val loss 3.8955
iter 3750: loss 0.1021, time 41292.39ms, mfu 1.28%
iter 3760: loss 0.1089, time 257.45ms, mfu 1.30%
iter 3770: loss 0.1063, time 258.74ms, mfu 1.31%
iter 3780: loss 0.1097, time 258.74ms, mfu 1.32%
iter 3790: loss 0.1066, time 258.08ms, mfu 1.34%
iter 3800: loss 0.1085, time 258.19ms, mfu 1.35%
iter 3810: loss 0.1088, time 259.30ms, mfu 1.36%
iter 3820: loss 0.1056, time 260.04ms, mfu 1.36%
iter 3830: loss 0.1078, time 259.82ms, mfu 1.37%
iter 3840: loss 0.1017, time 259.29ms, mfu 1.38%
iter 3850: loss 0.1034, time 258.37ms, mfu 1.38%
iter 3860: loss 0.0939, time 258.87ms, mfu 1.39%
iter 3870: loss 0.0981, time 258.29ms, mfu 1.39%
iter 3880: loss 0.1010, time 258.79ms, mfu 1.40%
iter 3890: loss 0.1022, time 258.11ms, mfu 1.40%
iter 3900: loss 0.0996, time 258.70ms, mfu 1.41%
iter 3910: loss 0.0981, time 258.36ms, mfu 1.41%
iter 3920: loss 0.1052, time 258.31ms, mfu 1.41%
iter 3930: loss 0.1038, time 258.57ms, mfu 1.42%
iter 3940: loss 0.0960, time 259.38ms, mfu 1.42%
iter 3950: loss 0.0966, time 259.23ms, mfu 1.42%
iter 3960: loss 0.0973, time 259.18ms, mfu 1.42%
iter 3970: loss 0.1016, time 258.44ms, mfu 1.42%
iter 3980: loss 0.1047, time 256.75ms, mfu 1.43%
iter 3990: loss 0.1041, time 258.98ms, mfu 1.43%
step 4000: train loss 0.0989, val loss 3.9953
iter 4000: loss 0.0978, time 41295.23ms, mfu 1.29%
iter 4010: loss 0.0998, time 259.06ms, mfu 1.30%
iter 4020: loss 0.0985, time 258.85ms, mfu 1.32%
iter 4030: loss 0.0989, time 258.28ms, mfu 1.33%
iter 4040: loss 0.0921, time 265.74ms, mfu 1.34%
iter 4050: loss 0.0974, time 260.36ms, mfu 1.34%
iter 4060: loss 0.0962, time 258.40ms, mfu 1.35%
iter 4070: loss 0.0985, time 259.12ms, mfu 1.36%
iter 4080: loss 0.0958, time 264.85ms, mfu 1.37%
iter 4090: loss 0.0962, time 257.88ms, mfu 1.38%
iter 4100: loss 0.0944, time 260.38ms, mfu 1.38%
iter 4110: loss 0.0902, time 265.84ms, mfu 1.38%
iter 4120: loss 0.0940, time 269.56ms, mfu 1.38%
iter 4130: loss 0.0945, time 269.09ms, mfu 1.38%
iter 4140: loss 0.0960, time 258.92ms, mfu 1.39%
iter 4150: loss 0.0964, time 259.91ms, mfu 1.39%
iter 4160: loss 0.0906, time 278.56ms, mfu 1.39%
iter 4170: loss 0.0922, time 268.36ms, mfu 1.39%
iter 4180: loss 0.0950, time 259.65ms, mfu 1.39%
iter 4190: loss 0.0872, time 260.08ms, mfu 1.40%
iter 4200: loss 0.0964, time 262.04ms, mfu 1.40%
iter 4210: loss 0.0951, time 259.69ms, mfu 1.40%
iter 4220: loss 0.0905, time 260.70ms, mfu 1.41%
iter 4230: loss 0.0980, time 257.69ms, mfu 1.41%
iter 4240: loss 0.0954, time 258.79ms, mfu 1.41%
step 4250: train loss 0.0927, val loss 4.0993
iter 4250: loss 0.0964, time 41734.62ms, mfu 1.27%
iter 4260: loss 0.0890, time 273.90ms, mfu 1.28%
iter 4270: loss 0.0960, time 261.09ms, mfu 1.30%
iter 4280: loss 0.0926, time 265.22ms, mfu 1.31%
iter 4290: loss 0.0909, time 259.94ms, mfu 1.32%
iter 4300: loss 0.0932, time 266.28ms, mfu 1.33%
iter 4310: loss 0.0922, time 268.32ms, mfu 1.33%
iter 4320: loss 0.0898, time 256.62ms, mfu 1.35%
iter 4330: loss 0.0969, time 278.26ms, mfu 1.34%
iter 4340: loss 0.0877, time 268.98ms, mfu 1.35%
iter 4350: loss 0.0917, time 261.48ms, mfu 1.36%
iter 4360: loss 0.0937, time 262.14ms, mfu 1.36%
iter 4370: loss 0.0927, time 260.06ms, mfu 1.37%
iter 4380: loss 0.0920, time 259.82ms, mfu 1.38%
iter 4390: loss 0.0942, time 261.81ms, mfu 1.38%
iter 4400: loss 0.0858, time 260.24ms, mfu 1.39%
iter 4410: loss 0.0913, time 263.00ms, mfu 1.39%
iter 4420: loss 0.0878, time 261.82ms, mfu 1.39%
iter 4430: loss 0.0902, time 267.02ms, mfu 1.39%
iter 4440: loss 0.0903, time 262.92ms, mfu 1.40%
iter 4450: loss 0.0900, time 260.31ms, mfu 1.40%
iter 4460: loss 0.0869, time 266.50ms, mfu 1.40%
iter 4470: loss 0.0890, time 276.42ms, mfu 1.39%
iter 4480: loss 0.0860, time 263.82ms, mfu 1.40%
iter 4490: loss 0.0871, time 261.48ms, mfu 1.40%
step 4500: train loss 0.0882, val loss 4.1812
iter 4500: loss 0.0839, time 42061.08ms, mfu 1.26%
iter 4510: loss 0.0872, time 261.42ms, mfu 1.28%
iter 4520: loss 0.0846, time 263.63ms, mfu 1.29%
iter 4530: loss 0.0904, time 263.98ms, mfu 1.30%
iter 4540: loss 0.0881, time 260.92ms, mfu 1.31%
iter 4550: loss 0.0900, time 265.04ms, mfu 1.32%
iter 4560: loss 0.0945, time 265.10ms, mfu 1.33%
iter 4570: loss 0.0862, time 263.65ms, mfu 1.34%
iter 4580: loss 0.0853, time 265.70ms, mfu 1.35%
iter 4590: loss 0.0875, time 260.20ms, mfu 1.35%
iter 4600: loss 0.0849, time 259.52ms, mfu 1.36%
iter 4610: loss 0.0861, time 261.58ms, mfu 1.37%
iter 4620: loss 0.0894, time 266.11ms, mfu 1.37%
iter 4630: loss 0.0882, time 260.10ms, mfu 1.38%
iter 4640: loss 0.0883, time 260.67ms, mfu 1.38%
iter 4650: loss 0.0875, time 268.56ms, mfu 1.38%
iter 4660: loss 0.0872, time 284.62ms, mfu 1.38%
iter 4670: loss 0.0862, time 279.16ms, mfu 1.37%
iter 4680: loss 0.0930, time 259.39ms, mfu 1.38%
iter 4690: loss 0.0870, time 262.63ms, mfu 1.38%
iter 4700: loss 0.0856, time 269.66ms, mfu 1.38%
iter 4710: loss 0.0795, time 264.45ms, mfu 1.39%
iter 4720: loss 0.0832, time 259.78ms, mfu 1.39%
iter 4730: loss 0.0814, time 264.68ms, mfu 1.39%
iter 4740: loss 0.0845, time 262.13ms, mfu 1.39%
step 4750: train loss 0.0850, val loss 4.1828
iter 4750: loss 0.0861, time 41698.25ms, mfu 1.26%
iter 4760: loss 0.0835, time 260.27ms, mfu 1.27%
iter 4770: loss 0.0783, time 259.69ms, mfu 1.29%
iter 4780: loss 0.0814, time 259.46ms, mfu 1.30%
iter 4790: loss 0.0849, time 259.47ms, mfu 1.32%
iter 4800: loss 0.0820, time 259.25ms, mfu 1.33%
iter 4810: loss 0.0833, time 259.15ms, mfu 1.34%
iter 4820: loss 0.0831, time 258.63ms, mfu 1.35%
iter 4830: loss 0.0841, time 258.51ms, mfu 1.36%
iter 4840: loss 0.0870, time 259.03ms, mfu 1.37%
iter 4850: loss 0.0851, time 258.97ms, mfu 1.37%
iter 4860: loss 0.0871, time 258.90ms, mfu 1.38%
iter 4870: loss 0.0841, time 259.39ms, mfu 1.39%
iter 4880: loss 0.0830, time 258.35ms, mfu 1.39%
iter 4890: loss 0.0815, time 258.36ms, mfu 1.40%
iter 4900: loss 0.0860, time 258.58ms, mfu 1.40%
iter 4910: loss 0.0816, time 258.73ms, mfu 1.41%
iter 4920: loss 0.0848, time 258.13ms, mfu 1.41%
iter 4930: loss 0.0829, time 258.27ms, mfu 1.41%
iter 4940: loss 0.0852, time 258.70ms, mfu 1.42%
iter 4950: loss 0.0826, time 258.66ms, mfu 1.42%
iter 4960: loss 0.0810, time 257.18ms, mfu 1.42%
iter 4970: loss 0.0862, time 259.83ms, mfu 1.42%
iter 4980: loss 0.0814, time 258.20ms, mfu 1.42%
iter 4990: loss 0.0834, time 258.65ms, mfu 1.43%
step 5000: train loss 0.0836, val loss 4.2356
iter 5000: loss 0.0846, time 41334.92ms, mfu 1.28%
