Overriding config with config/train_taylor_corpus_baseline.py:
# Baseline configuration
out_dir = 'out-taylor-corpus'
eval_interval = 250
eval_iters = 200
log_interval = 10
always_save_checkpoint = False
wandb_log = False
wandb_project = 'nanoGPT-assignment'
wandb_run_name = 'taylor-baseline'
dataset = 'taylor_swift_char'
gradient_accumulation_steps = 1
batch_size = 64
block_size = 256
n_layer = 6
n_head = 6
n_embd = 384
dropout = 0.2
learning_rate = 1e-3
max_iters = 5000
lr_decay_iters = 5000
min_lr = 1e-4
beta2 = 0.99
warmup_iters = 100
weight_decay = 1e-1
device = 'mps' # change to 'cuda' if you have a GPU # changed from CPU
compile = False 
# set True only on Linux with GPU
tokens per iteration will be: 16,384
found vocab_size = 80 (inside data/taylor_swift_char/meta.pkl)
Initializing a new model from scratch
number of parameters: 10.65M
num decayed parameter tensors: 26, with 10,745,856 parameters
num non-decayed parameter tensors: 13, with 4,992 parameters
using fused AdamW: False
step 0: train loss 4.4955, val loss 4.4926
iter 0: loss 4.4787, time 39894.90ms, mfu -100.00%
iter 10: loss 3.1307, time 290.88ms, mfu 1.28%
iter 20: loss 2.7071, time 287.38ms, mfu 1.28%
iter 30: loss 2.5330, time 292.30ms, mfu 1.28%
iter 40: loss 2.4541, time 318.98ms, mfu 1.27%
iter 50: loss 2.4538, time 300.84ms, mfu 1.27%
iter 60: loss 2.3963, time 306.61ms, mfu 1.26%
iter 70: loss 2.4158, time 302.42ms, mfu 1.26%
iter 80: loss 2.3796, time 302.95ms, mfu 1.26%
iter 90: loss 2.3826, time 299.61ms, mfu 1.26%
iter 100: loss 2.3739, time 298.99ms, mfu 1.25%
iter 110: loss 2.3553, time 299.87ms, mfu 1.25%
iter 120: loss 2.3170, time 299.95ms, mfu 1.25%
iter 130: loss 2.3105, time 298.82ms, mfu 1.25%
iter 140: loss 2.3021, time 301.73ms, mfu 1.25%
iter 150: loss 2.2191, time 298.32ms, mfu 1.25%
iter 160: loss 2.2221, time 296.88ms, mfu 1.25%
iter 170: loss 2.1459, time 297.38ms, mfu 1.25%
iter 180: loss 2.0583, time 295.94ms, mfu 1.25%
iter 190: loss 2.0074, time 297.84ms, mfu 1.25%
iter 200: loss 1.9835, time 296.96ms, mfu 1.25%
iter 210: loss 1.9029, time 295.48ms, mfu 1.25%
iter 220: loss 1.9260, time 294.46ms, mfu 1.25%
iter 230: loss 1.8538, time 294.66ms, mfu 1.26%
iter 240: loss 1.8514, time 349.15ms, mfu 1.24%
step 250: train loss 1.7235, val loss 1.8993
saving checkpoint to out-taylor-corpus
iter 250: loss 1.7989, time 41904.01ms, mfu 1.11%
iter 260: loss 1.7186, time 302.16ms, mfu 1.13%
iter 270: loss 1.7203, time 292.94ms, mfu 1.14%
iter 280: loss 1.7218, time 289.41ms, mfu 1.16%
iter 290: loss 1.6923, time 289.66ms, mfu 1.17%
iter 300: loss 1.6799, time 287.37ms, mfu 1.18%
iter 310: loss 1.6669, time 288.05ms, mfu 1.19%
iter 320: loss 1.5899, time 294.87ms, mfu 1.20%
iter 330: loss 1.5959, time 301.02ms, mfu 1.20%
iter 340: loss 1.6283, time 291.95ms, mfu 1.21%
iter 350: loss 1.5937, time 294.43ms, mfu 1.22%
iter 360: loss 1.5765, time 296.96ms, mfu 1.22%
iter 370: loss 1.5338, time 294.34ms, mfu 1.23%
iter 380: loss 1.5433, time 297.11ms, mfu 1.23%
iter 390: loss 1.5536, time 297.21ms, mfu 1.23%
iter 400: loss 1.5078, time 298.56ms, mfu 1.23%
iter 410: loss 1.4807, time 291.46ms, mfu 1.24%
iter 420: loss 1.4272, time 289.16ms, mfu 1.24%
iter 430: loss 1.4867, time 294.39ms, mfu 1.24%
iter 440: loss 1.4213, time 292.32ms, mfu 1.25%
iter 450: loss 1.4279, time 289.94ms, mfu 1.25%
iter 460: loss 1.3876, time 292.27ms, mfu 1.25%
iter 470: loss 1.4358, time 289.26ms, mfu 1.26%
iter 480: loss 1.3688, time 288.68ms, mfu 1.26%
iter 490: loss 1.3506, time 289.63ms, mfu 1.26%
step 500: train loss 1.2850, val loss 1.6432
saving checkpoint to out-taylor-corpus
iter 500: loss 1.4345, time 40749.65ms, mfu 1.14%
iter 510: loss 1.3340, time 297.32ms, mfu 1.15%
iter 520: loss 1.3473, time 291.79ms, mfu 1.16%
iter 530: loss 1.2989, time 298.50ms, mfu 1.17%
iter 540: loss 1.3262, time 297.55ms, mfu 1.18%
iter 550: loss 1.3471, time 297.00ms, mfu 1.19%
iter 560: loss 1.3229, time 290.02ms, mfu 1.20%
iter 570: loss 1.2905, time 290.50ms, mfu 1.21%
iter 580: loss 1.2870, time 290.01ms, mfu 1.21%
iter 590: loss 1.3326, time 290.76ms, mfu 1.22%
iter 600: loss 1.2370, time 290.59ms, mfu 1.23%
iter 610: loss 1.2510, time 290.33ms, mfu 1.23%
iter 620: loss 1.2422, time 290.38ms, mfu 1.24%
iter 630: loss 1.2486, time 290.58ms, mfu 1.24%
iter 640: loss 1.2064, time 291.06ms, mfu 1.25%
iter 650: loss 1.2194, time 298.04ms, mfu 1.25%
iter 660: loss 1.2157, time 292.28ms, mfu 1.25%
iter 670: loss 1.2285, time 296.83ms, mfu 1.25%
iter 680: loss 1.2113, time 294.31ms, mfu 1.25%
iter 690: loss 1.2799, time 293.77ms, mfu 1.25%
iter 700: loss 1.1966, time 290.82ms, mfu 1.26%
iter 710: loss 1.1370, time 290.71ms, mfu 1.26%
iter 720: loss 1.2296, time 290.99ms, mfu 1.26%
iter 730: loss 1.1901, time 293.04ms, mfu 1.26%
iter 740: loss 1.1105, time 291.44ms, mfu 1.26%
step 750: train loss 1.0100, val loss 1.6112
saving checkpoint to out-taylor-corpus
iter 750: loss 1.1379, time 40895.30ms, mfu 1.14%
iter 760: loss 1.1024, time 294.12ms, mfu 1.15%
iter 770: loss 1.1385, time 297.84ms, mfu 1.16%
iter 780: loss 1.1220, time 294.48ms, mfu 1.17%
iter 790: loss 1.1250, time 293.88ms, mfu 1.18%
iter 800: loss 1.0847, time 294.58ms, mfu 1.19%
iter 810: loss 1.1022, time 290.80ms, mfu 1.20%
iter 820: loss 1.1097, time 293.76ms, mfu 1.21%
iter 830: loss 1.0931, time 293.28ms, mfu 1.21%
iter 840: loss 1.0591, time 294.26ms, mfu 1.22%
iter 850: loss 1.1114, time 293.56ms, mfu 1.22%
iter 860: loss 1.0104, time 293.49ms, mfu 1.23%
iter 870: loss 1.0589, time 294.07ms, mfu 1.23%
iter 880: loss 1.0260, time 293.37ms, mfu 1.24%
iter 890: loss 0.9866, time 293.82ms, mfu 1.24%
iter 900: loss 1.0102, time 304.62ms, mfu 1.24%
iter 910: loss 0.9651, time 294.13ms, mfu 1.24%
iter 920: loss 1.0187, time 293.54ms, mfu 1.24%
iter 930: loss 1.0344, time 294.01ms, mfu 1.25%
iter 940: loss 0.9733, time 293.35ms, mfu 1.25%
iter 950: loss 0.9833, time 292.82ms, mfu 1.25%
iter 960: loss 1.0394, time 298.07ms, mfu 1.25%
iter 970: loss 0.9806, time 298.15ms, mfu 1.25%
iter 980: loss 0.9292, time 299.27ms, mfu 1.25%
iter 990: loss 0.9258, time 298.30ms, mfu 1.25%
step 1000: train loss 0.7617, val loss 1.7068
iter 1000: loss 0.8880, time 41674.15ms, mfu 1.13%
iter 1010: loss 0.9733, time 298.62ms, mfu 1.14%
iter 1020: loss 0.9397, time 299.81ms, mfu 1.15%
iter 1030: loss 0.9248, time 299.59ms, mfu 1.16%
iter 1040: loss 0.9011, time 304.56ms, mfu 1.16%
iter 1050: loss 0.8928, time 298.50ms, mfu 1.17%
iter 1060: loss 0.8944, time 298.92ms, mfu 1.18%
iter 1070: loss 0.9041, time 300.18ms, mfu 1.19%
iter 1080: loss 0.8572, time 302.15ms, mfu 1.19%
iter 1090: loss 0.8293, time 299.61ms, mfu 1.20%
iter 1100: loss 0.8921, time 299.37ms, mfu 1.20%
iter 1110: loss 0.8554, time 299.43ms, mfu 1.21%
iter 1120: loss 0.8718, time 300.41ms, mfu 1.21%
iter 1130: loss 0.8356, time 300.09ms, mfu 1.21%
iter 1140: loss 0.8251, time 300.43ms, mfu 1.22%
iter 1150: loss 0.7736, time 298.96ms, mfu 1.22%
iter 1160: loss 0.7891, time 302.46ms, mfu 1.22%
iter 1170: loss 0.7387, time 304.42ms, mfu 1.22%
iter 1180: loss 0.8258, time 300.44ms, mfu 1.22%
iter 1190: loss 0.7835, time 302.40ms, mfu 1.22%
iter 1200: loss 0.8271, time 300.15ms, mfu 1.23%
iter 1210: loss 0.7881, time 302.45ms, mfu 1.23%
iter 1220: loss 0.8030, time 304.42ms, mfu 1.23%
iter 1230: loss 0.7065, time 300.78ms, mfu 1.23%
iter 1240: loss 0.7496, time 300.83ms, mfu 1.23%
step 1250: train loss 0.5469, val loss 1.8319
iter 1250: loss 0.7596, time 41899.39ms, mfu 1.11%
iter 1260: loss 0.7350, time 299.96ms, mfu 1.12%
iter 1270: loss 0.7846, time 299.58ms, mfu 1.13%
iter 1280: loss 0.7076, time 301.35ms, mfu 1.14%
iter 1290: loss 0.6979, time 302.62ms, mfu 1.15%
iter 1300: loss 0.6987, time 300.60ms, mfu 1.16%
iter 1310: loss 0.7025, time 301.08ms, mfu 1.17%
iter 1320: loss 0.7021, time 300.46ms, mfu 1.18%
iter 1330: loss 0.6570, time 298.96ms, mfu 1.18%
iter 1340: loss 0.6740, time 301.13ms, mfu 1.19%
iter 1350: loss 0.6628, time 297.96ms, mfu 1.19%
iter 1360: loss 0.6700, time 299.43ms, mfu 1.20%
iter 1370: loss 0.6622, time 298.82ms, mfu 1.20%
iter 1380: loss 0.6889, time 298.82ms, mfu 1.21%
iter 1390: loss 0.6694, time 301.24ms, mfu 1.21%
iter 1400: loss 0.6385, time 300.82ms, mfu 1.21%
iter 1410: loss 0.6172, time 300.54ms, mfu 1.22%
iter 1420: loss 0.6733, time 301.26ms, mfu 1.22%
iter 1430: loss 0.6863, time 300.64ms, mfu 1.22%
iter 1440: loss 0.5959, time 300.90ms, mfu 1.22%
iter 1450: loss 0.6358, time 303.17ms, mfu 1.22%
iter 1460: loss 0.6332, time 299.83ms, mfu 1.23%
iter 1470: loss 0.6267, time 299.35ms, mfu 1.23%
iter 1480: loss 0.5659, time 301.17ms, mfu 1.23%
iter 1490: loss 0.6137, time 306.68ms, mfu 1.23%
step 1500: train loss 0.3847, val loss 2.0282
iter 1500: loss 0.6184, time 42073.92ms, mfu 1.11%
iter 1510: loss 0.5513, time 301.82ms, mfu 1.12%
iter 1520: loss 0.5771, time 300.82ms, mfu 1.13%
iter 1530: loss 0.5630, time 302.87ms, mfu 1.14%
iter 1540: loss 0.5712, time 300.86ms, mfu 1.15%
iter 1550: loss 0.5971, time 300.33ms, mfu 1.16%
iter 1560: loss 0.5922, time 302.72ms, mfu 1.17%
iter 1570: loss 0.5175, time 302.47ms, mfu 1.17%
iter 1580: loss 0.5588, time 303.46ms, mfu 1.18%
iter 1590: loss 0.5841, time 302.03ms, mfu 1.18%
iter 1600: loss 0.5248, time 303.68ms, mfu 1.19%
iter 1610: loss 0.5478, time 300.78ms, mfu 1.19%
iter 1620: loss 0.5004, time 302.34ms, mfu 1.20%
iter 1630: loss 0.5779, time 301.96ms, mfu 1.20%
iter 1640: loss 0.5362, time 301.70ms, mfu 1.20%
iter 1650: loss 0.5123, time 300.09ms, mfu 1.21%
iter 1660: loss 0.5063, time 300.79ms, mfu 1.21%
iter 1670: loss 0.5410, time 300.61ms, mfu 1.21%
iter 1680: loss 0.4618, time 300.91ms, mfu 1.22%
iter 1690: loss 0.5067, time 300.70ms, mfu 1.22%
iter 1700: loss 0.4695, time 301.41ms, mfu 1.22%
iter 1710: loss 0.4908, time 302.00ms, mfu 1.22%
iter 1720: loss 0.5429, time 300.76ms, mfu 1.22%
iter 1730: loss 0.5254, time 300.80ms, mfu 1.23%
iter 1740: loss 0.4659, time 300.87ms, mfu 1.23%
step 1750: train loss 0.2680, val loss 2.2015
iter 1750: loss 0.4473, time 41847.50ms, mfu 1.11%
iter 1760: loss 0.4544, time 299.99ms, mfu 1.12%
iter 1770: loss 0.4970, time 299.70ms, mfu 1.13%
iter 1780: loss 0.4556, time 302.18ms, mfu 1.14%
iter 1790: loss 0.4105, time 299.61ms, mfu 1.15%
iter 1800: loss 0.4758, time 299.74ms, mfu 1.16%
iter 1810: loss 0.4535, time 316.98ms, mfu 1.16%
iter 1820: loss 0.4322, time 312.38ms, mfu 1.17%
iter 1830: loss 0.4520, time 294.32ms, mfu 1.18%
iter 1840: loss 0.4176, time 294.62ms, mfu 1.18%
iter 1850: loss 0.4486, time 295.13ms, mfu 1.19%
iter 1860: loss 0.4459, time 295.34ms, mfu 1.20%
iter 1870: loss 0.4298, time 297.12ms, mfu 1.21%
iter 1880: loss 0.4221, time 294.96ms, mfu 1.21%
iter 1890: loss 0.4640, time 294.32ms, mfu 1.22%
iter 1900: loss 0.3868, time 294.97ms, mfu 1.22%
iter 1910: loss 0.4162, time 294.40ms, mfu 1.23%
iter 1920: loss 0.4290, time 303.48ms, mfu 1.23%
iter 1930: loss 0.3756, time 294.23ms, mfu 1.23%
iter 1940: loss 0.4054, time 294.35ms, mfu 1.23%
iter 1950: loss 0.4214, time 297.50ms, mfu 1.24%
iter 1960: loss 0.3883, time 298.81ms, mfu 1.24%
iter 1970: loss 0.3911, time 297.29ms, mfu 1.24%
iter 1980: loss 0.3785, time 294.69ms, mfu 1.24%
iter 1990: loss 0.3937, time 306.68ms, mfu 1.24%
step 2000: train loss 0.1892, val loss 2.4262
iter 2000: loss 0.3895, time 41256.68ms, mfu 1.12%
iter 2010: loss 0.3750, time 292.02ms, mfu 1.13%
iter 2020: loss 0.3887, time 292.04ms, mfu 1.15%
iter 2030: loss 0.3515, time 293.16ms, mfu 1.16%
iter 2040: loss 0.3545, time 292.70ms, mfu 1.17%
iter 2050: loss 0.3816, time 293.51ms, mfu 1.18%
iter 2060: loss 0.3662, time 292.99ms, mfu 1.19%
iter 2070: loss 0.3918, time 292.26ms, mfu 1.20%
iter 2080: loss 0.3514, time 293.63ms, mfu 1.21%
iter 2090: loss 0.3404, time 292.13ms, mfu 1.21%
iter 2100: loss 0.3490, time 292.19ms, mfu 1.22%
iter 2110: loss 0.3625, time 292.87ms, mfu 1.22%
iter 2120: loss 0.3449, time 293.44ms, mfu 1.23%
iter 2130: loss 0.3579, time 291.47ms, mfu 1.23%
iter 2140: loss 0.3370, time 292.57ms, mfu 1.24%
iter 2150: loss 0.3487, time 293.87ms, mfu 1.24%
iter 2160: loss 0.3411, time 293.09ms, mfu 1.24%
iter 2170: loss 0.3538, time 292.96ms, mfu 1.25%
iter 2180: loss 0.3458, time 294.77ms, mfu 1.25%
iter 2190: loss 0.3368, time 293.75ms, mfu 1.25%
iter 2200: loss 0.3484, time 293.77ms, mfu 1.25%
iter 2210: loss 0.3296, time 292.52ms, mfu 1.25%
iter 2220: loss 0.3179, time 292.32ms, mfu 1.26%
iter 2230: loss 0.3347, time 293.04ms, mfu 1.26%
iter 2240: loss 0.3134, time 293.04ms, mfu 1.26%
step 2250: train loss 0.1426, val loss 2.5383
iter 2250: loss 0.3021, time 40925.44ms, mfu 1.13%
iter 2260: loss 0.3159, time 293.41ms, mfu 1.15%
iter 2270: loss 0.3275, time 293.51ms, mfu 1.16%
iter 2280: loss 0.2989, time 293.53ms, mfu 1.17%
iter 2290: loss 0.2747, time 294.10ms, mfu 1.18%
iter 2300: loss 0.3177, time 293.31ms, mfu 1.19%
iter 2310: loss 0.3112, time 294.27ms, mfu 1.20%
iter 2320: loss 0.3004, time 294.89ms, mfu 1.20%
iter 2330: loss 0.3006, time 294.09ms, mfu 1.21%
iter 2340: loss 0.3079, time 294.60ms, mfu 1.22%
iter 2350: loss 0.3062, time 295.30ms, mfu 1.22%
iter 2360: loss 0.3143, time 294.07ms, mfu 1.23%
iter 2370: loss 0.2811, time 295.21ms, mfu 1.23%
iter 2380: loss 0.2703, time 294.81ms, mfu 1.23%
iter 2390: loss 0.3108, time 294.42ms, mfu 1.24%
iter 2400: loss 0.2882, time 292.12ms, mfu 1.24%
iter 2410: loss 0.2776, time 294.62ms, mfu 1.24%
iter 2420: loss 0.2779, time 295.23ms, mfu 1.24%
iter 2430: loss 0.2944, time 295.09ms, mfu 1.25%
iter 2440: loss 0.2623, time 295.24ms, mfu 1.25%
iter 2450: loss 0.2922, time 295.50ms, mfu 1.25%
iter 2460: loss 0.2822, time 295.39ms, mfu 1.25%
iter 2470: loss 0.2694, time 294.45ms, mfu 1.25%
iter 2480: loss 0.2706, time 295.83ms, mfu 1.25%
iter 2490: loss 0.2837, time 295.56ms, mfu 1.25%
step 2500: train loss 0.1150, val loss 2.7111
iter 2500: loss 0.2633, time 41077.22ms, mfu 1.13%
iter 2510: loss 0.2628, time 294.85ms, mfu 1.14%
iter 2520: loss 0.2575, time 295.98ms, mfu 1.15%
iter 2530: loss 0.2513, time 294.65ms, mfu 1.17%
iter 2540: loss 0.2562, time 294.84ms, mfu 1.18%
iter 2550: loss 0.2724, time 295.45ms, mfu 1.18%
iter 2560: loss 0.2625, time 295.25ms, mfu 1.19%
iter 2570: loss 0.2779, time 293.58ms, mfu 1.20%
iter 2580: loss 0.2664, time 295.53ms, mfu 1.21%
iter 2590: loss 0.2486, time 295.79ms, mfu 1.21%
iter 2600: loss 0.2543, time 295.37ms, mfu 1.22%
iter 2610: loss 0.2542, time 296.19ms, mfu 1.22%
iter 2620: loss 0.2381, time 294.72ms, mfu 1.23%
iter 2630: loss 0.2612, time 294.97ms, mfu 1.23%
iter 2640: loss 0.2428, time 295.19ms, mfu 1.23%
iter 2650: loss 0.2452, time 294.70ms, mfu 1.24%
iter 2660: loss 0.2658, time 298.15ms, mfu 1.24%
iter 2670: loss 0.2413, time 296.16ms, mfu 1.24%
iter 2680: loss 0.2384, time 294.72ms, mfu 1.24%
iter 2690: loss 0.2407, time 295.27ms, mfu 1.24%
iter 2700: loss 0.2396, time 295.93ms, mfu 1.25%
iter 2710: loss 0.2464, time 294.54ms, mfu 1.25%
iter 2720: loss 0.2261, time 299.15ms, mfu 1.25%
iter 2730: loss 0.2355, time 299.17ms, mfu 1.25%
iter 2740: loss 0.2314, time 294.98ms, mfu 1.25%
step 2750: train loss 0.1000, val loss 2.8599
iter 2750: loss 0.2334, time 42313.69ms, mfu 1.12%
iter 2760: loss 0.2318, time 296.22ms, mfu 1.14%
iter 2770: loss 0.2369, time 299.28ms, mfu 1.15%
iter 2780: loss 0.2362, time 297.93ms, mfu 1.16%
iter 2790: loss 0.2264, time 295.32ms, mfu 1.17%
iter 2800: loss 0.2425, time 294.97ms, mfu 1.18%
iter 2810: loss 0.2285, time 295.33ms, mfu 1.19%
iter 2820: loss 0.2445, time 295.89ms, mfu 1.19%
iter 2830: loss 0.2246, time 295.23ms, mfu 1.20%
iter 2840: loss 0.2070, time 310.92ms, mfu 1.20%
iter 2850: loss 0.2175, time 299.70ms, mfu 1.21%
iter 2860: loss 0.2206, time 294.95ms, mfu 1.21%
iter 2870: loss 0.2468, time 295.36ms, mfu 1.22%
iter 2880: loss 0.2217, time 294.84ms, mfu 1.22%
iter 2890: loss 0.2165, time 294.11ms, mfu 1.23%
iter 2900: loss 0.2081, time 295.08ms, mfu 1.23%
iter 2910: loss 0.2201, time 295.80ms, mfu 1.23%
iter 2920: loss 0.2081, time 294.98ms, mfu 1.24%
iter 2930: loss 0.2204, time 295.71ms, mfu 1.24%
iter 2940: loss 0.2267, time 295.21ms, mfu 1.24%
iter 2950: loss 0.2062, time 295.40ms, mfu 1.24%
iter 2960: loss 0.2011, time 295.53ms, mfu 1.24%
iter 2970: loss 0.2156, time 295.61ms, mfu 1.25%
iter 2980: loss 0.2047, time 295.80ms, mfu 1.25%
iter 2990: loss 0.2069, time 295.00ms, mfu 1.25%
step 3000: train loss 0.0910, val loss 2.9767
iter 3000: loss 0.2067, time 41135.37ms, mfu 1.13%
iter 3010: loss 0.2071, time 295.08ms, mfu 1.14%
iter 3020: loss 0.1848, time 294.54ms, mfu 1.15%
iter 3030: loss 0.2105, time 294.43ms, mfu 1.16%
iter 3040: loss 0.1996, time 295.34ms, mfu 1.17%
iter 3050: loss 0.1926, time 294.91ms, mfu 1.18%
iter 3060: loss 0.2062, time 294.26ms, mfu 1.19%
iter 3070: loss 0.2018, time 294.58ms, mfu 1.20%
iter 3080: loss 0.2021, time 295.48ms, mfu 1.20%
iter 3090: loss 0.1997, time 294.92ms, mfu 1.21%
iter 3100: loss 0.2031, time 295.11ms, mfu 1.22%
iter 3110: loss 0.2057, time 294.64ms, mfu 1.22%
iter 3120: loss 0.2009, time 301.01ms, mfu 1.22%
iter 3130: loss 0.1862, time 304.07ms, mfu 1.22%
iter 3140: loss 0.2032, time 294.03ms, mfu 1.23%
iter 3150: loss 0.1964, time 293.95ms, mfu 1.23%
iter 3160: loss 0.1913, time 294.99ms, mfu 1.23%
iter 3170: loss 0.1964, time 295.05ms, mfu 1.24%
iter 3180: loss 0.1834, time 295.02ms, mfu 1.24%
iter 3190: loss 0.1794, time 301.07ms, mfu 1.24%
iter 3200: loss 0.1892, time 304.97ms, mfu 1.24%
iter 3210: loss 0.1861, time 300.09ms, mfu 1.24%
iter 3220: loss 0.1763, time 297.66ms, mfu 1.24%
iter 3230: loss 0.1794, time 294.62ms, mfu 1.24%
iter 3240: loss 0.1794, time 298.37ms, mfu 1.24%
step 3250: train loss 0.0830, val loss 3.0783
iter 3250: loss 0.1871, time 41613.78ms, mfu 1.12%
iter 3260: loss 0.1836, time 295.74ms, mfu 1.13%
iter 3270: loss 0.1757, time 294.96ms, mfu 1.15%
iter 3280: loss 0.1775, time 295.07ms, mfu 1.16%
iter 3290: loss 0.1845, time 295.34ms, mfu 1.17%
iter 3300: loss 0.1740, time 295.00ms, mfu 1.18%
iter 3310: loss 0.1775, time 296.98ms, mfu 1.19%
iter 3320: loss 0.1743, time 295.61ms, mfu 1.19%
iter 3330: loss 0.1756, time 296.43ms, mfu 1.20%
iter 3340: loss 0.1813, time 295.92ms, mfu 1.21%
iter 3350: loss 0.1834, time 296.12ms, mfu 1.21%
iter 3360: loss 0.1782, time 295.76ms, mfu 1.22%
iter 3370: loss 0.1751, time 296.49ms, mfu 1.22%
iter 3380: loss 0.1710, time 295.62ms, mfu 1.22%
iter 3390: loss 0.1808, time 295.72ms, mfu 1.23%
iter 3400: loss 0.1694, time 296.26ms, mfu 1.23%
iter 3410: loss 0.1717, time 296.23ms, mfu 1.23%
iter 3420: loss 0.1717, time 297.17ms, mfu 1.24%
iter 3430: loss 0.1601, time 296.01ms, mfu 1.24%
iter 3440: loss 0.1672, time 296.80ms, mfu 1.24%
iter 3450: loss 0.1741, time 296.90ms, mfu 1.24%
iter 3460: loss 0.1654, time 296.62ms, mfu 1.24%
iter 3470: loss 0.1681, time 296.84ms, mfu 1.24%
iter 3480: loss 0.1624, time 296.95ms, mfu 1.25%
iter 3490: loss 0.1587, time 296.27ms, mfu 1.25%
step 3500: train loss 0.0776, val loss 3.1958
iter 3500: loss 0.1632, time 41394.13ms, mfu 1.12%
iter 3510: loss 0.1740, time 296.54ms, mfu 1.14%
iter 3520: loss 0.1628, time 298.08ms, mfu 1.15%
iter 3530: loss 0.1641, time 299.14ms, mfu 1.16%
iter 3540: loss 0.1579, time 296.70ms, mfu 1.17%
iter 3550: loss 0.1757, time 296.44ms, mfu 1.18%
iter 3560: loss 0.1600, time 297.38ms, mfu 1.18%
iter 3570: loss 0.1589, time 296.38ms, mfu 1.19%
iter 3580: loss 0.1685, time 298.36ms, mfu 1.20%
iter 3590: loss 0.1442, time 296.98ms, mfu 1.20%
iter 3600: loss 0.1540, time 296.45ms, mfu 1.21%
iter 3610: loss 0.1510, time 297.83ms, mfu 1.21%
iter 3620: loss 0.1516, time 297.60ms, mfu 1.22%
iter 3630: loss 0.1598, time 295.64ms, mfu 1.22%
iter 3640: loss 0.1443, time 294.85ms, mfu 1.23%
iter 3650: loss 0.1561, time 296.56ms, mfu 1.23%
iter 3660: loss 0.1620, time 295.64ms, mfu 1.23%
iter 3670: loss 0.1491, time 295.83ms, mfu 1.23%
iter 3680: loss 0.1476, time 295.31ms, mfu 1.24%
iter 3690: loss 0.1657, time 295.30ms, mfu 1.24%
iter 3700: loss 0.1529, time 296.15ms, mfu 1.24%
iter 3710: loss 0.1565, time 295.76ms, mfu 1.24%
iter 3720: loss 0.1519, time 296.95ms, mfu 1.24%
iter 3730: loss 0.1472, time 296.66ms, mfu 1.25%
iter 3740: loss 0.1562, time 295.71ms, mfu 1.25%
step 3750: train loss 0.0748, val loss 3.2138
iter 3750: loss 0.1521, time 41147.77ms, mfu 1.12%
iter 3760: loss 0.1457, time 296.07ms, mfu 1.14%
iter 3770: loss 0.1526, time 294.90ms, mfu 1.15%
iter 3780: loss 0.1493, time 294.48ms, mfu 1.16%
iter 3790: loss 0.1550, time 296.41ms, mfu 1.17%
iter 3800: loss 0.1548, time 295.91ms, mfu 1.18%
iter 3810: loss 0.1483, time 294.91ms, mfu 1.19%
iter 3820: loss 0.1519, time 295.08ms, mfu 1.20%
iter 3830: loss 0.1498, time 294.91ms, mfu 1.20%
iter 3840: loss 0.1487, time 294.62ms, mfu 1.21%
iter 3850: loss 0.1398, time 295.04ms, mfu 1.21%
iter 3860: loss 0.1511, time 295.03ms, mfu 1.22%
iter 3870: loss 0.1509, time 298.29ms, mfu 1.22%
iter 3880: loss 0.1386, time 298.89ms, mfu 1.22%
iter 3890: loss 0.1458, time 298.22ms, mfu 1.23%
iter 3900: loss 0.1466, time 295.10ms, mfu 1.23%
iter 3910: loss 0.1482, time 295.55ms, mfu 1.23%
iter 3920: loss 0.1501, time 294.57ms, mfu 1.24%
iter 3930: loss 0.1324, time 295.28ms, mfu 1.24%
iter 3940: loss 0.1363, time 295.38ms, mfu 1.24%
iter 3950: loss 0.1443, time 294.91ms, mfu 1.24%
iter 3960: loss 0.1412, time 295.53ms, mfu 1.25%
iter 3970: loss 0.1367, time 295.67ms, mfu 1.25%
iter 3980: loss 0.1436, time 294.84ms, mfu 1.25%
iter 3990: loss 0.1483, time 295.33ms, mfu 1.25%
step 4000: train loss 0.0722, val loss 3.2774
iter 4000: loss 0.1345, time 41287.11ms, mfu 1.13%
iter 4010: loss 0.1372, time 294.51ms, mfu 1.14%
iter 4020: loss 0.1460, time 294.45ms, mfu 1.15%
iter 4030: loss 0.1370, time 294.30ms, mfu 1.16%
iter 4040: loss 0.1319, time 294.47ms, mfu 1.17%
iter 4050: loss 0.1423, time 295.24ms, mfu 1.18%
iter 4060: loss 0.1392, time 294.97ms, mfu 1.19%
iter 4070: loss 0.1312, time 296.00ms, mfu 1.20%
iter 4080: loss 0.1401, time 296.03ms, mfu 1.20%
iter 4090: loss 0.1453, time 294.74ms, mfu 1.21%
iter 4100: loss 0.1250, time 294.84ms, mfu 1.22%
iter 4110: loss 0.1308, time 295.25ms, mfu 1.22%
iter 4120: loss 0.1348, time 294.65ms, mfu 1.22%
iter 4130: loss 0.1372, time 294.82ms, mfu 1.23%
iter 4140: loss 0.1406, time 295.86ms, mfu 1.23%
iter 4150: loss 0.1346, time 294.60ms, mfu 1.24%
iter 4160: loss 0.1319, time 293.97ms, mfu 1.24%
iter 4170: loss 0.1327, time 294.74ms, mfu 1.24%
iter 4180: loss 0.1337, time 295.12ms, mfu 1.24%
iter 4190: loss 0.1305, time 294.65ms, mfu 1.25%
iter 4200: loss 0.1321, time 294.57ms, mfu 1.25%
iter 4210: loss 0.1331, time 301.59ms, mfu 1.25%
iter 4220: loss 0.1298, time 292.41ms, mfu 1.25%
iter 4230: loss 0.1337, time 296.64ms, mfu 1.25%
iter 4240: loss 0.1300, time 296.90ms, mfu 1.25%
step 4250: train loss 0.0699, val loss 3.3558
iter 4250: loss 0.1322, time 42015.40ms, mfu 1.13%
iter 4260: loss 0.1328, time 376.51ms, mfu 1.11%
iter 4270: loss 0.1311, time 297.03ms, mfu 1.13%
iter 4280: loss 0.1288, time 294.55ms, mfu 1.14%
iter 4290: loss 0.1316, time 299.56ms, mfu 1.15%
iter 4300: loss 0.1324, time 310.36ms, mfu 1.16%
iter 4310: loss 0.1301, time 293.24ms, mfu 1.17%
iter 4320: loss 0.1345, time 295.26ms, mfu 1.18%
iter 4330: loss 0.1305, time 297.12ms, mfu 1.18%
iter 4340: loss 0.1335, time 325.24ms, mfu 1.18%
iter 4350: loss 0.1265, time 313.17ms, mfu 1.18%
iter 4360: loss 0.1226, time 315.65ms, mfu 1.18%
iter 4370: loss 0.1342, time 315.00ms, mfu 1.18%
iter 4380: loss 0.1281, time 293.23ms, mfu 1.19%
iter 4390: loss 0.1245, time 297.70ms, mfu 1.20%
iter 4400: loss 0.1249, time 297.88ms, mfu 1.20%
iter 4410: loss 0.1235, time 322.35ms, mfu 1.20%
iter 4420: loss 0.1280, time 326.72ms, mfu 1.19%
iter 4430: loss 0.1294, time 304.66ms, mfu 1.20%
iter 4440: loss 0.1275, time 304.95ms, mfu 1.20%
iter 4450: loss 0.1242, time 294.81ms, mfu 1.20%
iter 4460: loss 0.1228, time 294.74ms, mfu 1.21%
iter 4470: loss 0.1205, time 294.46ms, mfu 1.22%
iter 4480: loss 0.1288, time 294.59ms, mfu 1.22%
iter 4490: loss 0.1290, time 294.23ms, mfu 1.23%
step 4500: train loss 0.0682, val loss 3.4328
iter 4500: loss 0.1245, time 41525.28ms, mfu 1.10%
iter 4510: loss 0.1298, time 298.30ms, mfu 1.12%
iter 4520: loss 0.1179, time 297.75ms, mfu 1.13%
iter 4530: loss 0.1300, time 296.98ms, mfu 1.14%
iter 4540: loss 0.1282, time 297.49ms, mfu 1.16%
iter 4550: loss 0.1272, time 296.02ms, mfu 1.17%
iter 4560: loss 0.1237, time 296.58ms, mfu 1.17%
iter 4570: loss 0.1343, time 296.58ms, mfu 1.18%
iter 4580: loss 0.1151, time 295.93ms, mfu 1.19%
iter 4590: loss 0.1241, time 296.20ms, mfu 1.20%
iter 4600: loss 0.1260, time 296.87ms, mfu 1.20%
iter 4610: loss 0.1214, time 296.41ms, mfu 1.21%
iter 4620: loss 0.1256, time 298.35ms, mfu 1.21%
iter 4630: loss 0.1193, time 296.44ms, mfu 1.22%
iter 4640: loss 0.1187, time 296.43ms, mfu 1.22%
iter 4650: loss 0.1215, time 295.85ms, mfu 1.23%
iter 4660: loss 0.1222, time 296.11ms, mfu 1.23%
iter 4670: loss 0.1178, time 295.61ms, mfu 1.23%
iter 4680: loss 0.1271, time 296.54ms, mfu 1.23%
iter 4690: loss 0.1254, time 296.70ms, mfu 1.24%
iter 4700: loss 0.1187, time 296.35ms, mfu 1.24%
iter 4710: loss 0.1180, time 295.38ms, mfu 1.24%
iter 4720: loss 0.1226, time 295.99ms, mfu 1.24%
iter 4730: loss 0.1197, time 295.83ms, mfu 1.24%
iter 4740: loss 0.1224, time 298.22ms, mfu 1.25%
step 4750: train loss 0.0670, val loss 3.4525
iter 4750: loss 0.1172, time 41076.22ms, mfu 1.12%
iter 4760: loss 0.1226, time 294.45ms, mfu 1.14%
iter 4770: loss 0.1193, time 295.02ms, mfu 1.15%
iter 4780: loss 0.1247, time 298.89ms, mfu 1.16%
iter 4790: loss 0.1210, time 295.25ms, mfu 1.17%
iter 4800: loss 0.1266, time 294.75ms, mfu 1.18%
iter 4810: loss 0.1219, time 294.91ms, mfu 1.19%
iter 4820: loss 0.1249, time 295.04ms, mfu 1.19%
iter 4830: loss 0.1197, time 296.24ms, mfu 1.20%
iter 4840: loss 0.1177, time 294.70ms, mfu 1.21%
iter 4850: loss 0.1149, time 295.23ms, mfu 1.21%
iter 4860: loss 0.1209, time 295.08ms, mfu 1.22%
iter 4870: loss 0.1207, time 295.42ms, mfu 1.22%
iter 4880: loss 0.1188, time 294.74ms, mfu 1.23%
iter 4890: loss 0.1170, time 295.08ms, mfu 1.23%
iter 4900: loss 0.1128, time 295.12ms, mfu 1.23%
iter 4910: loss 0.1168, time 295.03ms, mfu 1.24%
iter 4920: loss 0.1135, time 295.09ms, mfu 1.24%
iter 4930: loss 0.1204, time 295.26ms, mfu 1.24%
iter 4940: loss 0.1208, time 295.08ms, mfu 1.24%
iter 4950: loss 0.1189, time 294.53ms, mfu 1.25%
iter 4960: loss 0.1170, time 294.40ms, mfu 1.25%
iter 4970: loss 0.1159, time 294.62ms, mfu 1.25%
iter 4980: loss 0.1280, time 294.29ms, mfu 1.25%
iter 4990: loss 0.1103, time 294.46ms, mfu 1.25%
step 5000: train loss 0.0665, val loss 3.4733
iter 5000: loss 0.1184, time 41089.44ms, mfu 1.13%
