Overriding config with config/train_taylor_corpus_baseline.py:
# Baseline configuration
out_dir = 'out-taylor-baseline'
eval_interval = 250
eval_iters = 200
log_interval = 10
always_save_checkpoint = False
wandb_log = False
wandb_project = 'nanoGPT-assignment'
wandb_run_name = 'taylor-baseline'
dataset = 'taylor_swift_char'
gradient_accumulation_steps = 1
batch_size = 64
block_size = 256
n_layer = 6
n_head = 6
n_embd = 384
dropout = 0.2
learning_rate = 1e-3
max_iters = 5000
lr_decay_iters = 5000
min_lr = 1e-4
beta2 = 0.99
warmup_iters = 100
weight_decay = 1e-1
device = 'mps' # change to 'cuda' if you have a GPU # changed from CPU
compile = False 
# set True only on Linux with GPU
tokens per iteration will be: 16,384
found vocab_size = 80 (inside data/taylor_swift_char/meta.pkl)
Initializing a new model from scratch
number of parameters: 10.65M
num decayed parameter tensors: 26, with 10,745,856 parameters
num non-decayed parameter tensors: 13, with 4,992 parameters
using fused AdamW: False
step 0: train loss 4.4955, val loss 4.4926
iter 0: loss 4.4787, time 39822.87ms, mfu -100.00%
iter 10: loss 3.1307, time 289.27ms, mfu 1.29%
iter 20: loss 2.7071, time 295.28ms, mfu 1.29%
iter 30: loss 2.5330, time 295.21ms, mfu 1.28%
iter 40: loss 2.4541, time 290.15ms, mfu 1.28%
iter 50: loss 2.4538, time 295.84ms, mfu 1.28%
iter 60: loss 2.3963, time 294.88ms, mfu 1.28%
iter 70: loss 2.4158, time 301.02ms, mfu 1.28%
iter 80: loss 2.3796, time 305.80ms, mfu 1.27%
iter 90: loss 2.3826, time 299.86ms, mfu 1.27%
iter 100: loss 2.3739, time 305.49ms, mfu 1.26%
iter 110: loss 2.3553, time 300.45ms, mfu 1.26%
iter 120: loss 2.3170, time 304.51ms, mfu 1.26%
iter 130: loss 2.3105, time 301.77ms, mfu 1.25%
iter 140: loss 2.3021, time 300.39ms, mfu 1.25%
iter 150: loss 2.2191, time 298.82ms, mfu 1.25%
iter 160: loss 2.2221, time 297.37ms, mfu 1.25%
iter 170: loss 2.1459, time 303.32ms, mfu 1.25%
iter 180: loss 2.0583, time 306.26ms, mfu 1.25%
iter 190: loss 2.0074, time 298.78ms, mfu 1.25%
iter 200: loss 1.9835, time 293.18ms, mfu 1.25%
iter 210: loss 1.9029, time 304.18ms, mfu 1.25%
iter 220: loss 1.9260, time 304.12ms, mfu 1.25%
iter 230: loss 1.8538, time 293.16ms, mfu 1.25%
iter 240: loss 1.8514, time 293.19ms, mfu 1.25%
step 250: train loss 1.7235, val loss 1.8993
saving checkpoint to out-taylor-baseline
iter 250: loss 1.7989, time 42093.44ms, mfu 1.13%
iter 260: loss 1.7186, time 300.29ms, mfu 1.14%
iter 270: loss 1.7203, time 293.17ms, mfu 1.15%
iter 280: loss 1.7218, time 297.68ms, mfu 1.16%
iter 290: loss 1.6923, time 295.51ms, mfu 1.17%
iter 300: loss 1.6799, time 292.56ms, mfu 1.18%
iter 310: loss 1.6669, time 295.77ms, mfu 1.19%
iter 320: loss 1.5899, time 298.02ms, mfu 1.20%
iter 330: loss 1.5959, time 299.67ms, mfu 1.20%
iter 340: loss 1.6283, time 295.21ms, mfu 1.21%
iter 350: loss 1.5937, time 294.85ms, mfu 1.21%
iter 360: loss 1.5765, time 291.34ms, mfu 1.22%
iter 370: loss 1.5338, time 294.44ms, mfu 1.22%
iter 380: loss 1.5433, time 291.57ms, mfu 1.23%
iter 390: loss 1.5536, time 291.55ms, mfu 1.23%
iter 400: loss 1.5078, time 295.99ms, mfu 1.24%
iter 410: loss 1.4807, time 289.81ms, mfu 1.24%
iter 420: loss 1.4272, time 288.78ms, mfu 1.25%
iter 430: loss 1.4867, time 290.65ms, mfu 1.25%
iter 440: loss 1.4213, time 289.97ms, mfu 1.25%
iter 450: loss 1.4279, time 289.09ms, mfu 1.26%
iter 460: loss 1.3876, time 296.61ms, mfu 1.26%
iter 470: loss 1.4358, time 291.87ms, mfu 1.26%
iter 480: loss 1.3688, time 288.57ms, mfu 1.26%
iter 490: loss 1.3506, time 290.86ms, mfu 1.26%
step 500: train loss 1.2850, val loss 1.6432
saving checkpoint to out-taylor-baseline
iter 500: loss 1.4345, time 41282.89ms, mfu 1.14%
iter 510: loss 1.3340, time 298.20ms, mfu 1.15%
iter 520: loss 1.3473, time 291.75ms, mfu 1.16%
iter 530: loss 1.2989, time 298.62ms, mfu 1.17%
iter 540: loss 1.3262, time 300.48ms, mfu 1.18%
iter 550: loss 1.3471, time 293.34ms, mfu 1.19%
iter 560: loss 1.3229, time 303.90ms, mfu 1.19%
iter 570: loss 1.2905, time 304.74ms, mfu 1.19%
iter 580: loss 1.2870, time 300.04ms, mfu 1.20%
iter 590: loss 1.3326, time 299.22ms, mfu 1.20%
iter 600: loss 1.2370, time 298.40ms, mfu 1.21%
iter 610: loss 1.2510, time 297.53ms, mfu 1.21%
iter 620: loss 1.2422, time 300.34ms, mfu 1.22%
iter 630: loss 1.2486, time 299.35ms, mfu 1.22%
iter 640: loss 1.2065, time 298.06ms, mfu 1.22%
iter 650: loss 1.2194, time 292.41ms, mfu 1.23%
iter 660: loss 1.2157, time 292.67ms, mfu 1.23%
iter 670: loss 1.2285, time 296.56ms, mfu 1.23%
iter 680: loss 1.2112, time 300.45ms, mfu 1.24%
iter 690: loss 1.2799, time 293.92ms, mfu 1.24%
iter 700: loss 1.1966, time 293.59ms, mfu 1.24%
iter 710: loss 1.1370, time 299.03ms, mfu 1.24%
iter 720: loss 1.2296, time 300.64ms, mfu 1.24%
iter 730: loss 1.1901, time 297.15ms, mfu 1.24%
iter 740: loss 1.1105, time 292.07ms, mfu 1.25%
step 750: train loss 1.0100, val loss 1.6112
saving checkpoint to out-taylor-baseline
iter 750: loss 1.1379, time 41875.98ms, mfu 1.12%
iter 760: loss 1.1024, time 307.02ms, mfu 1.13%
iter 770: loss 1.1385, time 305.04ms, mfu 1.14%
iter 780: loss 1.1220, time 304.78ms, mfu 1.15%
iter 790: loss 1.1250, time 305.85ms, mfu 1.16%
iter 800: loss 1.0847, time 306.37ms, mfu 1.16%
iter 810: loss 1.1022, time 308.18ms, mfu 1.17%
iter 820: loss 1.1097, time 307.02ms, mfu 1.17%
iter 830: loss 1.0931, time 310.12ms, mfu 1.17%
iter 840: loss 1.0591, time 307.69ms, mfu 1.18%
iter 850: loss 1.1114, time 309.46ms, mfu 1.18%
iter 860: loss 1.0104, time 309.80ms, mfu 1.18%
iter 870: loss 1.0589, time 308.87ms, mfu 1.19%
iter 880: loss 1.0260, time 308.51ms, mfu 1.19%
iter 890: loss 0.9866, time 308.94ms, mfu 1.19%
iter 900: loss 1.0102, time 308.17ms, mfu 1.19%
iter 910: loss 0.9651, time 308.33ms, mfu 1.19%
iter 920: loss 1.0187, time 308.20ms, mfu 1.20%
iter 930: loss 1.0344, time 308.91ms, mfu 1.20%
iter 940: loss 0.9732, time 303.89ms, mfu 1.20%
iter 950: loss 0.9832, time 306.42ms, mfu 1.20%
iter 960: loss 1.0394, time 307.14ms, mfu 1.20%
iter 970: loss 0.9806, time 307.28ms, mfu 1.20%
iter 980: loss 0.9292, time 305.45ms, mfu 1.21%
iter 990: loss 0.9257, time 305.43ms, mfu 1.21%
step 1000: train loss 0.7617, val loss 1.7068
iter 1000: loss 0.8880, time 42272.55ms, mfu 1.09%
iter 1010: loss 0.9734, time 299.27ms, mfu 1.10%
iter 1020: loss 0.9398, time 299.12ms, mfu 1.12%
iter 1030: loss 0.9248, time 299.11ms, mfu 1.13%
iter 1040: loss 0.9011, time 300.63ms, mfu 1.14%
iter 1050: loss 0.8928, time 297.07ms, mfu 1.15%
iter 1060: loss 0.8943, time 298.38ms, mfu 1.16%
iter 1070: loss 0.9041, time 297.12ms, mfu 1.17%
iter 1080: loss 0.8572, time 298.07ms, mfu 1.18%
iter 1090: loss 0.8293, time 298.17ms, mfu 1.19%
iter 1100: loss 0.8921, time 297.96ms, mfu 1.19%
iter 1110: loss 0.8554, time 296.71ms, mfu 1.20%
iter 1120: loss 0.8719, time 296.47ms, mfu 1.21%
iter 1130: loss 0.8357, time 294.80ms, mfu 1.21%
iter 1140: loss 0.8252, time 297.00ms, mfu 1.22%
iter 1150: loss 0.7736, time 295.25ms, mfu 1.22%
iter 1160: loss 0.7891, time 295.18ms, mfu 1.22%
iter 1170: loss 0.7386, time 298.63ms, mfu 1.23%
iter 1180: loss 0.8258, time 294.68ms, mfu 1.23%
iter 1190: loss 0.7835, time 295.55ms, mfu 1.23%
iter 1200: loss 0.8269, time 301.44ms, mfu 1.23%
iter 1210: loss 0.7881, time 293.92ms, mfu 1.24%
iter 1220: loss 0.8030, time 293.43ms, mfu 1.24%
iter 1230: loss 0.7066, time 293.91ms, mfu 1.24%
iter 1240: loss 0.7495, time 293.54ms, mfu 1.25%
step 1250: train loss 0.5469, val loss 1.8321
iter 1250: loss 0.7596, time 40798.69ms, mfu 1.12%
iter 1260: loss 0.7350, time 290.20ms, mfu 1.14%
iter 1270: loss 0.7846, time 290.60ms, mfu 1.15%
iter 1280: loss 0.7074, time 291.62ms, mfu 1.17%
iter 1290: loss 0.6980, time 290.66ms, mfu 1.18%
iter 1300: loss 0.6987, time 290.39ms, mfu 1.19%
iter 1310: loss 0.7026, time 289.75ms, mfu 1.20%
iter 1320: loss 0.7022, time 289.83ms, mfu 1.21%
iter 1330: loss 0.6568, time 290.69ms, mfu 1.21%
iter 1340: loss 0.6740, time 291.01ms, mfu 1.22%
iter 1350: loss 0.6628, time 295.01ms, mfu 1.23%
iter 1360: loss 0.6697, time 297.74ms, mfu 1.23%
iter 1370: loss 0.6621, time 295.94ms, mfu 1.23%
iter 1380: loss 0.6888, time 297.91ms, mfu 1.23%
iter 1390: loss 0.6694, time 295.57ms, mfu 1.24%
iter 1400: loss 0.6385, time 294.15ms, mfu 1.24%
iter 1410: loss 0.6172, time 293.28ms, mfu 1.24%
iter 1420: loss 0.6733, time 293.79ms, mfu 1.24%
iter 1430: loss 0.6862, time 291.45ms, mfu 1.25%
iter 1440: loss 0.5956, time 294.53ms, mfu 1.25%
iter 1450: loss 0.6356, time 294.47ms, mfu 1.25%
iter 1460: loss 0.6328, time 290.41ms, mfu 1.25%
iter 1470: loss 0.6269, time 292.97ms, mfu 1.26%
iter 1480: loss 0.5654, time 296.93ms, mfu 1.26%
iter 1490: loss 0.6139, time 298.77ms, mfu 1.26%
step 1500: train loss 0.3847, val loss 2.0301
iter 1500: loss 0.6184, time 40961.94ms, mfu 1.13%
iter 1510: loss 0.5505, time 290.73ms, mfu 1.15%
iter 1520: loss 0.5769, time 289.31ms, mfu 1.16%
iter 1530: loss 0.5633, time 289.35ms, mfu 1.17%
iter 1540: loss 0.5714, time 288.96ms, mfu 1.18%
iter 1550: loss 0.5978, time 290.98ms, mfu 1.19%
iter 1560: loss 0.5924, time 293.30ms, mfu 1.20%
iter 1570: loss 0.5176, time 290.61ms, mfu 1.21%
iter 1580: loss 0.5581, time 290.24ms, mfu 1.22%
iter 1590: loss 0.5842, time 298.33ms, mfu 1.22%
iter 1600: loss 0.5243, time 301.01ms, mfu 1.22%
iter 1610: loss 0.5477, time 292.20ms, mfu 1.23%
iter 1620: loss 0.4999, time 294.51ms, mfu 1.23%
iter 1630: loss 0.5776, time 294.32ms, mfu 1.24%
iter 1640: loss 0.5365, time 296.02ms, mfu 1.24%
iter 1650: loss 0.5116, time 292.69ms, mfu 1.24%
iter 1660: loss 0.5053, time 290.35ms, mfu 1.25%
iter 1670: loss 0.5410, time 296.21ms, mfu 1.25%
iter 1680: loss 0.4616, time 297.62ms, mfu 1.25%
iter 1690: loss 0.5067, time 289.47ms, mfu 1.25%
iter 1700: loss 0.4693, time 290.58ms, mfu 1.25%
iter 1710: loss 0.4898, time 294.47ms, mfu 1.26%
iter 1720: loss 0.5432, time 295.56ms, mfu 1.26%
iter 1730: loss 0.5267, time 293.16ms, mfu 1.26%
iter 1740: loss 0.4666, time 292.54ms, mfu 1.26%
step 1750: train loss 0.2683, val loss 2.1974
iter 1750: loss 0.4483, time 40671.15ms, mfu 1.13%
iter 1760: loss 0.4534, time 289.36ms, mfu 1.15%
iter 1770: loss 0.4970, time 288.08ms, mfu 1.16%
iter 1780: loss 0.4549, time 290.02ms, mfu 1.18%
iter 1790: loss 0.4109, time 294.51ms, mfu 1.19%
iter 1800: loss 0.4764, time 296.05ms, mfu 1.19%
iter 1810: loss 0.4535, time 298.14ms, mfu 1.20%
iter 1820: loss 0.4318, time 289.80ms, mfu 1.21%
iter 1830: loss 0.4531, time 290.05ms, mfu 1.22%
iter 1840: loss 0.4192, time 288.29ms, mfu 1.22%
iter 1850: loss 0.4474, time 290.39ms, mfu 1.23%
iter 1860: loss 0.4462, time 287.96ms, mfu 1.24%
iter 1870: loss 0.4300, time 287.45ms, mfu 1.24%
iter 1880: loss 0.4229, time 287.56ms, mfu 1.25%
iter 1890: loss 0.4635, time 290.55ms, mfu 1.25%
iter 1900: loss 0.3872, time 298.15ms, mfu 1.25%
iter 1910: loss 0.4151, time 291.13ms, mfu 1.25%
iter 1920: loss 0.4307, time 294.77ms, mfu 1.25%
iter 1930: loss 0.3746, time 289.54ms, mfu 1.26%
iter 1940: loss 0.4047, time 289.53ms, mfu 1.26%
iter 1950: loss 0.4233, time 288.77ms, mfu 1.26%
iter 1960: loss 0.3886, time 287.80ms, mfu 1.27%
iter 1970: loss 0.3912, time 286.74ms, mfu 1.27%
iter 1980: loss 0.3786, time 287.62ms, mfu 1.27%
iter 1990: loss 0.3928, time 288.05ms, mfu 1.28%
step 2000: train loss 0.1893, val loss 2.4319
iter 2000: loss 0.3905, time 40815.46ms, mfu 1.15%
iter 2010: loss 0.3742, time 294.90ms, mfu 1.16%
iter 2020: loss 0.3887, time 295.81ms, mfu 1.17%
iter 2030: loss 0.3516, time 297.49ms, mfu 1.18%
iter 2040: loss 0.3525, time 294.87ms, mfu 1.19%
iter 2050: loss 0.3821, time 292.77ms, mfu 1.20%
iter 2060: loss 0.3672, time 298.05ms, mfu 1.20%
iter 2070: loss 0.3945, time 300.19ms, mfu 1.21%
iter 2080: loss 0.3509, time 297.97ms, mfu 1.21%
iter 2090: loss 0.3397, time 291.05ms, mfu 1.22%
iter 2100: loss 0.3495, time 289.96ms, mfu 1.22%
iter 2110: loss 0.3626, time 290.18ms, mfu 1.23%
iter 2120: loss 0.3465, time 290.43ms, mfu 1.24%
iter 2130: loss 0.3576, time 288.93ms, mfu 1.24%
iter 2140: loss 0.3395, time 289.67ms, mfu 1.25%
iter 2150: loss 0.3497, time 302.87ms, mfu 1.24%
iter 2160: loss 0.3420, time 292.33ms, mfu 1.25%
iter 2170: loss 0.3552, time 292.33ms, mfu 1.25%
iter 2180: loss 0.3466, time 289.42ms, mfu 1.25%
iter 2190: loss 0.3349, time 290.13ms, mfu 1.26%
iter 2200: loss 0.3490, time 290.37ms, mfu 1.26%
iter 2210: loss 0.3329, time 290.06ms, mfu 1.26%
iter 2220: loss 0.3167, time 292.67ms, mfu 1.26%
iter 2230: loss 0.3363, time 294.41ms, mfu 1.26%
iter 2240: loss 0.3088, time 291.31ms, mfu 1.27%
step 2250: train loss 0.1418, val loss 2.5530
iter 2250: loss 0.3009, time 40948.10ms, mfu 1.14%
iter 2260: loss 0.3150, time 289.23ms, mfu 1.15%
iter 2270: loss 0.3277, time 290.94ms, mfu 1.17%
iter 2280: loss 0.2975, time 290.39ms, mfu 1.18%
iter 2290: loss 0.2749, time 290.56ms, mfu 1.19%
iter 2300: loss 0.3184, time 294.31ms, mfu 1.20%
iter 2310: loss 0.3113, time 292.59ms, mfu 1.20%
iter 2320: loss 0.2991, time 289.83ms, mfu 1.21%
iter 2330: loss 0.2991, time 290.54ms, mfu 1.22%
iter 2340: loss 0.3105, time 290.21ms, mfu 1.23%
iter 2350: loss 0.3050, time 292.46ms, mfu 1.23%
iter 2360: loss 0.3126, time 292.72ms, mfu 1.24%
iter 2370: loss 0.2794, time 293.47ms, mfu 1.24%
iter 2380: loss 0.2673, time 291.93ms, mfu 1.24%
iter 2390: loss 0.3068, time 292.53ms, mfu 1.25%
iter 2400: loss 0.2870, time 290.09ms, mfu 1.25%
iter 2410: loss 0.2733, time 287.49ms, mfu 1.25%
iter 2420: loss 0.2767, time 287.73ms, mfu 1.26%
iter 2430: loss 0.2920, time 286.80ms, mfu 1.26%
iter 2440: loss 0.2599, time 290.38ms, mfu 1.26%
iter 2450: loss 0.2902, time 289.99ms, mfu 1.27%
iter 2460: loss 0.2845, time 286.77ms, mfu 1.27%
iter 2470: loss 0.2668, time 287.69ms, mfu 1.27%
iter 2480: loss 0.2692, time 290.20ms, mfu 1.27%
iter 2490: loss 0.2851, time 294.09ms, mfu 1.27%
step 2500: train loss 0.1156, val loss 2.7112
iter 2500: loss 0.2627, time 40588.18ms, mfu 1.15%
iter 2510: loss 0.2629, time 292.90ms, mfu 1.16%
iter 2520: loss 0.2604, time 298.77ms, mfu 1.17%
iter 2530: loss 0.2533, time 299.58ms, mfu 1.18%
iter 2540: loss 0.2530, time 294.51ms, mfu 1.18%
iter 2550: loss 0.2739, time 290.19ms, mfu 1.19%
iter 2560: loss 0.2617, time 288.14ms, mfu 1.20%
iter 2570: loss 0.2727, time 288.89ms, mfu 1.21%
iter 2580: loss 0.2657, time 290.56ms, mfu 1.22%
iter 2590: loss 0.2508, time 298.59ms, mfu 1.22%
iter 2600: loss 0.2583, time 294.74ms, mfu 1.23%
iter 2610: loss 0.2547, time 294.17ms, mfu 1.23%
iter 2620: loss 0.2401, time 294.84ms, mfu 1.23%
iter 2630: loss 0.2591, time 295.85ms, mfu 1.24%
iter 2640: loss 0.2400, time 295.12ms, mfu 1.24%
iter 2650: loss 0.2457, time 289.36ms, mfu 1.24%
iter 2660: loss 0.2681, time 291.05ms, mfu 1.25%
iter 2670: loss 0.2454, time 286.72ms, mfu 1.25%
iter 2680: loss 0.2345, time 287.19ms, mfu 1.26%
iter 2690: loss 0.2406, time 290.52ms, mfu 1.26%
iter 2700: loss 0.2397, time 290.54ms, mfu 1.26%
iter 2710: loss 0.2485, time 291.59ms, mfu 1.26%
iter 2720: loss 0.2283, time 294.94ms, mfu 1.26%
iter 2730: loss 0.2356, time 297.76ms, mfu 1.26%
iter 2740: loss 0.2301, time 297.59ms, mfu 1.26%
step 2750: train loss 0.0995, val loss 2.8568
iter 2750: loss 0.2322, time 40873.63ms, mfu 1.14%
iter 2760: loss 0.2344, time 288.58ms, mfu 1.15%
iter 2770: loss 0.2381, time 287.24ms, mfu 1.17%
iter 2780: loss 0.2365, time 286.52ms, mfu 1.18%
iter 2790: loss 0.2270, time 289.01ms, mfu 1.19%
iter 2800: loss 0.2411, time 287.17ms, mfu 1.20%
iter 2810: loss 0.2319, time 291.01ms, mfu 1.21%
iter 2820: loss 0.2432, time 290.54ms, mfu 1.22%
iter 2830: loss 0.2267, time 289.89ms, mfu 1.22%
iter 2840: loss 0.2076, time 290.21ms, mfu 1.23%
iter 2850: loss 0.2180, time 290.50ms, mfu 1.24%
iter 2860: loss 0.2209, time 290.59ms, mfu 1.24%
iter 2870: loss 0.2451, time 296.11ms, mfu 1.24%
iter 2880: loss 0.2183, time 296.95ms, mfu 1.24%
iter 2890: loss 0.2174, time 298.77ms, mfu 1.24%
iter 2900: loss 0.2071, time 295.44ms, mfu 1.25%
iter 2910: loss 0.2249, time 289.91ms, mfu 1.25%
iter 2920: loss 0.2068, time 290.42ms, mfu 1.25%
iter 2930: loss 0.2166, time 288.34ms, mfu 1.26%
iter 2940: loss 0.2251, time 288.36ms, mfu 1.26%
iter 2950: loss 0.2044, time 289.89ms, mfu 1.26%
iter 2960: loss 0.2033, time 289.66ms, mfu 1.27%
iter 2970: loss 0.2177, time 294.40ms, mfu 1.27%
iter 2980: loss 0.2079, time 298.25ms, mfu 1.26%
iter 2990: loss 0.2069, time 299.21ms, mfu 1.26%
step 3000: train loss 0.0907, val loss 2.9838
iter 3000: loss 0.2079, time 41226.68ms, mfu 1.14%
iter 3010: loss 0.2066, time 296.37ms, mfu 1.15%
iter 3020: loss 0.1828, time 295.34ms, mfu 1.16%
iter 3030: loss 0.2095, time 300.67ms, mfu 1.17%
iter 3040: loss 0.2023, time 297.57ms, mfu 1.18%
iter 3050: loss 0.1921, time 298.12ms, mfu 1.18%
iter 3060: loss 0.2119, time 294.21ms, mfu 1.19%
iter 3070: loss 0.2013, time 291.84ms, mfu 1.20%
iter 3080: loss 0.2011, time 296.46ms, mfu 1.21%
iter 3090: loss 0.2017, time 290.95ms, mfu 1.21%
iter 3100: loss 0.2034, time 290.07ms, mfu 1.22%
iter 3110: loss 0.2032, time 290.55ms, mfu 1.23%
iter 3120: loss 0.1983, time 288.12ms, mfu 1.23%
iter 3130: loss 0.1829, time 288.37ms, mfu 1.24%
iter 3140: loss 0.2025, time 288.64ms, mfu 1.25%
iter 3150: loss 0.2017, time 288.69ms, mfu 1.25%
iter 3160: loss 0.1925, time 290.07ms, mfu 1.25%
iter 3170: loss 0.1956, time 303.68ms, mfu 1.25%
iter 3180: loss 0.1790, time 296.33ms, mfu 1.25%
iter 3190: loss 0.1813, time 292.54ms, mfu 1.25%
iter 3200: loss 0.1900, time 292.27ms, mfu 1.26%
iter 3210: loss 0.1863, time 294.71ms, mfu 1.26%
iter 3220: loss 0.1831, time 293.69ms, mfu 1.26%
iter 3230: loss 0.1827, time 299.82ms, mfu 1.26%
iter 3240: loss 0.1805, time 298.26ms, mfu 1.26%
step 3250: train loss 0.0831, val loss 3.0903
iter 3250: loss 0.1872, time 41039.78ms, mfu 1.13%
iter 3260: loss 0.1836, time 293.40ms, mfu 1.15%
iter 3270: loss 0.1755, time 293.91ms, mfu 1.16%
iter 3280: loss 0.1782, time 291.39ms, mfu 1.17%
iter 3290: loss 0.1838, time 294.91ms, mfu 1.18%
iter 3300: loss 0.1737, time 291.80ms, mfu 1.19%
iter 3310: loss 0.1774, time 290.21ms, mfu 1.20%
iter 3320: loss 0.1733, time 290.42ms, mfu 1.21%
iter 3330: loss 0.1759, time 290.34ms, mfu 1.21%
iter 3340: loss 0.1780, time 291.19ms, mfu 1.22%
iter 3350: loss 0.1813, time 290.24ms, mfu 1.23%
iter 3360: loss 0.1804, time 289.67ms, mfu 1.23%
iter 3370: loss 0.1716, time 291.60ms, mfu 1.24%
iter 3380: loss 0.1691, time 299.03ms, mfu 1.24%
iter 3390: loss 0.1833, time 294.71ms, mfu 1.24%
iter 3400: loss 0.1664, time 290.21ms, mfu 1.25%
iter 3410: loss 0.1687, time 288.54ms, mfu 1.25%
iter 3420: loss 0.1739, time 289.46ms, mfu 1.25%
iter 3430: loss 0.1650, time 286.93ms, mfu 1.26%
iter 3440: loss 0.1639, time 286.23ms, mfu 1.26%
iter 3450: loss 0.1747, time 289.14ms, mfu 1.27%
iter 3460: loss 0.1621, time 287.87ms, mfu 1.27%
iter 3470: loss 0.1660, time 291.07ms, mfu 1.27%
iter 3480: loss 0.1641, time 289.55ms, mfu 1.27%
iter 3490: loss 0.1604, time 289.63ms, mfu 1.27%
step 3500: train loss 0.0777, val loss 3.1869
iter 3500: loss 0.1663, time 40715.37ms, mfu 1.15%
iter 3510: loss 0.1770, time 291.36ms, mfu 1.16%
iter 3520: loss 0.1601, time 290.51ms, mfu 1.17%
iter 3530: loss 0.1641, time 287.10ms, mfu 1.18%
iter 3540: loss 0.1571, time 286.99ms, mfu 1.20%
iter 3550: loss 0.1760, time 289.47ms, mfu 1.21%
iter 3560: loss 0.1574, time 294.62ms, mfu 1.21%
iter 3570: loss 0.1601, time 293.76ms, mfu 1.22%
iter 3580: loss 0.1691, time 292.95ms, mfu 1.22%
iter 3590: loss 0.1440, time 295.20ms, mfu 1.23%
iter 3600: loss 0.1531, time 294.15ms, mfu 1.23%
iter 3610: loss 0.1499, time 290.75ms, mfu 1.24%
iter 3620: loss 0.1538, time 289.47ms, mfu 1.24%
iter 3630: loss 0.1598, time 287.45ms, mfu 1.25%
iter 3640: loss 0.1467, time 286.57ms, mfu 1.25%
iter 3650: loss 0.1539, time 289.65ms, mfu 1.26%
iter 3660: loss 0.1592, time 288.56ms, mfu 1.26%
iter 3670: loss 0.1483, time 289.60ms, mfu 1.26%
iter 3680: loss 0.1501, time 290.17ms, mfu 1.26%
iter 3690: loss 0.1651, time 289.29ms, mfu 1.27%
iter 3700: loss 0.1546, time 289.64ms, mfu 1.27%
iter 3710: loss 0.1526, time 296.48ms, mfu 1.27%
iter 3720: loss 0.1478, time 292.83ms, mfu 1.27%
iter 3730: loss 0.1476, time 297.20ms, mfu 1.27%
iter 3740: loss 0.1536, time 291.38ms, mfu 1.27%
step 3750: train loss 0.0747, val loss 3.1997
iter 3750: loss 0.1529, time 41050.23ms, mfu 1.14%
iter 3760: loss 0.1473, time 290.32ms, mfu 1.16%
iter 3770: loss 0.1526, time 288.11ms, mfu 1.17%
iter 3780: loss 0.1505, time 289.98ms, mfu 1.18%
iter 3790: loss 0.1544, time 288.17ms, mfu 1.19%
iter 3800: loss 0.1509, time 289.45ms, mfu 1.20%
iter 3810: loss 0.1490, time 290.36ms, mfu 1.21%
iter 3820: loss 0.1541, time 298.17ms, mfu 1.21%
iter 3830: loss 0.1496, time 296.73ms, mfu 1.22%
iter 3840: loss 0.1446, time 292.17ms, mfu 1.22%
iter 3850: loss 0.1392, time 292.52ms, mfu 1.23%
iter 3860: loss 0.1495, time 290.26ms, mfu 1.23%
iter 3870: loss 0.1500, time 291.83ms, mfu 1.24%
iter 3880: loss 0.1384, time 294.36ms, mfu 1.24%
iter 3890: loss 0.1433, time 289.57ms, mfu 1.25%
iter 3900: loss 0.1450, time 290.56ms, mfu 1.25%
iter 3910: loss 0.1498, time 290.67ms, mfu 1.25%
iter 3920: loss 0.1509, time 290.22ms, mfu 1.26%
iter 3930: loss 0.1317, time 288.73ms, mfu 1.26%
iter 3940: loss 0.1404, time 287.10ms, mfu 1.26%
iter 3950: loss 0.1435, time 290.82ms, mfu 1.27%
iter 3960: loss 0.1430, time 287.92ms, mfu 1.27%
iter 3970: loss 0.1384, time 288.03ms, mfu 1.27%
iter 3980: loss 0.1434, time 290.14ms, mfu 1.27%
iter 3990: loss 0.1524, time 292.58ms, mfu 1.27%
step 4000: train loss 0.0720, val loss 3.2803
iter 4000: loss 0.1358, time 40954.67ms, mfu 1.15%
iter 4010: loss 0.1359, time 293.52ms, mfu 1.16%
iter 4020: loss 0.1453, time 292.86ms, mfu 1.17%
iter 4030: loss 0.1381, time 297.20ms, mfu 1.18%
iter 4040: loss 0.1321, time 298.75ms, mfu 1.19%
iter 4050: loss 0.1450, time 298.04ms, mfu 1.19%
iter 4060: loss 0.1383, time 297.01ms, mfu 1.20%
iter 4070: loss 0.1306, time 295.34ms, mfu 1.20%
iter 4080: loss 0.1389, time 290.92ms, mfu 1.21%
iter 4090: loss 0.1415, time 290.54ms, mfu 1.22%
iter 4100: loss 0.1234, time 290.38ms, mfu 1.23%
iter 4110: loss 0.1307, time 294.26ms, mfu 1.23%
iter 4120: loss 0.1324, time 293.79ms, mfu 1.23%
iter 4130: loss 0.1388, time 298.32ms, mfu 1.24%
iter 4140: loss 0.1376, time 295.08ms, mfu 1.24%
iter 4150: loss 0.1356, time 293.77ms, mfu 1.24%
iter 4160: loss 0.1313, time 295.81ms, mfu 1.24%
iter 4170: loss 0.1350, time 296.70ms, mfu 1.24%
iter 4180: loss 0.1325, time 297.82ms, mfu 1.25%
iter 4190: loss 0.1321, time 298.93ms, mfu 1.25%
iter 4200: loss 0.1332, time 291.51ms, mfu 1.25%
iter 4210: loss 0.1304, time 290.86ms, mfu 1.25%
iter 4220: loss 0.1290, time 289.21ms, mfu 1.26%
iter 4230: loss 0.1345, time 297.54ms, mfu 1.26%
iter 4240: loss 0.1307, time 297.71ms, mfu 1.26%
step 4250: train loss 0.0698, val loss 3.3534
iter 4250: loss 0.1324, time 40856.56ms, mfu 1.13%
iter 4260: loss 0.1322, time 290.78ms, mfu 1.15%
iter 4270: loss 0.1331, time 290.17ms, mfu 1.16%
iter 4280: loss 0.1277, time 291.08ms, mfu 1.17%
iter 4290: loss 0.1358, time 290.62ms, mfu 1.18%
iter 4300: loss 0.1321, time 288.64ms, mfu 1.19%
iter 4310: loss 0.1277, time 288.91ms, mfu 1.20%
iter 4320: loss 0.1337, time 291.51ms, mfu 1.21%
iter 4330: loss 0.1338, time 289.62ms, mfu 1.22%
iter 4340: loss 0.1337, time 289.53ms, mfu 1.23%
iter 4350: loss 0.1261, time 289.49ms, mfu 1.23%
iter 4360: loss 0.1254, time 289.79ms, mfu 1.24%
iter 4370: loss 0.1359, time 293.36ms, mfu 1.24%
iter 4380: loss 0.1270, time 293.53ms, mfu 1.24%
iter 4390: loss 0.1237, time 288.98ms, mfu 1.25%
iter 4400: loss 0.1255, time 295.92ms, mfu 1.25%
iter 4410: loss 0.1228, time 290.26ms, mfu 1.25%
iter 4420: loss 0.1283, time 291.24ms, mfu 1.26%
iter 4430: loss 0.1284, time 292.04ms, mfu 1.26%
iter 4440: loss 0.1289, time 293.05ms, mfu 1.26%
iter 4450: loss 0.1236, time 294.67ms, mfu 1.26%
iter 4460: loss 0.1235, time 298.45ms, mfu 1.26%
iter 4470: loss 0.1197, time 291.11ms, mfu 1.26%
iter 4480: loss 0.1293, time 290.81ms, mfu 1.26%
iter 4490: loss 0.1306, time 289.76ms, mfu 1.27%
step 4500: train loss 0.0682, val loss 3.4291
iter 4500: loss 0.1258, time 40682.35ms, mfu 1.14%
iter 4510: loss 0.1271, time 286.76ms, mfu 1.16%
iter 4520: loss 0.1167, time 287.15ms, mfu 1.17%
iter 4530: loss 0.1290, time 287.38ms, mfu 1.18%
iter 4540: loss 0.1280, time 287.01ms, mfu 1.19%
iter 4550: loss 0.1268, time 289.81ms, mfu 1.20%
iter 4560: loss 0.1223, time 289.89ms, mfu 1.21%
iter 4570: loss 0.1338, time 301.07ms, mfu 1.21%
iter 4580: loss 0.1171, time 300.28ms, mfu 1.22%
iter 4590: loss 0.1248, time 295.34ms, mfu 1.22%
iter 4600: loss 0.1280, time 293.66ms, mfu 1.23%
iter 4610: loss 0.1214, time 297.69ms, mfu 1.23%
iter 4620: loss 0.1252, time 299.13ms, mfu 1.23%
iter 4630: loss 0.1205, time 291.49ms, mfu 1.24%
iter 4640: loss 0.1191, time 292.58ms, mfu 1.24%
iter 4650: loss 0.1223, time 292.78ms, mfu 1.24%
iter 4660: loss 0.1231, time 294.45ms, mfu 1.25%
iter 4670: loss 0.1180, time 291.26ms, mfu 1.25%
iter 4680: loss 0.1280, time 291.63ms, mfu 1.25%
iter 4690: loss 0.1271, time 290.63ms, mfu 1.25%
iter 4700: loss 0.1180, time 290.15ms, mfu 1.26%
iter 4710: loss 0.1201, time 290.19ms, mfu 1.26%
iter 4720: loss 0.1243, time 288.56ms, mfu 1.26%
iter 4730: loss 0.1204, time 290.66ms, mfu 1.27%
iter 4740: loss 0.1233, time 298.22ms, mfu 1.26%
step 4750: train loss 0.0671, val loss 3.4609
iter 4750: loss 0.1191, time 41002.20ms, mfu 1.14%
iter 4760: loss 0.1216, time 291.61ms, mfu 1.15%
iter 4770: loss 0.1182, time 289.56ms, mfu 1.17%
iter 4780: loss 0.1228, time 292.14ms, mfu 1.18%
iter 4790: loss 0.1202, time 290.66ms, mfu 1.19%
iter 4800: loss 0.1276, time 289.44ms, mfu 1.20%
iter 4810: loss 0.1205, time 293.52ms, mfu 1.20%
iter 4820: loss 0.1270, time 296.36ms, mfu 1.21%
iter 4830: loss 0.1194, time 295.04ms, mfu 1.22%
iter 4840: loss 0.1167, time 297.45ms, mfu 1.22%
iter 4850: loss 0.1151, time 295.97ms, mfu 1.22%
iter 4860: loss 0.1204, time 297.65ms, mfu 1.23%
iter 4870: loss 0.1193, time 290.52ms, mfu 1.23%
iter 4880: loss 0.1188, time 290.25ms, mfu 1.24%
iter 4890: loss 0.1175, time 287.44ms, mfu 1.24%
iter 4900: loss 0.1136, time 287.35ms, mfu 1.25%
iter 4910: loss 0.1165, time 290.89ms, mfu 1.25%
iter 4920: loss 0.1140, time 300.75ms, mfu 1.25%
iter 4930: loss 0.1204, time 295.98ms, mfu 1.25%
iter 4940: loss 0.1221, time 297.86ms, mfu 1.25%
iter 4950: loss 0.1190, time 299.34ms, mfu 1.25%
iter 4960: loss 0.1146, time 292.86ms, mfu 1.25%
iter 4970: loss 0.1151, time 290.39ms, mfu 1.26%
iter 4980: loss 0.1272, time 296.11ms, mfu 1.26%
iter 4990: loss 0.1100, time 294.38ms, mfu 1.26%
step 5000: train loss 0.0666, val loss 3.4787
iter 5000: loss 0.1199, time 40456.73ms, mfu 1.13%
