num decayed parameter tensors: 26, with 10,740,096 parameters
num non-decayed parameter tensors: 13, with 4,992 parameters
using fused AdamW: False
step 0: train loss 4.2874, val loss 4.2823
iter 0: loss 4.2639, time 43933.72ms, mfu -100.00%
iter 10: loss 3.1459, time 287.02ms, mfu 1.30%
iter 20: loss 2.7319, time 288.33ms, mfu 1.30%
iter 30: loss 2.6226, time 288.98ms, mfu 1.30%
iter 40: loss 2.5756, time 290.54ms, mfu 1.30%
iter 50: loss 2.5239, time 296.60ms, mfu 1.29%
iter 60: loss 2.5127, time 300.31ms, mfu 1.29%
iter 70: loss 2.4897, time 302.12ms, mfu 1.28%
iter 80: loss 2.4936, time 303.42ms, mfu 1.28%
iter 90: loss 2.4706, time 302.31ms, mfu 1.27%
iter 100: loss 2.4636, time 301.95ms, mfu 1.27%
iter 110: loss 2.4584, time 300.64ms, mfu 1.26%
iter 120: loss 2.4334, time 300.81ms, mfu 1.26%
iter 130: loss 2.4130, time 300.57ms, mfu 1.26%
iter 140: loss 2.4097, time 300.27ms, mfu 1.26%
iter 150: loss 2.4161, time 300.63ms, mfu 1.26%
iter 160: loss 2.3752, time 299.15ms, mfu 1.26%
iter 170: loss 2.3496, time 299.26ms, mfu 1.25%
iter 180: loss 2.3133, time 298.89ms, mfu 1.25%
iter 190: loss 2.2534, time 298.44ms, mfu 1.25%
iter 200: loss 2.2060, time 303.01ms, mfu 1.25%
iter 210: loss 2.1468, time 305.30ms, mfu 1.25%
iter 220: loss 2.1415, time 302.96ms, mfu 1.25%
iter 230: loss 2.0737, time 304.92ms, mfu 1.24%
iter 240: loss 2.0792, time 308.73ms, mfu 1.24%
step 250: train loss 1.9637, val loss 2.0675
saving checkpoint to out-shakespeare-baseline
iter 250: loss 2.0306, time 41515.51ms, mfu 1.12%
iter 260: loss 1.9754, time 292.53ms, mfu 1.13%
iter 270: loss 1.9866, time 298.33ms, mfu 1.14%
iter 280: loss 1.9833, time 292.47ms, mfu 1.16%
iter 290: loss 1.9136, time 295.28ms, mfu 1.17%
iter 300: loss 1.9039, time 293.24ms, mfu 1.18%
iter 310: loss 1.8692, time 291.39ms, mfu 1.19%
iter 320: loss 1.8481, time 298.84ms, mfu 1.19%
iter 330: loss 1.8206, time 295.75ms, mfu 1.20%
iter 340: loss 1.7846, time 292.78ms, mfu 1.21%
iter 350: loss 1.8335, time 301.76ms, mfu 1.21%
iter 360: loss 1.7682, time 292.58ms, mfu 1.22%
iter 370: loss 1.7419, time 302.35ms, mfu 1.22%
iter 380: loss 1.7302, time 310.90ms, mfu 1.22%
iter 390: loss 1.7340, time 301.51ms, mfu 1.22%
iter 400: loss 1.7647, time 299.39ms, mfu 1.22%
iter 410: loss 1.6979, time 300.42ms, mfu 1.22%
iter 420: loss 1.7169, time 305.41ms, mfu 1.22%
iter 430: loss 1.6980, time 292.17ms, mfu 1.23%
iter 440: loss 1.6610, time 312.45ms, mfu 1.22%
iter 450: loss 1.6610, time 296.03ms, mfu 1.23%
iter 460: loss 1.6040, time 301.89ms, mfu 1.23%
iter 470: loss 1.6590, time 302.72ms, mfu 1.23%
iter 480: loss 1.6221, time 301.81ms, mfu 1.23%
iter 490: loss 1.6057, time 296.12ms, mfu 1.23%
step 500: train loss 1.5282, val loss 1.7312
saving checkpoint to out-shakespeare-baseline
iter 500: loss 1.6007, time 41787.81ms, mfu 1.11%
iter 510: loss 1.6093, time 296.90ms, mfu 1.12%
iter 520: loss 1.5878, time 298.88ms, mfu 1.14%
iter 530: loss 1.5684, time 298.51ms, mfu 1.15%
iter 540: loss 1.6258, time 297.62ms, mfu 1.16%
iter 550: loss 1.5705, time 298.77ms, mfu 1.17%
iter 560: loss 1.5635, time 298.69ms, mfu 1.18%
iter 570: loss 1.5720, time 298.99ms, mfu 1.18%
iter 580: loss 1.5369, time 298.40ms, mfu 1.19%
iter 590: loss 1.4975, time 299.19ms, mfu 1.19%
iter 600: loss 1.5241, time 310.73ms, mfu 1.20%
iter 610: loss 1.5501, time 335.20ms, mfu 1.19%
iter 620: loss 1.5379, time 312.70ms, mfu 1.19%
iter 630: loss 1.5109, time 300.32ms, mfu 1.19%
iter 640: loss 1.4681, time 299.69ms, mfu 1.20%
iter 650: loss 1.5031, time 303.63ms, mfu 1.20%
iter 660: loss 1.5077, time 299.04ms, mfu 1.21%
iter 670: loss 1.4514, time 299.03ms, mfu 1.21%
iter 680: loss 1.5155, time 297.21ms, mfu 1.21%
iter 690: loss 1.4686, time 298.57ms, mfu 1.22%
iter 700: loss 1.4899, time 297.20ms, mfu 1.22%
iter 710: loss 1.4702, time 296.61ms, mfu 1.22%
iter 720: loss 1.4430, time 297.95ms, mfu 1.23%
iter 730: loss 1.4203, time 297.65ms, mfu 1.23%
iter 740: loss 1.4326, time 297.50ms, mfu 1.23%
step 750: train loss 1.3673, val loss 1.5895
saving checkpoint to out-shakespeare-baseline
iter 750: loss 1.4291, time 42033.48ms, mfu 1.11%
iter 760: loss 1.4428, time 296.58ms, mfu 1.12%
iter 770: loss 1.4270, time 296.24ms, mfu 1.14%
iter 780: loss 1.4150, time 296.58ms, mfu 1.15%
iter 790: loss 1.4168, time 296.24ms, mfu 1.16%
iter 800: loss 1.4360, time 296.07ms, mfu 1.17%
iter 810: loss 1.4109, time 295.98ms, mfu 1.18%
iter 820: loss 1.4096, time 296.88ms, mfu 1.19%
iter 830: loss 1.3978, time 297.15ms, mfu 1.19%
iter 840: loss 1.4071, time 298.31ms, mfu 1.20%
iter 850: loss 1.3994, time 296.06ms, mfu 1.20%
iter 860: loss 1.3920, time 294.81ms, mfu 1.21%
iter 870: loss 1.3946, time 296.84ms, mfu 1.22%
iter 880: loss 1.3783, time 297.52ms, mfu 1.22%
iter 890: loss 1.3853, time 297.94ms, mfu 1.22%
iter 900: loss 1.3703, time 298.87ms, mfu 1.22%
iter 910: loss 1.3195, time 298.01ms, mfu 1.23%
iter 920: loss 1.3680, time 297.30ms, mfu 1.23%
iter 930: loss 1.3572, time 296.65ms, mfu 1.23%
iter 940: loss 1.3484, time 297.41ms, mfu 1.23%
iter 950: loss 1.3502, time 297.47ms, mfu 1.24%
iter 960: loss 1.3631, time 297.76ms, mfu 1.24%
iter 970: loss 1.3564, time 298.78ms, mfu 1.24%
iter 980: loss 1.3572, time 297.58ms, mfu 1.24%
iter 990: loss 1.3412, time 298.18ms, mfu 1.24%
step 1000: train loss 1.2746, val loss 1.5268
saving checkpoint to out-shakespeare-baseline
iter 1000: loss 1.3361, time 43231.54ms, mfu 1.12%
iter 1010: loss 1.3371, time 300.27ms, mfu 1.13%
iter 1020: loss 1.3208, time 313.34ms, mfu 1.14%
iter 1030: loss 1.3351, time 316.09ms, mfu 1.14%
iter 1040: loss 1.3618, time 317.91ms, mfu 1.14%
iter 1050: loss 1.2972, time 320.04ms, mfu 1.15%
iter 1060: loss 1.3363, time 322.39ms, mfu 1.15%
iter 1070: loss 1.3323, time 323.88ms, mfu 1.15%
iter 1080: loss 1.3351, time 325.69ms, mfu 1.15%
iter 1090: loss 1.3554, time 323.77ms, mfu 1.15%
iter 1100: loss 1.3136, time 355.39ms, mfu 1.14%
iter 1110: loss 1.2996, time 341.14ms, mfu 1.13%
iter 1120: loss 1.2910, time 356.47ms, mfu 1.12%
iter 1130: loss 1.2946, time 385.09ms, mfu 1.11%
iter 1140: loss 1.2998, time 328.60ms, mfu 1.11%
iter 1150: loss 1.3065, time 329.74ms, mfu 1.11%
iter 1160: loss 1.3366, time 338.59ms, mfu 1.11%
iter 1170: loss 1.2963, time 392.83ms, mfu 1.10%
iter 1180: loss 1.3219, time 354.98ms, mfu 1.09%
iter 1190: loss 1.2685, time 329.11ms, mfu 1.09%
iter 1200: loss 1.2913, time 329.30ms, mfu 1.10%
iter 1210: loss 1.2636, time 338.97ms, mfu 1.10%
iter 1220: loss 1.3052, time 317.78ms, mfu 1.11%
iter 1230: loss 1.2993, time 326.23ms, mfu 1.11%
iter 1240: loss 1.2995, time 338.64ms, mfu 1.11%
step 1250: train loss 1.2037, val loss 1.4952
saving checkpoint to out-shakespeare-baseline
iter 1250: loss 1.2768, time 45016.21ms, mfu 1.00%
iter 1260: loss 1.2786, time 310.42ms, mfu 1.02%
iter 1270: loss 1.2716, time 330.13ms, mfu 1.03%
iter 1280: loss 1.2554, time 304.47ms, mfu 1.05%
iter 1290: loss 1.2898, time 309.63ms, mfu 1.06%
iter 1300: loss 1.3109, time 309.43ms, mfu 1.08%
iter 1310: loss 1.2358, time 313.62ms, mfu 1.09%
iter 1320: loss 1.2954, time 303.54ms, mfu 1.10%
iter 1330: loss 1.2615, time 306.44ms, mfu 1.11%
iter 1340: loss 1.2994, time 307.00ms, mfu 1.12%
iter 1350: loss 1.2620, time 309.37ms, mfu 1.13%
iter 1360: loss 1.2838, time 306.53ms, mfu 1.14%
iter 1370: loss 1.2591, time 306.48ms, mfu 1.15%
iter 1380: loss 1.2668, time 311.84ms, mfu 1.15%
iter 1390: loss 1.2472, time 312.44ms, mfu 1.16%
iter 1400: loss 1.2519, time 295.59ms, mfu 1.17%
iter 1410: loss 1.2458, time 307.51ms, mfu 1.17%
iter 1420: loss 1.2677, time 312.17ms, mfu 1.17%
iter 1430: loss 1.2441, time 308.91ms, mfu 1.18%
iter 1440: loss 1.2519, time 312.81ms, mfu 1.18%
iter 1450: loss 1.2311, time 307.94ms, mfu 1.18%
iter 1460: loss 1.2418, time 308.05ms, mfu 1.18%
iter 1470: loss 1.2243, time 301.71ms, mfu 1.19%
iter 1480: loss 1.2067, time 302.51ms, mfu 1.19%
iter 1490: loss 1.2393, time 304.50ms, mfu 1.20%
step 1500: train loss 1.1549, val loss 1.4875
saving checkpoint to out-shakespeare-baseline
iter 1500: loss 1.1844, time 43305.76ms, mfu 1.08%
iter 1510: loss 1.2310, time 301.34ms, mfu 1.09%
iter 1520: loss 1.2252, time 296.73ms, mfu 1.11%
iter 1530: loss 1.2515, time 294.85ms, mfu 1.13%
iter 1540: loss 1.1995, time 295.32ms, mfu 1.14%
iter 1550: loss 1.2251, time 294.31ms, mfu 1.15%
iter 1560: loss 1.2066, time 295.31ms, mfu 1.16%
iter 1570: loss 1.2370, time 296.28ms, mfu 1.17%
iter 1580: loss 1.2081, time 305.82ms, mfu 1.18%
iter 1590: loss 1.1905, time 301.04ms, mfu 1.18%
iter 1600: loss 1.1921, time 294.24ms, mfu 1.19%
iter 1610: loss 1.2432, time 297.74ms, mfu 1.20%
iter 1620: loss 1.1867, time 294.36ms, mfu 1.20%
iter 1630: loss 1.2050, time 293.46ms, mfu 1.21%
iter 1640: loss 1.2048, time 295.64ms, mfu 1.22%
iter 1650: loss 1.1818, time 295.26ms, mfu 1.22%
iter 1660: loss 1.2201, time 295.33ms, mfu 1.22%
iter 1670: loss 1.1955, time 297.07ms, mfu 1.23%
iter 1680: loss 1.2056, time 293.95ms, mfu 1.23%
iter 1690: loss 1.2044, time 293.60ms, mfu 1.24%
iter 1700: loss 1.1877, time 297.69ms, mfu 1.24%
iter 1710: loss 1.1793, time 298.30ms, mfu 1.24%
iter 1720: loss 1.1785, time 297.10ms, mfu 1.24%
iter 1730: loss 1.2004, time 294.12ms, mfu 1.24%
iter 1740: loss 1.1643, time 304.64ms, mfu 1.24%
step 1750: train loss 1.1034, val loss 1.4731
saving checkpoint to out-shakespeare-baseline
iter 1750: loss 1.1806, time 41813.52ms, mfu 1.12%
iter 1760: loss 1.1882, time 292.56ms, mfu 1.13%
iter 1770: loss 1.2002, time 293.44ms, mfu 1.15%
iter 1780: loss 1.1903, time 293.48ms, mfu 1.16%
iter 1790: loss 1.1863, time 291.18ms, mfu 1.17%
iter 1800: loss 1.1840, time 304.80ms, mfu 1.18%
iter 1810: loss 1.1702, time 291.56ms, mfu 1.19%
iter 1820: loss 1.1778, time 290.06ms, mfu 1.20%
iter 1830: loss 1.1641, time 323.24ms, mfu 1.19%
iter 1840: loss 1.1651, time 329.46ms, mfu 1.19%
iter 1850: loss 1.1638, time 293.26ms, mfu 1.19%
iter 1860: loss 1.1841, time 291.38ms, mfu 1.20%
iter 1870: loss 1.1360, time 292.91ms, mfu 1.21%
iter 1880: loss 1.1758, time 291.84ms, mfu 1.22%
iter 1890: loss 1.1808, time 291.59ms, mfu 1.22%
iter 1900: loss 1.1307, time 291.21ms, mfu 1.23%
iter 1910: loss 1.1663, time 291.96ms, mfu 1.23%
iter 1920: loss 1.1769, time 294.33ms, mfu 1.24%
iter 1930: loss 1.1439, time 293.11ms, mfu 1.24%
iter 1940: loss 1.1242, time 295.93ms, mfu 1.24%
iter 1950: loss 1.1396, time 293.50ms, mfu 1.24%
iter 1960: loss 1.1610, time 293.69ms, mfu 1.25%
iter 1970: loss 1.1507, time 293.33ms, mfu 1.25%
iter 1980: loss 1.1519, time 292.36ms, mfu 1.25%
iter 1990: loss 1.1485, time 295.55ms, mfu 1.25%
step 2000: train loss 1.0556, val loss 1.4828
iter 2000: loss 1.1213, time 42524.30ms, mfu 1.13%
iter 2010: loss 1.1287, time 314.89ms, mfu 1.13%
iter 2020: loss 1.1214, time 298.72ms, mfu 1.15%
iter 2030: loss 1.1620, time 292.59ms, mfu 1.16%
iter 2040: loss 1.1446, time 293.55ms, mfu 1.17%
iter 2050: loss 1.1107, time 294.46ms, mfu 1.18%
iter 2060: loss 1.0996, time 296.23ms, mfu 1.19%
iter 2070: loss 1.1251, time 297.92ms, mfu 1.19%
iter 2080: loss 1.1212, time 296.14ms, mfu 1.20%
iter 2090: loss 1.1329, time 296.59ms, mfu 1.21%
iter 2100: loss 1.1317, time 298.70ms, mfu 1.21%
iter 2110: loss 1.1247, time 298.25ms, mfu 1.21%
iter 2120: loss 1.1265, time 316.08ms, mfu 1.21%
iter 2130: loss 1.1405, time 298.29ms, mfu 1.21%
iter 2140: loss 1.1337, time 304.35ms, mfu 1.22%
iter 2150: loss 1.1129, time 316.83ms, mfu 1.21%
iter 2160: loss 1.1444, time 300.29ms, mfu 1.21%
iter 2170: loss 1.1310, time 297.85ms, mfu 1.22%
iter 2180: loss 1.1037, time 295.59ms, mfu 1.22%
iter 2190: loss 1.1118, time 297.52ms, mfu 1.23%
iter 2200: loss 1.1268, time 296.75ms, mfu 1.23%
iter 2210: loss 1.1095, time 298.46ms, mfu 1.23%
iter 2220: loss 1.1211, time 302.58ms, mfu 1.23%
iter 2230: loss 1.1164, time 296.65ms, mfu 1.23%
iter 2240: loss 1.1247, time 299.31ms, mfu 1.23%
step 2250: train loss 1.0106, val loss 1.4956
iter 2250: loss 1.1102, time 41645.04ms, mfu 1.11%
iter 2260: loss 1.1053, time 297.53ms, mfu 1.13%
iter 2270: loss 1.1371, time 297.01ms, mfu 1.14%
iter 2280: loss 1.0987, time 295.14ms, mfu 1.15%
iter 2290: loss 1.1382, time 295.03ms, mfu 1.16%
iter 2300: loss 1.1245, time 294.50ms, mfu 1.17%
iter 2310: loss 1.0993, time 295.47ms, mfu 1.18%
iter 2320: loss 1.0863, time 294.92ms, mfu 1.19%
iter 2330: loss 1.0928, time 297.73ms, mfu 1.20%
iter 2340: loss 1.1216, time 295.95ms, mfu 1.20%
iter 2350: loss 1.1035, time 297.78ms, mfu 1.21%
iter 2360: loss 1.1039, time 295.53ms, mfu 1.21%
iter 2370: loss 1.0913, time 298.62ms, mfu 1.22%
iter 2380: loss 1.0842, time 299.09ms, mfu 1.22%
iter 2390: loss 1.0748, time 295.86ms, mfu 1.22%
iter 2400: loss 1.0753, time 295.75ms, mfu 1.23%
iter 2410: loss 1.0747, time 298.64ms, mfu 1.23%
iter 2420: loss 1.0783, time 297.14ms, mfu 1.23%
iter 2430: loss 1.0525, time 301.51ms, mfu 1.23%
iter 2440: loss 1.0588, time 294.32ms, mfu 1.24%
iter 2450: loss 1.0694, time 295.21ms, mfu 1.24%
iter 2460: loss 1.0887, time 295.47ms, mfu 1.24%
iter 2470: loss 1.0850, time 294.51ms, mfu 1.24%
iter 2480: loss 1.0859, time 294.37ms, mfu 1.25%
iter 2490: loss 1.0589, time 294.72ms, mfu 1.25%
step 2500: train loss 0.9596, val loss 1.5056
iter 2500: loss 1.0859, time 41354.08ms, mfu 1.12%
iter 2510: loss 1.0649, time 294.15ms, mfu 1.14%
iter 2520: loss 1.0432, time 295.65ms, mfu 1.15%
iter 2530: loss 1.0511, time 295.18ms, mfu 1.16%
iter 2540: loss 1.0504, time 293.29ms, mfu 1.17%
iter 2550: loss 1.0734, time 297.00ms, mfu 1.18%
iter 2560: loss 1.0566, time 293.79ms, mfu 1.19%
iter 2570: loss 1.0795, time 293.67ms, mfu 1.20%
iter 2580: loss 1.0719, time 291.91ms, mfu 1.20%
iter 2590: loss 1.0666, time 293.80ms, mfu 1.21%
iter 2600: loss 1.0697, time 293.58ms, mfu 1.22%
iter 2610: loss 1.0390, time 293.93ms, mfu 1.22%
iter 2620: loss 1.0385, time 297.12ms, mfu 1.23%
iter 2630: loss 1.0203, time 293.94ms, mfu 1.23%
iter 2640: loss 1.0386, time 294.62ms, mfu 1.23%
iter 2650: loss 1.0614, time 291.47ms, mfu 1.24%
iter 2660: loss 1.0388, time 295.81ms, mfu 1.24%
iter 2670: loss 1.0121, time 292.98ms, mfu 1.24%
iter 2680: loss 1.0473, time 294.14ms, mfu 1.25%
iter 2690: loss 1.0534, time 294.67ms, mfu 1.25%
iter 2700: loss 1.0157, time 294.22ms, mfu 1.25%
iter 2710: loss 1.0451, time 293.38ms, mfu 1.25%
iter 2720: loss 1.0465, time 293.19ms, mfu 1.25%
iter 2730: loss 1.0685, time 293.87ms, mfu 1.25%
iter 2740: loss 1.0312, time 293.67ms, mfu 1.26%
step 2750: train loss 0.9117, val loss 1.5241
iter 2750: loss 1.0312, time 41087.33ms, mfu 1.13%
iter 2760: loss 1.0263, time 294.12ms, mfu 1.15%
iter 2770: loss 1.0319, time 293.84ms, mfu 1.16%
iter 2780: loss 1.0238, time 293.72ms, mfu 1.17%
iter 2790: loss 1.0306, time 293.32ms, mfu 1.18%
iter 2800: loss 1.0058, time 293.67ms, mfu 1.19%
iter 2810: loss 1.0322, time 293.97ms, mfu 1.20%
iter 2820: loss 1.0209, time 299.88ms, mfu 1.20%
iter 2830: loss 1.0262, time 297.35ms, mfu 1.21%
iter 2840: loss 0.9938, time 295.69ms, mfu 1.21%
iter 2850: loss 1.0250, time 294.76ms, mfu 1.22%
iter 2860: loss 1.0178, time 295.23ms, mfu 1.22%
iter 2870: loss 0.9986, time 295.91ms, mfu 1.22%
iter 2880: loss 1.0305, time 295.54ms, mfu 1.23%
iter 2890: loss 1.0086, time 296.99ms, mfu 1.23%
iter 2900: loss 0.9867, time 295.55ms, mfu 1.23%
iter 2910: loss 1.0353, time 295.16ms, mfu 1.24%
iter 2920: loss 1.0061, time 295.84ms, mfu 1.24%
iter 2930: loss 0.9917, time 296.72ms, mfu 1.24%
iter 2940: loss 0.9919, time 296.31ms, mfu 1.24%
iter 2950: loss 1.0239, time 297.03ms, mfu 1.24%
iter 2960: loss 1.0013, time 295.43ms, mfu 1.25%
iter 2970: loss 0.9852, time 306.77ms, mfu 1.24%
iter 2980: loss 0.9952, time 294.48ms, mfu 1.24%
iter 2990: loss 0.9822, time 297.26ms, mfu 1.25%
step 3000: train loss 0.8669, val loss 1.5352
iter 3000: loss 0.9926, time 41844.61ms, mfu 1.12%
iter 3010: loss 0.9947, time 297.94ms, mfu 1.13%
iter 3020: loss 1.0019, time 298.78ms, mfu 1.15%
iter 3030: loss 0.9968, time 297.77ms, mfu 1.16%
iter 3040: loss 1.0231, time 301.03ms, mfu 1.16%
iter 3050: loss 0.9749, time 298.49ms, mfu 1.17%
iter 3060: loss 0.9817, time 296.29ms, mfu 1.18%
iter 3070: loss 1.0096, time 297.04ms, mfu 1.19%
iter 3080: loss 0.9937, time 295.59ms, mfu 1.20%
iter 3090: loss 0.9774, time 295.30ms, mfu 1.20%
iter 3100: loss 0.9991, time 295.81ms, mfu 1.21%
iter 3110: loss 0.9687, time 295.36ms, mfu 1.21%
iter 3120: loss 0.9863, time 302.64ms, mfu 1.22%
iter 3130: loss 0.9732, time 299.00ms, mfu 1.22%
iter 3140: loss 0.9797, time 297.61ms, mfu 1.22%
iter 3150: loss 0.9876, time 295.12ms, mfu 1.23%
iter 3160: loss 1.0019, time 298.57ms, mfu 1.23%
iter 3170: loss 0.9582, time 295.77ms, mfu 1.23%
iter 3180: loss 0.9714, time 296.63ms, mfu 1.23%
iter 3190: loss 0.9913, time 301.47ms, mfu 1.23%
iter 3200: loss 0.9696, time 303.84ms, mfu 1.23%
iter 3210: loss 0.9554, time 295.61ms, mfu 1.24%
iter 3220: loss 0.9583, time 305.98ms, mfu 1.23%
iter 3230: loss 0.9497, time 296.15ms, mfu 1.24%
iter 3240: loss 0.9557, time 296.35ms, mfu 1.24%
step 3250: train loss 0.8204, val loss 1.5626
iter 3250: loss 0.9700, time 41462.15ms, mfu 1.12%
iter 3260: loss 0.9659, time 298.67ms, mfu 1.13%
iter 3270: loss 0.9722, time 299.60ms, mfu 1.14%
iter 3280: loss 0.9489, time 304.33ms, mfu 1.15%
iter 3290: loss 0.9460, time 300.21ms, mfu 1.16%
iter 3300: loss 0.9429, time 294.29ms, mfu 1.17%
iter 3310: loss 0.9449, time 295.19ms, mfu 1.18%
iter 3320: loss 0.9599, time 296.33ms, mfu 1.19%
iter 3330: loss 0.9480, time 295.19ms, mfu 1.19%
iter 3340: loss 0.9543, time 297.83ms, mfu 1.20%
iter 3350: loss 0.9539, time 295.89ms, mfu 1.21%
iter 3360: loss 0.9216, time 295.08ms, mfu 1.21%
iter 3370: loss 0.9564, time 296.51ms, mfu 1.22%
iter 3380: loss 0.9503, time 295.32ms, mfu 1.22%
iter 3390: loss 0.9510, time 296.67ms, mfu 1.22%
iter 3400: loss 0.9525, time 295.96ms, mfu 1.23%
iter 3410: loss 0.9387, time 296.33ms, mfu 1.23%
iter 3420: loss 0.9391, time 296.21ms, mfu 1.23%
iter 3430: loss 0.9437, time 299.99ms, mfu 1.23%
iter 3440: loss 0.9791, time 298.57ms, mfu 1.24%
iter 3450: loss 0.9482, time 296.21ms, mfu 1.24%
iter 3460: loss 0.9388, time 296.30ms, mfu 1.24%
iter 3470: loss 0.9390, time 299.35ms, mfu 1.24%
iter 3480: loss 0.9441, time 296.01ms, mfu 1.24%
iter 3490: loss 0.9120, time 297.20ms, mfu 1.24%
step 3500: train loss 0.7771, val loss 1.5818
iter 3500: loss 0.8962, time 41592.33ms, mfu 1.12%
iter 3510: loss 0.9079, time 297.72ms, mfu 1.13%
iter 3520: loss 0.9202, time 298.83ms, mfu 1.14%
iter 3530: loss 0.9459, time 297.69ms, mfu 1.16%
iter 3540: loss 0.9249, time 298.29ms, mfu 1.16%
iter 3550: loss 0.9276, time 298.27ms, mfu 1.17%
iter 3560: loss 0.9449, time 299.65ms, mfu 1.18%
iter 3570: loss 0.9217, time 298.20ms, mfu 1.19%
iter 3580: loss 0.9187, time 296.84ms, mfu 1.19%
iter 3590: loss 0.9242, time 296.67ms, mfu 1.20%
iter 3600: loss 0.9210, time 296.31ms, mfu 1.21%
iter 3610: loss 0.9018, time 296.59ms, mfu 1.21%
iter 3620: loss 0.9100, time 302.65ms, mfu 1.21%
iter 3630: loss 0.9224, time 334.05ms, mfu 1.20%
iter 3640: loss 0.9206, time 296.98ms, mfu 1.21%
iter 3650: loss 0.9057, time 344.33ms, mfu 1.20%
iter 3660: loss 0.9337, time 331.33ms, mfu 1.19%
iter 3670: loss 0.9412, time 333.20ms, mfu 1.18%
iter 3680: loss 0.9047, time 298.11ms, mfu 1.19%
iter 3690: loss 0.9335, time 297.53ms, mfu 1.19%
iter 3700: loss 0.8691, time 297.99ms, mfu 1.20%
iter 3710: loss 0.8781, time 296.89ms, mfu 1.21%
iter 3720: loss 0.8944, time 296.88ms, mfu 1.21%
iter 3730: loss 0.9029, time 298.02ms, mfu 1.21%
iter 3740: loss 0.9056, time 341.90ms, mfu 1.20%
step 3750: train loss 0.7376, val loss 1.6105
iter 3750: loss 0.8990, time 43264.49ms, mfu 1.08%
iter 3760: loss 0.9292, time 291.38ms, mfu 1.10%
iter 3770: loss 0.9310, time 296.65ms, mfu 1.12%
iter 3780: loss 0.9169, time 295.61ms, mfu 1.13%
iter 3790: loss 0.8956, time 295.45ms, mfu 1.15%
iter 3800: loss 0.9087, time 297.84ms, mfu 1.16%
iter 3810: loss 0.9206, time 296.29ms, mfu 1.17%
iter 3820: loss 0.8840, time 298.60ms, mfu 1.17%
iter 3830: loss 0.8991, time 295.57ms, mfu 1.18%
iter 3840: loss 0.8845, time 297.10ms, mfu 1.19%
iter 3850: loss 0.8885, time 295.59ms, mfu 1.20%
iter 3860: loss 0.8781, time 299.33ms, mfu 1.20%
iter 3870: loss 0.8899, time 296.41ms, mfu 1.21%
iter 3880: loss 0.8820, time 295.39ms, mfu 1.21%
iter 3890: loss 0.8941, time 293.22ms, mfu 1.22%
iter 3900: loss 0.8847, time 295.56ms, mfu 1.22%
iter 3910: loss 0.8880, time 294.83ms, mfu 1.23%
iter 3920: loss 0.8675, time 295.02ms, mfu 1.23%
iter 3930: loss 0.9008, time 295.63ms, mfu 1.23%
iter 3940: loss 0.8737, time 295.81ms, mfu 1.24%
iter 3950: loss 0.8770, time 295.81ms, mfu 1.24%
iter 3960: loss 0.9074, time 294.60ms, mfu 1.24%
iter 3970: loss 0.8932, time 295.04ms, mfu 1.24%
iter 3980: loss 0.9040, time 298.56ms, mfu 1.24%
iter 3990: loss 0.8733, time 294.03ms, mfu 1.25%
step 4000: train loss 0.7053, val loss 1.6329
iter 4000: loss 0.8620, time 41342.49ms, mfu 1.12%
iter 4010: loss 0.8743, time 321.82ms, mfu 1.13%
iter 4020: loss 0.8823, time 312.54ms, mfu 1.13%
iter 4030: loss 0.8799, time 307.79ms, mfu 1.14%
iter 4040: loss 0.8660, time 337.28ms, mfu 1.14%
iter 4050: loss 0.8691, time 315.17ms, mfu 1.14%
iter 4060: loss 0.8543, time 296.11ms, mfu 1.15%
iter 4070: loss 0.8597, time 294.27ms, mfu 1.16%
iter 4080: loss 0.8782, time 296.32ms, mfu 1.17%
iter 4090: loss 0.8461, time 294.45ms, mfu 1.18%
iter 4100: loss 0.8957, time 307.82ms, mfu 1.19%
iter 4110: loss 0.8611, time 307.15ms, mfu 1.19%
iter 4120: loss 0.8748, time 296.80ms, mfu 1.20%
iter 4130: loss 0.8593, time 310.45ms, mfu 1.20%
iter 4140: loss 0.8747, time 294.69ms, mfu 1.20%
iter 4150: loss 0.8664, time 295.75ms, mfu 1.21%
iter 4160: loss 0.8500, time 316.40ms, mfu 1.21%
iter 4170: loss 0.8736, time 330.38ms, mfu 1.20%
iter 4180: loss 0.8681, time 316.76ms, mfu 1.20%
iter 4190: loss 0.8788, time 302.07ms, mfu 1.20%
iter 4200: loss 0.8470, time 304.65ms, mfu 1.20%
iter 4210: loss 0.8770, time 300.42ms, mfu 1.21%
iter 4220: loss 0.8583, time 292.10ms, mfu 1.21%
iter 4230: loss 0.8738, time 295.70ms, mfu 1.22%
iter 4240: loss 0.8679, time 291.10ms, mfu 1.22%
step 4250: train loss 0.6727, val loss 1.6639
iter 4250: loss 0.8530, time 41686.97ms, mfu 1.10%
iter 4260: loss 0.8633, time 297.97ms, mfu 1.12%
iter 4270: loss 0.8643, time 295.79ms, mfu 1.13%
iter 4280: loss 0.8541, time 296.62ms, mfu 1.14%
iter 4290: loss 0.8354, time 295.88ms, mfu 1.16%
iter 4300: loss 0.8377, time 296.59ms, mfu 1.17%
iter 4310: loss 0.8428, time 291.90ms, mfu 1.18%
iter 4320: loss 0.8366, time 298.39ms, mfu 1.18%
iter 4330: loss 0.8632, time 296.11ms, mfu 1.19%
iter 4340: loss 0.8306, time 298.94ms, mfu 1.20%
iter 4350: loss 0.8352, time 299.72ms, mfu 1.20%
iter 4360: loss 0.8564, time 299.00ms, mfu 1.21%
iter 4370: loss 0.8503, time 300.06ms, mfu 1.21%
iter 4380: loss 0.8407, time 299.20ms, mfu 1.21%
iter 4390: loss 0.8601, time 299.13ms, mfu 1.22%
iter 4400: loss 0.8461, time 299.27ms, mfu 1.22%
iter 4410: loss 0.8651, time 299.72ms, mfu 1.22%
iter 4420: loss 0.8569, time 300.44ms, mfu 1.22%
iter 4430: loss 0.8442, time 300.72ms, mfu 1.23%
iter 4440: loss 0.8429, time 300.24ms, mfu 1.23%
iter 4450: loss 0.8529, time 300.02ms, mfu 1.23%
iter 4460: loss 0.8314, time 299.73ms, mfu 1.23%
iter 4470: loss 0.8514, time 301.56ms, mfu 1.23%
iter 4480: loss 0.8262, time 298.46ms, mfu 1.23%
iter 4490: loss 0.8485, time 298.06ms, mfu 1.23%
step 4500: train loss 0.6489, val loss 1.6868
iter 4500: loss 0.8515, time 42023.69ms, mfu 1.11%
iter 4510: loss 0.8455, time 300.93ms, mfu 1.12%
iter 4520: loss 0.8380, time 302.13ms, mfu 1.14%
iter 4530: loss 0.8390, time 299.67ms, mfu 1.15%
iter 4540: loss 0.8435, time 299.86ms, mfu 1.16%
iter 4550: loss 0.8696, time 300.88ms, mfu 1.16%
iter 4560: loss 0.8314, time 299.21ms, mfu 1.17%
iter 4570: loss 0.8399, time 302.00ms, mfu 1.18%
iter 4580: loss 0.8544, time 299.09ms, mfu 1.18%
iter 4590: loss 0.8527, time 309.86ms, mfu 1.19%
iter 4600: loss 0.8212, time 298.24ms, mfu 1.19%
iter 4610: loss 0.8562, time 298.87ms, mfu 1.20%
iter 4620: loss 0.8235, time 298.34ms, mfu 1.20%
iter 4630: loss 0.8194, time 297.02ms, mfu 1.21%
iter 4640: loss 0.8460, time 297.69ms, mfu 1.21%
iter 4650: loss 0.8538, time 297.28ms, mfu 1.22%
iter 4660: loss 0.8422, time 298.38ms, mfu 1.22%
iter 4670: loss 0.8412, time 298.90ms, mfu 1.22%
iter 4680: loss 0.8448, time 299.13ms, mfu 1.23%
iter 4690: loss 0.8462, time 296.90ms, mfu 1.23%
iter 4700: loss 0.8159, time 301.03ms, mfu 1.23%
iter 4710: loss 0.7828, time 297.48ms, mfu 1.23%
iter 4720: loss 0.8279, time 299.29ms, mfu 1.23%
iter 4730: loss 0.8105, time 297.53ms, mfu 1.23%
iter 4740: loss 0.8228, time 309.52ms, mfu 1.23%
step 4750: train loss 0.6307, val loss 1.7029
iter 4750: loss 0.7959, time 43740.67ms, mfu 1.11%
iter 4760: loss 0.8146, time 302.91ms, mfu 1.12%
iter 4770: loss 0.7971, time 306.90ms, mfu 1.13%
iter 4780: loss 0.8070, time 298.04ms, mfu 1.14%
iter 4790: loss 0.8261, time 318.55ms, mfu 1.15%
iter 4800: loss 0.8177, time 300.89ms, mfu 1.15%
iter 4810: loss 0.8339, time 297.93ms, mfu 1.16%
iter 4820: loss 0.8160, time 315.10ms, mfu 1.17%
iter 4830: loss 0.8193, time 291.81ms, mfu 1.18%
iter 4840: loss 0.8264, time 295.65ms, mfu 1.19%
iter 4850: loss 0.8142, time 295.12ms, mfu 1.19%
iter 4860: loss 0.8214, time 301.04ms, mfu 1.20%
iter 4870: loss 0.8040, time 304.94ms, mfu 1.20%
iter 4880: loss 0.8329, time 317.54ms, mfu 1.20%
iter 4890: loss 0.8069, time 298.98ms, mfu 1.20%
iter 4900: loss 0.7977, time 297.22ms, mfu 1.21%
iter 4910: loss 0.8261, time 298.90ms, mfu 1.21%
iter 4920: loss 0.8198, time 298.31ms, mfu 1.22%
iter 4930: loss 0.8073, time 304.98ms, mfu 1.22%
iter 4940: loss 0.7994, time 302.16ms, mfu 1.22%
iter 4950: loss 0.8211, time 301.79ms, mfu 1.22%
iter 4960: loss 0.8160, time 320.15ms, mfu 1.21%
iter 4970: loss 0.7873, time 301.84ms, mfu 1.22%
iter 4980: loss 0.7916, time 316.17ms, mfu 1.21%
iter 4990: loss 0.8199, time 318.48ms, mfu 1.21%
step 5000: train loss 0.6165, val loss 1.7112
iter 5000: loss 0.8112, time 43057.42ms, mfu 1.09%