Overriding config with config/train_shakespeare_char_run4_2layers.py:
# Baseline configuration
out_dir = 'out-shakespeare-2layers'
eval_interval = 250
eval_iters = 200
log_interval = 10
always_save_checkpoint = False
wandb_log = False
wandb_project = 'nanoGPT-assignment'
wandb_run_name = '2-layers'
dataset = 'shakespeare_char'
gradient_accumulation_steps = 1
batch_size = 64
block_size = 256
n_layer = 2 # changed
n_head = 6
n_embd = 384
dropout = 0.2
learning_rate = 1e-3
max_iters = 5000
lr_decay_iters = 5000
min_lr = 1e-4
beta2 = 0.99
warmup_iters = 100
weight_decay = 1e-1
device = 'mps' 
compile = False # change to 'cuda' if you have a GPU
# set True only on Linux with GPU
tokens per iteration will be: 16,384
found vocab_size = 65 (inside data/shakespeare_char/meta.pkl)
Initializing a new model from scratch
number of parameters: 3.57M
num decayed parameter tensors: 10, with 3,662,208 parameters
num non-decayed parameter tensors: 5, with 1,920 parameters
using fused AdamW: False
step 0: train loss 4.2460, val loss 4.2431
iter 0: loss 4.2559, time 14229.25ms, mfu -100.00%
iter 10: loss 3.3133, time 101.50ms, mfu 1.23%
iter 20: loss 2.9146, time 99.22ms, mfu 1.23%
iter 30: loss 2.6727, time 99.42ms, mfu 1.23%
iter 40: loss 2.5777, time 99.31ms, mfu 1.24%
iter 50: loss 2.5358, time 99.38ms, mfu 1.24%
iter 60: loss 2.4973, time 99.26ms, mfu 1.24%
iter 70: loss 2.4917, time 99.81ms, mfu 1.24%
iter 80: loss 2.5008, time 99.23ms, mfu 1.24%
iter 90: loss 2.4888, time 99.24ms, mfu 1.24%
iter 100: loss 2.4669, time 101.69ms, mfu 1.24%
iter 110: loss 2.4605, time 101.46ms, mfu 1.24%
iter 120: loss 2.4667, time 101.39ms, mfu 1.24%
iter 130: loss 2.4268, time 99.55ms, mfu 1.24%
iter 140: loss 2.4342, time 100.52ms, mfu 1.24%
iter 150: loss 2.4244, time 100.18ms, mfu 1.24%
iter 160: loss 2.3998, time 99.47ms, mfu 1.24%
iter 170: loss 2.3890, time 100.53ms, mfu 1.24%
iter 180: loss 2.3395, time 98.86ms, mfu 1.24%
iter 190: loss 2.3018, time 100.58ms, mfu 1.24%
iter 200: loss 2.2725, time 99.70ms, mfu 1.24%
iter 210: loss 2.2357, time 99.77ms, mfu 1.25%
iter 220: loss 2.1881, time 100.47ms, mfu 1.25%
iter 230: loss 2.1141, time 99.74ms, mfu 1.25%
iter 240: loss 2.0967, time 100.24ms, mfu 1.25%
step 250: train loss 1.9959, val loss 2.1136
saving checkpoint to out-shakespeare-2layers
iter 250: loss 2.0532, time 14623.60ms, mfu 1.12%
iter 260: loss 2.0494, time 99.80ms, mfu 1.13%
iter 270: loss 2.0237, time 104.52ms, mfu 1.14%
iter 280: loss 2.0059, time 103.31ms, mfu 1.15%
iter 290: loss 1.9782, time 104.49ms, mfu 1.15%
iter 300: loss 1.9211, time 104.73ms, mfu 1.16%
iter 310: loss 1.9174, time 104.80ms, mfu 1.16%
iter 320: loss 1.8679, time 105.78ms, mfu 1.16%
iter 330: loss 1.8635, time 105.27ms, mfu 1.16%
iter 340: loss 1.8503, time 104.97ms, mfu 1.17%
iter 350: loss 1.8137, time 104.60ms, mfu 1.17%
iter 360: loss 1.8426, time 105.49ms, mfu 1.17%
iter 370: loss 1.7864, time 105.83ms, mfu 1.17%
iter 380: loss 1.7807, time 105.61ms, mfu 1.17%
iter 390: loss 1.8000, time 104.89ms, mfu 1.17%
iter 400: loss 1.8017, time 106.24ms, mfu 1.17%
iter 410: loss 1.7651, time 104.61ms, mfu 1.18%
iter 420: loss 1.7209, time 104.23ms, mfu 1.18%
iter 430: loss 1.7156, time 105.53ms, mfu 1.18%
iter 440: loss 1.7317, time 104.38ms, mfu 1.18%
iter 450: loss 1.7011, time 103.64ms, mfu 1.18%
iter 460: loss 1.7052, time 104.48ms, mfu 1.18%
iter 470: loss 1.6739, time 103.62ms, mfu 1.19%
iter 480: loss 1.6922, time 107.68ms, mfu 1.18%
iter 490: loss 1.6749, time 103.83ms, mfu 1.18%
step 500: train loss 1.5801, val loss 1.7768
saving checkpoint to out-shakespeare-2layers
iter 500: loss 1.6836, time 14735.27ms, mfu 1.07%
iter 510: loss 1.6728, time 103.36ms, mfu 1.08%
iter 520: loss 1.6572, time 103.76ms, mfu 1.09%
iter 530: loss 1.6282, time 104.92ms, mfu 1.10%
iter 540: loss 1.6844, time 103.76ms, mfu 1.11%
iter 550: loss 1.6053, time 104.23ms, mfu 1.12%
iter 560: loss 1.6358, time 104.94ms, mfu 1.13%
iter 570: loss 1.6200, time 102.28ms, mfu 1.14%
iter 580: loss 1.6475, time 103.41ms, mfu 1.14%
iter 590: loss 1.5945, time 104.42ms, mfu 1.15%
iter 600: loss 1.6190, time 103.23ms, mfu 1.15%
iter 610: loss 1.6430, time 102.61ms, mfu 1.16%
iter 620: loss 1.5939, time 103.07ms, mfu 1.17%
iter 630: loss 1.5840, time 104.09ms, mfu 1.17%
iter 640: loss 1.5941, time 104.28ms, mfu 1.17%
iter 650: loss 1.5756, time 103.76ms, mfu 1.17%
iter 660: loss 1.5634, time 101.94ms, mfu 1.18%
iter 670: loss 1.5932, time 101.45ms, mfu 1.18%
iter 680: loss 1.6114, time 101.44ms, mfu 1.19%
iter 690: loss 1.5923, time 102.27ms, mfu 1.19%
iter 700: loss 1.5939, time 102.63ms, mfu 1.19%
iter 710: loss 1.5674, time 104.21ms, mfu 1.19%
iter 720: loss 1.5465, time 105.04ms, mfu 1.19%
iter 730: loss 1.5737, time 103.85ms, mfu 1.19%
iter 740: loss 1.5606, time 102.64ms, mfu 1.20%
step 750: train loss 1.4521, val loss 1.6731
saving checkpoint to out-shakespeare-2layers
iter 750: loss 1.5416, time 14820.71ms, mfu 1.08%
iter 760: loss 1.5686, time 104.43ms, mfu 1.09%
iter 770: loss 1.5364, time 103.97ms, mfu 1.10%
iter 780: loss 1.5585, time 102.88ms, mfu 1.11%
iter 790: loss 1.5578, time 102.26ms, mfu 1.12%
iter 800: loss 1.5477, time 103.30ms, mfu 1.13%
iter 810: loss 1.5311, time 104.23ms, mfu 1.14%
iter 820: loss 1.5452, time 101.81ms, mfu 1.15%
iter 830: loss 1.5223, time 102.71ms, mfu 1.15%
iter 840: loss 1.5145, time 104.10ms, mfu 1.16%
iter 850: loss 1.5316, time 102.02ms, mfu 1.16%
iter 860: loss 1.5072, time 102.04ms, mfu 1.17%
iter 870: loss 1.5138, time 101.61ms, mfu 1.18%
iter 880: loss 1.5234, time 102.67ms, mfu 1.18%
iter 890: loss 1.5197, time 103.69ms, mfu 1.18%
iter 900: loss 1.4968, time 102.96ms, mfu 1.19%
iter 910: loss 1.5045, time 102.18ms, mfu 1.19%
iter 920: loss 1.5144, time 102.57ms, mfu 1.19%
iter 930: loss 1.4945, time 102.02ms, mfu 1.19%
iter 940: loss 1.4706, time 102.47ms, mfu 1.20%
iter 950: loss 1.5066, time 102.60ms, mfu 1.20%
iter 960: loss 1.4928, time 103.10ms, mfu 1.20%
iter 970: loss 1.5016, time 101.68ms, mfu 1.20%
iter 980: loss 1.4914, time 101.22ms, mfu 1.21%
iter 990: loss 1.4830, time 101.16ms, mfu 1.21%
step 1000: train loss 1.3769, val loss 1.6022
saving checkpoint to out-shakespeare-2layers
iter 1000: loss 1.4953, time 14541.24ms, mfu 1.09%
iter 1010: loss 1.4871, time 100.51ms, mfu 1.10%
iter 1020: loss 1.5000, time 101.80ms, mfu 1.12%
iter 1030: loss 1.4830, time 102.19ms, mfu 1.13%
iter 1040: loss 1.4557, time 101.45ms, mfu 1.14%
iter 1050: loss 1.4673, time 102.67ms, mfu 1.14%
iter 1060: loss 1.4948, time 103.16ms, mfu 1.15%
iter 1070: loss 1.4597, time 101.44ms, mfu 1.16%
iter 1080: loss 1.4617, time 102.76ms, mfu 1.16%
iter 1090: loss 1.4844, time 104.14ms, mfu 1.17%
iter 1100: loss 1.4519, time 103.94ms, mfu 1.17%
iter 1110: loss 1.4565, time 103.55ms, mfu 1.17%
iter 1120: loss 1.4548, time 103.58ms, mfu 1.18%
iter 1130: loss 1.4386, time 101.51ms, mfu 1.18%
iter 1140: loss 1.4601, time 101.09ms, mfu 1.19%
iter 1150: loss 1.4505, time 101.70ms, mfu 1.19%
iter 1160: loss 1.4227, time 101.06ms, mfu 1.20%
iter 1170: loss 1.4672, time 101.85ms, mfu 1.20%
iter 1180: loss 1.4356, time 101.48ms, mfu 1.20%
iter 1190: loss 1.4363, time 100.99ms, mfu 1.21%
iter 1200: loss 1.4343, time 100.54ms, mfu 1.21%
iter 1210: loss 1.4587, time 101.04ms, mfu 1.21%
iter 1220: loss 1.4617, time 101.05ms, mfu 1.21%
iter 1230: loss 1.4478, time 100.49ms, mfu 1.22%
iter 1240: loss 1.4198, time 100.66ms, mfu 1.22%
step 1250: train loss 1.3331, val loss 1.5898
saving checkpoint to out-shakespeare-2layers
iter 1250: loss 1.4483, time 14533.62ms, mfu 1.10%
iter 1260: loss 1.4338, time 100.49ms, mfu 1.11%
iter 1270: loss 1.4160, time 101.06ms, mfu 1.12%
iter 1280: loss 1.4403, time 101.52ms, mfu 1.13%
iter 1290: loss 1.4403, time 100.32ms, mfu 1.15%
iter 1300: loss 1.4377, time 101.27ms, mfu 1.15%
iter 1310: loss 1.4309, time 102.28ms, mfu 1.16%
iter 1320: loss 1.4948, time 101.90ms, mfu 1.17%
iter 1330: loss 1.4397, time 101.95ms, mfu 1.17%
iter 1340: loss 1.4102, time 101.87ms, mfu 1.18%
iter 1350: loss 1.4018, time 101.64ms, mfu 1.18%
iter 1360: loss 1.4338, time 102.46ms, mfu 1.19%
iter 1370: loss 1.4439, time 102.23ms, mfu 1.19%
iter 1380: loss 1.4397, time 102.02ms, mfu 1.19%
iter 1390: loss 1.4344, time 102.07ms, mfu 1.20%
iter 1400: loss 1.4337, time 101.96ms, mfu 1.20%
iter 1410: loss 1.4142, time 102.68ms, mfu 1.20%
iter 1420: loss 1.4385, time 101.84ms, mfu 1.20%
iter 1430: loss 1.3907, time 101.84ms, mfu 1.20%
iter 1440: loss 1.4040, time 102.42ms, mfu 1.21%
iter 1450: loss 1.3865, time 102.08ms, mfu 1.21%
iter 1460: loss 1.4356, time 102.54ms, mfu 1.21%
iter 1470: loss 1.4240, time 102.92ms, mfu 1.21%
iter 1480: loss 1.4367, time 102.62ms, mfu 1.21%
iter 1490: loss 1.4176, time 102.68ms, mfu 1.21%
step 1500: train loss 1.2979, val loss 1.5630
saving checkpoint to out-shakespeare-2layers
iter 1500: loss 1.3750, time 14587.32ms, mfu 1.09%
iter 1510: loss 1.4324, time 102.82ms, mfu 1.10%
iter 1520: loss 1.3985, time 102.69ms, mfu 1.11%
iter 1530: loss 1.3944, time 103.32ms, mfu 1.12%
iter 1540: loss 1.4196, time 102.90ms, mfu 1.13%
iter 1550: loss 1.3780, time 103.21ms, mfu 1.14%
iter 1560: loss 1.4102, time 103.12ms, mfu 1.15%
iter 1570: loss 1.3857, time 103.63ms, mfu 1.15%
iter 1580: loss 1.4018, time 103.08ms, mfu 1.16%
iter 1590: loss 1.3985, time 103.39ms, mfu 1.16%
iter 1600: loss 1.4088, time 103.88ms, mfu 1.17%
iter 1610: loss 1.3997, time 103.52ms, mfu 1.17%
iter 1620: loss 1.4043, time 103.22ms, mfu 1.17%
iter 1630: loss 1.3941, time 103.52ms, mfu 1.18%
iter 1640: loss 1.3895, time 104.19ms, mfu 1.18%
iter 1650: loss 1.4102, time 103.55ms, mfu 1.18%
iter 1660: loss 1.4187, time 104.31ms, mfu 1.18%
iter 1670: loss 1.4059, time 103.86ms, mfu 1.19%
iter 1680: loss 1.3911, time 103.42ms, mfu 1.19%
iter 1690: loss 1.3605, time 103.67ms, mfu 1.19%
iter 1700: loss 1.4212, time 104.14ms, mfu 1.19%
iter 1710: loss 1.3830, time 103.18ms, mfu 1.19%
iter 1720: loss 1.3944, time 104.35ms, mfu 1.19%
iter 1730: loss 1.3880, time 103.77ms, mfu 1.19%
iter 1740: loss 1.4077, time 103.39ms, mfu 1.19%
step 1750: train loss 1.2700, val loss 1.5471
saving checkpoint to out-shakespeare-2layers
iter 1750: loss 1.3944, time 15106.14ms, mfu 1.08%
iter 1760: loss 1.3652, time 111.99ms, mfu 1.08%
iter 1770: loss 1.3719, time 110.15ms, mfu 1.08%
iter 1780: loss 1.3601, time 107.97ms, mfu 1.09%
iter 1790: loss 1.3686, time 104.79ms, mfu 1.10%
iter 1800: loss 1.3950, time 107.46ms, mfu 1.11%
iter 1810: loss 1.3791, time 104.52ms, mfu 1.12%
iter 1820: loss 1.3939, time 104.88ms, mfu 1.12%
iter 1830: loss 1.3582, time 104.94ms, mfu 1.13%
iter 1840: loss 1.3326, time 106.59ms, mfu 1.13%
iter 1850: loss 1.3968, time 103.91ms, mfu 1.14%
iter 1860: loss 1.4112, time 104.41ms, mfu 1.15%
iter 1870: loss 1.4086, time 104.74ms, mfu 1.15%
iter 1880: loss 1.3673, time 104.52ms, mfu 1.15%
iter 1890: loss 1.4000, time 104.38ms, mfu 1.16%
iter 1900: loss 1.3409, time 104.03ms, mfu 1.16%
iter 1910: loss 1.3671, time 104.55ms, mfu 1.17%
iter 1920: loss 1.4013, time 108.44ms, mfu 1.16%
iter 1930: loss 1.3735, time 113.20ms, mfu 1.16%
iter 1940: loss 1.3612, time 103.48ms, mfu 1.16%
iter 1950: loss 1.3680, time 105.09ms, mfu 1.17%
iter 1960: loss 1.3827, time 105.00ms, mfu 1.17%
iter 1970: loss 1.3720, time 105.71ms, mfu 1.17%
iter 1980: loss 1.3732, time 105.13ms, mfu 1.17%
iter 1990: loss 1.3668, time 105.52ms, mfu 1.17%
step 2000: train loss 1.2470, val loss 1.5461
saving checkpoint to out-shakespeare-2layers
iter 2000: loss 1.3249, time 15174.72ms, mfu 1.06%
iter 2010: loss 1.3562, time 106.59ms, mfu 1.07%
iter 2020: loss 1.3376, time 105.54ms, mfu 1.08%
iter 2030: loss 1.3835, time 105.39ms, mfu 1.09%
iter 2040: loss 1.3767, time 105.69ms, mfu 1.10%
iter 2050: loss 1.3394, time 105.64ms, mfu 1.11%
iter 2060: loss 1.3517, time 105.15ms, mfu 1.11%
iter 2070: loss 1.3604, time 105.76ms, mfu 1.12%
iter 2080: loss 1.3162, time 105.32ms, mfu 1.13%
iter 2090: loss 1.3687, time 105.52ms, mfu 1.13%
iter 2100: loss 1.3406, time 105.27ms, mfu 1.14%
iter 2110: loss 1.3593, time 105.50ms, mfu 1.14%
iter 2120: loss 1.3652, time 105.14ms, mfu 1.15%
iter 2130: loss 1.3411, time 105.43ms, mfu 1.15%
iter 2140: loss 1.3535, time 105.36ms, mfu 1.15%
iter 2150: loss 1.3788, time 104.98ms, mfu 1.16%
iter 2160: loss 1.3372, time 105.48ms, mfu 1.16%
iter 2170: loss 1.3355, time 105.09ms, mfu 1.16%
iter 2180: loss 1.3323, time 105.46ms, mfu 1.16%
iter 2190: loss 1.3471, time 105.03ms, mfu 1.17%
iter 2200: loss 1.3486, time 105.88ms, mfu 1.17%
iter 2210: loss 1.3560, time 105.62ms, mfu 1.17%
iter 2220: loss 1.3500, time 104.66ms, mfu 1.17%
iter 2230: loss 1.3414, time 105.50ms, mfu 1.17%
iter 2240: loss 1.3428, time 105.07ms, mfu 1.17%
step 2250: train loss 1.2251, val loss 1.5336
saving checkpoint to out-shakespeare-2layers
iter 2250: loss 1.3276, time 14985.66ms, mfu 1.06%
iter 2260: loss 1.3486, time 105.45ms, mfu 1.07%
iter 2270: loss 1.3368, time 104.16ms, mfu 1.08%
iter 2280: loss 1.3596, time 104.29ms, mfu 1.09%
iter 2290: loss 1.3400, time 103.98ms, mfu 1.10%
iter 2300: loss 1.3353, time 104.14ms, mfu 1.11%
iter 2310: loss 1.3342, time 104.39ms, mfu 1.12%
iter 2320: loss 1.3176, time 104.63ms, mfu 1.13%
iter 2330: loss 1.3307, time 103.40ms, mfu 1.14%
iter 2340: loss 1.3416, time 104.98ms, mfu 1.14%
iter 2350: loss 1.3446, time 111.26ms, mfu 1.14%
iter 2360: loss 1.3463, time 104.30ms, mfu 1.15%
iter 2370: loss 1.3231, time 103.03ms, mfu 1.15%
iter 2380: loss 1.3382, time 104.26ms, mfu 1.16%
iter 2390: loss 1.3038, time 102.66ms, mfu 1.16%
iter 2400: loss 1.3380, time 101.56ms, mfu 1.17%
iter 2410: loss 1.3340, time 104.41ms, mfu 1.17%
iter 2420: loss 1.3542, time 104.53ms, mfu 1.17%
iter 2430: loss 1.3553, time 104.35ms, mfu 1.18%
iter 2440: loss 1.3271, time 103.70ms, mfu 1.18%
iter 2450: loss 1.3519, time 104.47ms, mfu 1.18%
iter 2460: loss 1.3004, time 103.99ms, mfu 1.18%
iter 2470: loss 1.3309, time 104.27ms, mfu 1.18%
iter 2480: loss 1.3235, time 103.53ms, mfu 1.19%
iter 2490: loss 1.3283, time 103.62ms, mfu 1.19%
step 2500: train loss 1.2111, val loss 1.5334
saving checkpoint to out-shakespeare-2layers
iter 2500: loss 1.3146, time 14817.62ms, mfu 1.07%
iter 2510: loss 1.3023, time 106.72ms, mfu 1.08%
iter 2520: loss 1.3048, time 104.07ms, mfu 1.09%
iter 2530: loss 1.3506, time 103.76ms, mfu 1.10%
iter 2540: loss 1.3478, time 103.67ms, mfu 1.11%
iter 2550: loss 1.3134, time 104.13ms, mfu 1.12%
iter 2560: loss 1.2871, time 103.80ms, mfu 1.13%
iter 2570: loss 1.3179, time 103.64ms, mfu 1.14%
iter 2580: loss 1.3439, time 103.91ms, mfu 1.14%
iter 2590: loss 1.2976, time 103.74ms, mfu 1.15%
iter 2600: loss 1.3102, time 104.42ms, mfu 1.15%
iter 2610: loss 1.3473, time 103.65ms, mfu 1.16%
iter 2620: loss 1.3050, time 103.22ms, mfu 1.16%
iter 2630: loss 1.3125, time 103.90ms, mfu 1.17%
iter 2640: loss 1.3125, time 103.73ms, mfu 1.17%
iter 2650: loss 1.3106, time 102.99ms, mfu 1.17%
iter 2660: loss 1.3136, time 103.24ms, mfu 1.18%
iter 2670: loss 1.3349, time 103.50ms, mfu 1.18%
iter 2680: loss 1.2899, time 104.29ms, mfu 1.18%
iter 2690: loss 1.3311, time 103.33ms, mfu 1.18%
iter 2700: loss 1.3231, time 102.61ms, mfu 1.19%
iter 2710: loss 1.3162, time 103.59ms, mfu 1.19%
iter 2720: loss 1.2914, time 103.35ms, mfu 1.19%
iter 2730: loss 1.3174, time 103.22ms, mfu 1.19%
iter 2740: loss 1.2848, time 103.72ms, mfu 1.19%
step 2750: train loss 1.1906, val loss 1.5238
saving checkpoint to out-shakespeare-2layers
iter 2750: loss 1.2855, time 14718.28ms, mfu 1.08%
iter 2760: loss 1.3266, time 101.82ms, mfu 1.09%
iter 2770: loss 1.2960, time 103.98ms, mfu 1.10%
iter 2780: loss 1.2823, time 103.26ms, mfu 1.11%
iter 2790: loss 1.3170, time 103.25ms, mfu 1.12%
iter 2800: loss 1.2923, time 102.78ms, mfu 1.13%
iter 2810: loss 1.3023, time 102.56ms, mfu 1.14%
iter 2820: loss 1.2851, time 103.25ms, mfu 1.15%
iter 2830: loss 1.3152, time 102.45ms, mfu 1.15%
iter 2840: loss 1.2950, time 102.68ms, mfu 1.16%
iter 2850: loss 1.3312, time 103.05ms, mfu 1.16%
iter 2860: loss 1.3159, time 102.70ms, mfu 1.17%
iter 2870: loss 1.3352, time 102.93ms, mfu 1.17%
iter 2880: loss 1.2786, time 102.80ms, mfu 1.18%
iter 2890: loss 1.2851, time 103.41ms, mfu 1.18%
iter 2900: loss 1.3037, time 103.48ms, mfu 1.18%
iter 2910: loss 1.2955, time 102.48ms, mfu 1.19%
iter 2920: loss 1.2941, time 103.07ms, mfu 1.19%
iter 2930: loss 1.3136, time 102.36ms, mfu 1.19%
iter 2940: loss 1.2712, time 103.30ms, mfu 1.19%
iter 2950: loss 1.2766, time 102.84ms, mfu 1.20%
iter 2960: loss 1.2864, time 103.12ms, mfu 1.20%
iter 2970: loss 1.2869, time 102.94ms, mfu 1.20%
iter 2980: loss 1.2922, time 103.82ms, mfu 1.20%
iter 2990: loss 1.3232, time 103.16ms, mfu 1.20%
step 3000: train loss 1.1762, val loss 1.5131
saving checkpoint to out-shakespeare-2layers
iter 3000: loss 1.3097, time 14661.93ms, mfu 1.08%
iter 3010: loss 1.2850, time 101.99ms, mfu 1.09%
iter 3020: loss 1.2822, time 102.39ms, mfu 1.11%
iter 3030: loss 1.3175, time 103.75ms, mfu 1.12%
iter 3040: loss 1.2752, time 103.73ms, mfu 1.13%
iter 3050: loss 1.2677, time 102.49ms, mfu 1.13%
iter 3060: loss 1.3082, time 102.70ms, mfu 1.14%
iter 3070: loss 1.2659, time 102.60ms, mfu 1.15%
iter 3080: loss 1.3096, time 102.47ms, mfu 1.16%
iter 3090: loss 1.2859, time 102.92ms, mfu 1.16%
iter 3100: loss 1.2847, time 102.60ms, mfu 1.17%
iter 3110: loss 1.2575, time 102.54ms, mfu 1.17%
iter 3120: loss 1.2665, time 102.74ms, mfu 1.18%
iter 3130: loss 1.2833, time 102.56ms, mfu 1.18%
iter 3140: loss 1.2788, time 102.59ms, mfu 1.18%
iter 3150: loss 1.3065, time 102.93ms, mfu 1.19%
iter 3160: loss 1.2953, time 102.76ms, mfu 1.19%
iter 3170: loss 1.2792, time 102.21ms, mfu 1.19%
iter 3180: loss 1.3141, time 103.92ms, mfu 1.19%
iter 3190: loss 1.3021, time 102.28ms, mfu 1.20%
iter 3200: loss 1.2808, time 102.55ms, mfu 1.20%
iter 3210: loss 1.2493, time 102.43ms, mfu 1.20%
iter 3220: loss 1.3081, time 102.67ms, mfu 1.20%
iter 3230: loss 1.2727, time 102.45ms, mfu 1.20%
iter 3240: loss 1.2681, time 102.28ms, mfu 1.20%
step 3250: train loss 1.1597, val loss 1.5201
iter 3250: loss 1.2594, time 14561.58ms, mfu 1.09%
iter 3260: loss 1.3011, time 103.05ms, mfu 1.10%
iter 3270: loss 1.2676, time 101.40ms, mfu 1.11%
iter 3280: loss 1.2842, time 103.07ms, mfu 1.12%
iter 3290: loss 1.2552, time 101.92ms, mfu 1.13%
iter 3300: loss 1.2619, time 102.64ms, mfu 1.14%
iter 3310: loss 1.2736, time 102.63ms, mfu 1.15%
iter 3320: loss 1.2753, time 102.19ms, mfu 1.15%
iter 3330: loss 1.2831, time 102.35ms, mfu 1.16%
iter 3340: loss 1.2653, time 102.60ms, mfu 1.17%
iter 3350: loss 1.2983, time 102.49ms, mfu 1.17%
iter 3360: loss 1.2521, time 102.69ms, mfu 1.18%
iter 3370: loss 1.2837, time 102.32ms, mfu 1.18%
iter 3380: loss 1.2613, time 102.74ms, mfu 1.18%
iter 3390: loss 1.3094, time 102.17ms, mfu 1.19%
iter 3400: loss 1.2515, time 102.15ms, mfu 1.19%
iter 3410: loss 1.2662, time 102.33ms, mfu 1.19%
iter 3420: loss 1.2812, time 102.56ms, mfu 1.20%
iter 3430: loss 1.2534, time 102.55ms, mfu 1.20%
iter 3440: loss 1.2530, time 102.67ms, mfu 1.20%
iter 3450: loss 1.2893, time 102.30ms, mfu 1.20%
iter 3460: loss 1.2780, time 101.83ms, mfu 1.20%
iter 3470: loss 1.2474, time 102.33ms, mfu 1.21%
iter 3480: loss 1.2507, time 102.18ms, mfu 1.21%
iter 3490: loss 1.2616, time 102.64ms, mfu 1.21%
step 3500: train loss 1.1453, val loss 1.5036
saving checkpoint to out-shakespeare-2layers
iter 3500: loss 1.2835, time 14602.16ms, mfu 1.09%
iter 3510: loss 1.2523, time 100.82ms, mfu 1.10%
iter 3520: loss 1.2576, time 102.52ms, mfu 1.11%
iter 3530: loss 1.2571, time 102.31ms, mfu 1.12%
iter 3540: loss 1.2503, time 102.57ms, mfu 1.13%
iter 3550: loss 1.2403, time 102.15ms, mfu 1.14%
iter 3560: loss 1.2376, time 102.89ms, mfu 1.15%
iter 3570: loss 1.2510, time 102.55ms, mfu 1.16%
iter 3580: loss 1.2716, time 102.37ms, mfu 1.16%
iter 3590: loss 1.2814, time 102.00ms, mfu 1.17%
iter 3600: loss 1.2713, time 103.00ms, mfu 1.17%
iter 3610: loss 1.2425, time 103.02ms, mfu 1.18%
iter 3620: loss 1.2558, time 102.62ms, mfu 1.18%
iter 3630: loss 1.2608, time 102.13ms, mfu 1.18%
iter 3640: loss 1.2209, time 102.41ms, mfu 1.19%
iter 3650: loss 1.2797, time 101.90ms, mfu 1.19%
iter 3660: loss 1.2914, time 102.09ms, mfu 1.19%
iter 3670: loss 1.2385, time 102.47ms, mfu 1.20%
iter 3680: loss 1.2679, time 102.64ms, mfu 1.20%
iter 3690: loss 1.2272, time 102.11ms, mfu 1.20%
iter 3700: loss 1.2776, time 102.69ms, mfu 1.20%
iter 3710: loss 1.2415, time 101.95ms, mfu 1.20%
iter 3720: loss 1.2842, time 102.95ms, mfu 1.21%
iter 3730: loss 1.2738, time 102.97ms, mfu 1.21%
iter 3740: loss 1.2558, time 102.44ms, mfu 1.21%
step 3750: train loss 1.1328, val loss 1.5086
iter 3750: loss 1.2527, time 14578.06ms, mfu 1.09%
iter 3760: loss 1.2051, time 102.65ms, mfu 1.10%
iter 3770: loss 1.2340, time 103.62ms, mfu 1.11%
iter 3780: loss 1.2531, time 102.29ms, mfu 1.12%
iter 3790: loss 1.2838, time 102.71ms, mfu 1.13%
iter 3800: loss 1.2749, time 102.63ms, mfu 1.14%
iter 3810: loss 1.2641, time 102.39ms, mfu 1.15%
iter 3820: loss 1.2492, time 102.76ms, mfu 1.15%
iter 3830: loss 1.2502, time 102.23ms, mfu 1.16%
iter 3840: loss 1.2369, time 102.63ms, mfu 1.17%
iter 3850: loss 1.2427, time 102.04ms, mfu 1.17%
iter 3860: loss 1.2470, time 102.56ms, mfu 1.18%
iter 3870: loss 1.2689, time 102.24ms, mfu 1.18%
iter 3880: loss 1.2527, time 102.12ms, mfu 1.18%
iter 3890: loss 1.2368, time 102.99ms, mfu 1.19%
iter 3900: loss 1.2238, time 102.19ms, mfu 1.19%
iter 3910: loss 1.2546, time 102.67ms, mfu 1.19%
iter 3920: loss 1.2607, time 102.23ms, mfu 1.20%
iter 3930: loss 1.2677, time 103.01ms, mfu 1.20%
iter 3940: loss 1.2502, time 102.85ms, mfu 1.20%
iter 3950: loss 1.2586, time 102.55ms, mfu 1.20%
iter 3960: loss 1.2487, time 102.92ms, mfu 1.20%
iter 3970: loss 1.2506, time 102.54ms, mfu 1.20%
iter 3980: loss 1.2390, time 102.58ms, mfu 1.20%
iter 3990: loss 1.2307, time 103.26ms, mfu 1.20%
step 4000: train loss 1.1220, val loss 1.4996
saving checkpoint to out-shakespeare-2layers
iter 4000: loss 1.2447, time 14659.69ms, mfu 1.09%
iter 4010: loss 1.2473, time 101.28ms, mfu 1.10%
iter 4020: loss 1.2320, time 102.46ms, mfu 1.11%
iter 4030: loss 1.2541, time 102.10ms, mfu 1.12%
iter 4040: loss 1.2766, time 103.34ms, mfu 1.13%
iter 4050: loss 1.2340, time 103.06ms, mfu 1.14%
iter 4060: loss 1.2707, time 103.20ms, mfu 1.15%
iter 4070: loss 1.2861, time 102.50ms, mfu 1.15%
iter 4080: loss 1.2321, time 102.82ms, mfu 1.16%
iter 4090: loss 1.2707, time 103.04ms, mfu 1.16%
iter 4100: loss 1.2543, time 103.12ms, mfu 1.17%
iter 4110: loss 1.2271, time 103.20ms, mfu 1.17%
iter 4120: loss 1.2728, time 103.27ms, mfu 1.18%
iter 4130: loss 1.2318, time 103.28ms, mfu 1.18%
iter 4140: loss 1.2237, time 102.98ms, mfu 1.18%
iter 4150: loss 1.2528, time 102.84ms, mfu 1.19%
iter 4160: loss 1.2321, time 109.84ms, mfu 1.18%
iter 4170: loss 1.2561, time 110.63ms, mfu 1.18%
iter 4180: loss 1.2358, time 103.20ms, mfu 1.18%
iter 4190: loss 1.2287, time 108.43ms, mfu 1.18%
iter 4200: loss 1.2233, time 102.01ms, mfu 1.18%
iter 4210: loss 1.2443, time 102.68ms, mfu 1.18%
iter 4220: loss 1.2553, time 109.62ms, mfu 1.18%
iter 4230: loss 1.2549, time 101.78ms, mfu 1.18%
iter 4240: loss 1.2299, time 102.11ms, mfu 1.19%
step 4250: train loss 1.1149, val loss 1.5013
iter 4250: loss 1.2282, time 15288.34ms, mfu 1.07%
iter 4260: loss 1.2692, time 109.88ms, mfu 1.08%
iter 4270: loss 1.2708, time 106.76ms, mfu 1.09%
iter 4280: loss 1.2090, time 103.19ms, mfu 1.10%
iter 4290: loss 1.2360, time 106.96ms, mfu 1.10%
iter 4300: loss 1.2346, time 102.29ms, mfu 1.12%
iter 4310: loss 1.2447, time 102.59ms, mfu 1.13%
iter 4320: loss 1.2596, time 101.80ms, mfu 1.14%
iter 4330: loss 1.2394, time 102.59ms, mfu 1.14%
iter 4340: loss 1.2353, time 102.12ms, mfu 1.15%
iter 4350: loss 1.2498, time 103.08ms, mfu 1.16%
iter 4360: loss 1.2681, time 102.54ms, mfu 1.16%
iter 4370: loss 1.2349, time 102.41ms, mfu 1.17%
iter 4380: loss 1.2009, time 102.65ms, mfu 1.17%
iter 4390: loss 1.2277, time 102.90ms, mfu 1.18%
iter 4400: loss 1.1855, time 102.12ms, mfu 1.18%
iter 4410: loss 1.2339, time 109.05ms, mfu 1.18%
iter 4420: loss 1.2562, time 111.34ms, mfu 1.17%
iter 4430: loss 1.2431, time 112.52ms, mfu 1.17%
iter 4440: loss 1.2265, time 117.84ms, mfu 1.16%
iter 4450: loss 1.2292, time 100.54ms, mfu 1.16%
iter 4460: loss 1.2405, time 102.82ms, mfu 1.17%
iter 4470: loss 1.2444, time 102.16ms, mfu 1.17%
iter 4480: loss 1.2340, time 102.02ms, mfu 1.18%
iter 4490: loss 1.2227, time 105.30ms, mfu 1.18%
step 4500: train loss 1.1091, val loss 1.4988
saving checkpoint to out-shakespeare-2layers
iter 4500: loss 1.2357, time 15370.57ms, mfu 1.06%
iter 4510: loss 1.2397, time 101.07ms, mfu 1.08%
iter 4520: loss 1.2279, time 102.16ms, mfu 1.09%
iter 4530: loss 1.2439, time 102.89ms, mfu 1.11%
iter 4540: loss 1.2650, time 102.51ms, mfu 1.12%
iter 4550: loss 1.2496, time 102.58ms, mfu 1.13%
iter 4560: loss 1.2400, time 105.45ms, mfu 1.13%
iter 4570: loss 1.2352, time 108.15ms, mfu 1.13%
iter 4580: loss 1.2463, time 102.50ms, mfu 1.14%
iter 4590: loss 1.2125, time 103.59ms, mfu 1.15%
iter 4600: loss 1.2351, time 113.37ms, mfu 1.14%
iter 4610: loss 1.2385, time 108.26ms, mfu 1.14%
iter 4620: loss 1.2488, time 110.01ms, mfu 1.14%
iter 4630: loss 1.2250, time 111.89ms, mfu 1.14%
iter 4640: loss 1.1931, time 110.48ms, mfu 1.14%
iter 4650: loss 1.2031, time 100.03ms, mfu 1.15%
iter 4660: loss 1.2607, time 101.11ms, mfu 1.16%
iter 4670: loss 1.2456, time 101.77ms, mfu 1.17%
iter 4680: loss 1.2377, time 101.69ms, mfu 1.17%
iter 4690: loss 1.2357, time 108.95ms, mfu 1.17%
iter 4700: loss 1.2446, time 102.77ms, mfu 1.17%
iter 4710: loss 1.2248, time 102.17ms, mfu 1.18%
iter 4720: loss 1.2346, time 102.30ms, mfu 1.18%
iter 4730: loss 1.2308, time 102.05ms, mfu 1.19%
iter 4740: loss 1.2380, time 102.61ms, mfu 1.19%
step 4750: train loss 1.1032, val loss 1.5085
iter 4750: loss 1.2147, time 14591.40ms, mfu 1.07%
iter 4760: loss 1.2499, time 102.59ms, mfu 1.09%
iter 4770: loss 1.2062, time 101.84ms, mfu 1.10%
iter 4780: loss 1.2252, time 102.87ms, mfu 1.11%
iter 4790: loss 1.2299, time 100.01ms, mfu 1.12%
iter 4800: loss 1.2174, time 102.15ms, mfu 1.13%
iter 4810: loss 1.2196, time 101.88ms, mfu 1.14%
iter 4820: loss 1.1967, time 103.58ms, mfu 1.15%
iter 4830: loss 1.2353, time 103.10ms, mfu 1.16%
iter 4840: loss 1.2421, time 101.53ms, mfu 1.16%
iter 4850: loss 1.2487, time 104.88ms, mfu 1.17%
iter 4860: loss 1.2411, time 100.35ms, mfu 1.17%
iter 4870: loss 1.1795, time 103.72ms, mfu 1.18%
iter 4880: loss 1.2652, time 102.04ms, mfu 1.18%
iter 4890: loss 1.2751, time 102.74ms, mfu 1.18%
iter 4900: loss 1.2507, time 102.50ms, mfu 1.19%
iter 4910: loss 1.2125, time 102.13ms, mfu 1.19%
iter 4920: loss 1.2625, time 102.39ms, mfu 1.19%
iter 4930: loss 1.2062, time 102.10ms, mfu 1.20%
iter 4940: loss 1.2167, time 102.51ms, mfu 1.20%
iter 4950: loss 1.2470, time 102.69ms, mfu 1.20%
iter 4960: loss 1.2386, time 102.71ms, mfu 1.20%
iter 4970: loss 1.2548, time 106.50ms, mfu 1.20%
iter 4980: loss 1.2254, time 103.03ms, mfu 1.20%
iter 4990: loss 1.2429, time 101.68ms, mfu 1.20%
step 5000: train loss 1.0974, val loss 1.5058
iter 5000: loss 1.2211, time 14923.85ms, mfu 1.08%
